=== [TEST] Frontend library ===

> sta@5.0.0 pretest:unit
> node ../../scripts/select-frontend-config.mjs . sta.config.ts


> sta@5.0.0 test:unit
> vitest run

[33mThe CJS build of Vite's Node API is deprecated. See https://vite.dev/guide/troubleshooting.html#vite-cjs-node-api-deprecated for more details.[39m

 RUN  v1.6.1 /home/cyrusleung/st-annotator/core/frontend

 ✓ test/app/routes/backendProxy.test.ts  (9 tests) 49ms
 ✓ test/app/routes/editor/app/Keybinds.test.tsx  (14 tests) 38ms
 ✓ test/app/routes/editor/widgets/useOptimisticPaneParams.test.tsx  (8 tests) 66ms
 ✓ test/app/routes/editor/widgets/usePaneState.test.tsx  (7 tests) 99ms
 ✓ test/app/routes/editor/widgets/useSourceEvent.test.tsx  (10 tests) 107ms
 ✓ test/app/routes/editor/data/DataView.test.ts  (7 tests) 358ms
 ✓ test/app/routes/editor/scene/layer/LayerCollection.test.tsx  (6 tests) 190ms
 ✓ test/app/components/ConfigFieldTabs.test.tsx  (16 tests) 266ms
 ✓ test/app/components/FormControls.test.tsx  (8 tests) 223ms
 ✓ test/app/routes/label/repo/branches.test.ts  (15 tests) 46ms
 ✓ test/app/loaders.test.ts  (30 tests) 87ms
 ✓ test/app/routes/admin/accounts.test.ts  (17 tests) 65ms
 ✓ test/app/routes/editor/app/FramePlayback.test.ts  (11 tests) 21ms
 ✓ test/app/routes/editor/labelset/EditableBranch.test.ts  (16 tests) 315ms
 ✓ test/app/routes/editor/app/widgets/LabelsetEditor.test.ts  (10 tests) 371ms
 ✓ test/app/routes/AuthBoundaries.test.ts  (14 tests) 274ms
 ✓ test/app/routes/editor/nav/Navigators.test.ts  (21 tests) 494ms
 ✓ test/app/routes/project/task/frames.test.ts  (16 tests) 63ms
 ✓ test/app/routes/editor/scene/layer/SceneLayer.test.tsx  (7 tests) 191ms
 ✓ test/app/routes/editor/widgets/DraggablePanel.test.tsx  (5 tests) 102ms
 ✓ test/app/routes/editor/views/EditorViews.test.ts  (11 tests) 265ms
 ✓ test/app/routes/NonEditorRouteContracts.test.ts  (12 tests) 110ms
 ✓ test/app/routes/editor/app/widgets/Menus.test.tsx  (10 tests) 352ms
 ✓ test/common/utils/TransformUtils.test.ts  (11 tests) 643ms
 ✓ test/app/routes/editor/scene/display/SceneRenderer.test.tsx  (8 tests) 20ms
 ✓ test/app/routes/projects.test.ts  (20 tests) 10ms
 ✓ test/app/routes/editor/nav/FrameNavigatorConcurrency.test.ts  (11 tests) 639ms
 ✓ test/app/routes/editor/scene/display/SceneWindows.test.tsx  (8 tests) 315ms
 ✓ test/app/routes/project/tasks.test.ts  (11 tests) 63ms
 ✓ test/app/routes/source/jobs.test.ts  (15 tests) 25ms
 ✓ test/app/routes/editor/app/widgets/FramePathMenus.test.tsx  (7 tests) 1041ms
 ✓ test/app/routes/SettingsRoutes.test.ts  (8 tests) 109ms
 ✓ test/app/routes/editor/app/App.test.tsx  (11 tests) 327ms
 ✓ test/app/routes/editor/data/DataLookup.test.ts  (8 tests) 11ms
 ✓ test/app/routes/editor/points/PointBuffer.test.ts  (10 tests) 92ms
 ✓ test/app/routes/editor/widgets/pane/PaneEngineComponents.test.tsx  (7 tests) 9ms
 ✓ test/app/routes/editor/data/dataIndexLifecycle.test.ts  (4 tests) 24ms
stderr | test/common/utils/ThreeUtils.test.ts > ThreeUtils.checkSize() > should return 0 if size is NaN
The size must be non-negative. Found: NaN

stderr | test/common/utils/ThreeUtils.test.ts > ThreeUtils.checkSize() > should return -size if size < 0
The size must be non-negative. Found: -1.1618240636674963e-72
The size must be non-negative. Found: -1.7976931348623145e+308
The size must be non-negative. Found: -5.130957761452302e+247
The size must be non-negative. Found: -1.43e-322
The size must be non-negative. Found: -9.816144079835453e+253
The size must be non-negative. Found: -1.7976931348623035e+308
The size must be non-negative. Found: -0.0008916753748779816
The size must be non-negative. Found: -2.827541295100429e-89
The size must be non-negative. Found: -1.73e-322
The size must be non-negative. Found: -1.7976931348623151e+308
The size must be non-negative. Found: -7.3777428969872785e-258
The size must be non-negative. Found: -2.47e-322
The size must be non-negative. Found: -1.17435827875519e+247
The size must be non-negative. Found: -2.27e-322
The size must be non-negative. Found: -4.674102804241467e+25
The size must be non-negative. Found: -1.466528408597318e+249
The size must be non-negative. Found: -7277.757219139878
The size must be non-negative. Found: -1.294568480632617e+85
The size must be non-negative. Found: -6.956245684892816e+224
The size must be non-negative. Found: -1.5e-322
The size must be non-negative. Found: -4.748621821683516e+190
The size must be non-negative. Found: -2.835854444167281e-233
The size must be non-negative. Found: -1.2979053863387383e+58
The size must be non-negative. Found: -8.435265843444338e+136
The size must be non-negative. Found: -7.7046212613113e-53
The size must be non-negative. Found: -2.27e-322
The size must be non-negative. Found: -6.571563151959652e-121
The size must be non-negative. Found: -1.43e-322
The size must be non-negative. Found: -8.322352512354126e+268
The size must be non-negative. Found: -2.96e-322
The size must be non-negative. Found: -4.8314985197734635e+225
The size must be non-negative. Found: -2.67e-322
The size must be non-negative. Found: -1.797693134862307e+308
The size must be non-negative. Found: -1.1335175237841743e+45
The size must be non-negative. Found: -2.7e-322
The size must be non-negative. Found: -1.7928587069442055e+270
The size must be non-negative. Found: -2e-323
The size must be non-negative. Found: -2.3429319031542877e+299
The size must be non-negative. Found: -9.238217311519919e-160
The size must be non-negative. Found: -1.7976931348623067e+308
The size must be non-negative. Found: -1.7e-322
The size must be non-negative. Found: -1.4539469734106287e-36
The size must be non-negative. Found: -6.104743838651427e+168
The size must be non-negative. Found: -2.8883609791080295e-273
The size must be non-negative. Found: -1.6350094080138167e+97
The size must be non-negative. Found: -1.7976931348623157e+308
The size must be non-negative. Found: -6.838321508914844e+187
The size must be non-negative. Found: -1.9122784180082288e+263
The size must be non-negative. Found: -2.421058775174211e-142
The size must be non-negative. Found: -2.5e-322
The size must be non-negative. Found: -6.822904052977577e+220
The size must be non-negative. Found: -8.935896616687401e-293
The size must be non-negative. Found: -3.31304185606577e-298
The size must be non-negative. Found: -2.4e-322
The size must be non-negative. Found: -2.7e-322
The size must be non-negative. Found: -1.3915171058370898e-298
The size must be non-negative. Found: -2.37e-322
The size must be non-negative. Found: -1.7314037667407605e+49
The size must be non-negative. Found: -1.2910771034579477e+297
The size must be non-negative. Found: -7.415741586685655e-267
The size must be non-negative. Found: -2.1438952642142186e+120
The size must be non-negative. Found: -4.790829650059271e+94
The size must be non-negative. Found: -1.7976931348623055e+308
The size must be non-negative. Found: -1.3364599988711315e-87
The size must be non-negative. Found: -3.8342326031667896e+71
The size must be non-negative. Found: -2.17e-322
The size must be non-negative. Found: -5.61032278380189e-14
The size must be non-negative. Found: -1.4e-322
The size must be non-negative. Found: -2.9199209135114563e+91
The size must be non-negative. Found: -1.997773556697139e+301
The size must be non-negative. Found: -3.8137142042785544e-106
The size must be non-negative. Found: -1.391103651699585e+100
The size must be non-negative. Found: -1.7e-322
The size must be non-negative. Found: -1.8704828519327313e-202
The size must be non-negative. Found: -1.24e-322
The size must be non-negative. Found: -1.6635267730451986e+286
The size must be non-negative. Found: -7.67334039434355e+130
The size must be non-negative. Found: -2.3545846638146532e-182
The size must be non-negative. Found: -1.7e-322
The size must be non-negative. Found: -1.4323313581542427e-302
The size must be non-negative. Found: -1.7506607028853135e+250
The size must be non-negative. Found: -3.306026408630491e-147
The size must be non-negative. Found: -4.6439820962086475e-236
The size must be non-negative. Found: -1.7976931348623137e+308
The size must be non-negative. Found: -7.155716012230832e-40
The size must be non-negative. Found: -6e-323
The size must be non-negative. Found: -1.5e-322
The size must be non-negative. Found: -8.05042505071482e+208
The size must be non-negative. Found: -6.209829404222777e-287
The size must be non-negative. Found: -1.5e-322
The size must be non-negative. Found: -7.733393401628813e+29
The size must be non-negative. Found: -3.180649458934114e+122
The size must be non-negative. Found: -5.55091862623623e+143
The size must be non-negative. Found: -6.200165915760373e-274
The size must be non-negative. Found: -1.9386674017900592e+211
The size must be non-negative. Found: -1.24e-322
The size must be non-negative. Found: -1.422386264906567e+228
The size must be non-negative. Found: -3.93133546573965e-62
The size must be non-negative. Found: -2.704575238002724e-245
The size must be non-negative. Found: -4065898490.8378167

stderr | test/common/utils/ThreeUtils.test.ts > ThreeUtils.checkOpacity() > should return 0 if opacity is NaN
The opacity must be in the range [0, 1]. Found: NaN

stderr | test/common/utils/ThreeUtils.test.ts > ThreeUtils.checkOpacity() > should return 0 if opacity < 0
The opacity must be in the range [0, 1]. Found: NaN
The opacity must be in the range [0, 1]. Found: -1.7976931348623087e+308
The opacity must be in the range [0, 1]. Found: -5.9638674641782895e+113
The opacity must be in the range [0, 1]. Found: -1.7976931348623041e+308
The opacity must be in the range [0, 1]. Found: -1.7976931348623075e+308
The opacity must be in the range [0, 1]. Found: -2.47e-322
The opacity must be in the range [0, 1]. Found: -3.166603028263077e-154
The opacity must be in the range [0, 1]. Found: -2.08e-322
The opacity must be in the range [0, 1]. Found: -1.73e-322
The opacity must be in the range [0, 1]. Found: -2.03e-322
The opacity must be in the range [0, 1]. Found: -1.7976931348623083e+308
The opacity must be in the range [0, 1]. Found: -2.2058862797101667e+123
The opacity must be in the range [0, 1]. Found: -1.7976931348623047e+308
The opacity must be in the range [0, 1]. Found: -1.9414046607984029e-78
The opacity must be in the range [0, 1]. Found: -2.1e-322
The opacity must be in the range [0, 1]. Found: -4.103745032940725e-88
The opacity must be in the range [0, 1]. Found: -1.7976931348623153e+308
The opacity must be in the range [0, 1]. Found: -8.121860841289352e+182
The opacity must be in the range [0, 1]. Found: -1.7976931348623141e+308
The opacity must be in the range [0, 1]. Found: -1.3249716713621294e-255
The opacity must be in the range [0, 1]. Found: -3.708818428308095e+114
The opacity must be in the range [0, 1]. Found: -6.1555436406538226e+202
The opacity must be in the range [0, 1]. Found: -1.73e-322
The opacity must be in the range [0, 1]. Found: -1.2168186903838992e+274
The opacity must be in the range [0, 1]. Found: -1.0489550067456717e-78
The opacity must be in the range [0, 1]. Found: -9e-323
The opacity must be in the range [0, 1]. Found: -3.324207581619074e+75
The opacity must be in the range [0, 1]. Found: -1.9e-322
The opacity must be in the range [0, 1]. Found: -5e-323
The opacity must be in the range [0, 1]. Found: -185031664.15030372
The opacity must be in the range [0, 1]. Found: -7e-323
The opacity must be in the range [0, 1]. Found: -2.3146173525872413e+45
The opacity must be in the range [0, 1]. Found: -3.354536069922958e-214
The opacity must be in the range [0, 1]. Found: -2.6e-322
The opacity must be in the range [0, 1]. Found: -5.183923733184856e-60
The opacity must be in the range [0, 1]. Found: -2.4265282348840797e+105
The opacity must be in the range [0, 1]. Found: -1.7891772682855874e+249
The opacity must be in the range [0, 1]. Found: -2.8264877444072108e+78
The opacity must be in the range [0, 1]. Found: -6.7728953453199546e-127
The opacity must be in the range [0, 1]. Found: -1.8e-322
The opacity must be in the range [0, 1]. Found: -2.5921287155003416e+35
The opacity must be in the range [0, 1]. Found: -4.71897862108697e+127
The opacity must be in the range [0, 1]. Found: -1.0198622113812596e-263
The opacity must be in the range [0, 1]. Found: -1.0249935655295896e-255
The opacity must be in the range [0, 1]. Found: -5.145856994651744e+213
The opacity must be in the range [0, 1]. Found: -5.924138633362027e-252
The opacity must be in the range [0, 1]. Found: -1.9e-322
The opacity must be in the range [0, 1]. Found: -1.0878329336549152e-212
The opacity must be in the range [0, 1]. Found: -2.9958120546964114e+182
The opacity must be in the range [0, 1]. Found: -1.2393712407080122e-50
The opacity must be in the range [0, 1]. Found: -1.1827092964172567e-32
The opacity must be in the range [0, 1]. Found: -2.419617729300059e-143
The opacity must be in the range [0, 1]. Found: -1.5829360394764323e+122
The opacity must be in the range [0, 1]. Found: -1.1335033713389909e+260
The opacity must be in the range [0, 1]. Found: -1.797693134862312e+308
The opacity must be in the range [0, 1]. Found: -1.4464573551809731e+26
The opacity must be in the range [0, 1]. Found: -5.2063459986078993e-70
The opacity must be in the range [0, 1]. Found: -5.332153398129498e-224
The opacity must be in the range [0, 1]. Found: -3.773050603431588e+57
The opacity must be in the range [0, 1]. Found: -8.626898489899284e-237
The opacity must be in the range [0, 1]. Found: -3.4917097935063745e+51
The opacity must be in the range [0, 1]. Found: -1.3424904988072346e-15
The opacity must be in the range [0, 1]. Found: -9.130978795647128e+138
The opacity must be in the range [0, 1]. Found: -1.4982541286487342e+62
The opacity must be in the range [0, 1]. Found: -1.7976931348623095e+308
The opacity must be in the range [0, 1]. Found: -1.7976931348623077e+308
The opacity must be in the range [0, 1]. Found: -3.844415292952764e+158
The opacity must be in the range [0, 1]. Found: -3.052509847220616e+231
The opacity must be in the range [0, 1]. Found: -4.058320939486026e+286
The opacity must be in the range [0, 1]. Found: -4.328441089064029e-192
The opacity must be in the range [0, 1]. Found: -2.7093976566792828e-194
The opacity must be in the range [0, 1]. Found: -5.6648967020517064e+209
The opacity must be in the range [0, 1]. Found: -3.7465059051510736e+204
The opacity must be in the range [0, 1]. Found: -9.80576444958466e-14
The opacity must be in the range [0, 1]. Found: -4.4e-323
The opacity must be in the range [0, 1]. Found: -1.6300669415452916e-117
The opacity must be in the range [0, 1]. Found: -4.947515986834936e-211
The opacity must be in the range [0, 1]. Found: -3.7397726762392785e+105
The opacity must be in the range [0, 1]. Found: -1.7976931348623125e+308
The opacity must be in the range [0, 1]. Found: -5.80690221635768e-243
The opacity must be in the range [0, 1]. Found: -1.9136043198655903e-42
The opacity must be in the range [0, 1]. Found: -1.7552110829027974e-230
The opacity must be in the range [0, 1]. Found: -1.7976931348623043e+308
The opacity must be in the range [0, 1]. Found: -1.874266130098876e+114
The opacity must be in the range [0, 1]. Found: -1.6e-322
The opacity must be in the range [0, 1]. Found: -9.230547123359121e+36
The opacity must be in the range [0, 1]. Found: -1.7976931348623111e+308
The opacity must be in the range [0, 1]. Found: -2.683752790593416e-225
The opacity must be in the range [0, 1]. Found: -3.976473456386628e+99
The opacity must be in the range [0, 1]. Found: -2.3e-322
The opacity must be in the range [0, 1]. Found: -3.167177531951784e-293
The opacity must be in the range [0, 1]. Found: -2.5506447157445127e-146
The opacity must be in the range [0, 1]. Found: -2.67e-322
The opacity must be in the range [0, 1]. Found: -1.1890164169423226e-176
The opacity must be in the range [0, 1]. Found: -7.746728434468559e+195
The opacity must be in the range [0, 1]. Found: -2.77885599006856e-65
The opacity must be in the range [0, 1]. Found: -1.0255714576766294e-237
The opacity must be in the range [0, 1]. Found: -1.0786945698286513e-37
The opacity must be in the range [0, 1]. Found: -1.3e-322
The opacity must be in the range [0, 1]. Found: -4.346993380769237e-145

stderr | test/common/utils/ThreeUtils.test.ts > ThreeUtils.checkOpacity() > should return 1 if opacity > 1
The opacity must be in the range [0, 1]. Found: 1.7976931348623103e+308
The opacity must be in the range [0, 1]. Found: 1.7976931348623113e+308
The opacity must be in the range [0, 1]. Found: 2.467492274767207e+27
The opacity must be in the range [0, 1]. Found: 1.7976931348623085e+308
The opacity must be in the range [0, 1]. Found: 1.7976931348623103e+308
The opacity must be in the range [0, 1]. Found: 4.928386286966836e+254
The opacity must be in the range [0, 1]. Found: 251.01086339459414
The opacity must be in the range [0, 1]. Found: 1.0000000000000058
The opacity must be in the range [0, 1]. Found: 1.7976931348623133e+308
The opacity must be in the range [0, 1]. Found: 1.0000000000000018
The opacity must be in the range [0, 1]. Found: 4.609897149567521e+174
The opacity must be in the range [0, 1]. Found: 3.608971341132523e+27
The opacity must be in the range [0, 1]. Found: 1.7976931348623083e+308
The opacity must be in the range [0, 1]. Found: 4.315778837919826e+204
The opacity must be in the range [0, 1]. Found: 3.364993253932049e+301
The opacity must be in the range [0, 1]. Found: 1.920392605744611e+296
The opacity must be in the range [0, 1]. Found: 1.349719040126971e+123
The opacity must be in the range [0, 1]. Found: 9.887728083560312e+192
The opacity must be in the range [0, 1]. Found: 2.1678694479050845e+195
The opacity must be in the range [0, 1]. Found: 1.000000000000013
The opacity must be in the range [0, 1]. Found: 1.9801175930453163e+301
The opacity must be in the range [0, 1]. Found: 1.5598490253721062e+211
The opacity must be in the range [0, 1]. Found: 8.667024144675229e+133
The opacity must be in the range [0, 1]. Found: 1.0000000000000022
The opacity must be in the range [0, 1]. Found: 68136551878547810000
The opacity must be in the range [0, 1]. Found: 2.2233560342245445e+229
The opacity must be in the range [0, 1]. Found: 1.000000000000002
The opacity must be in the range [0, 1]. Found: 1.7976931348623107e+308
The opacity must be in the range [0, 1]. Found: 2.148854188237525e+306
The opacity must be in the range [0, 1]. Found: 6.19397418486292e+41
The opacity must be in the range [0, 1]. Found: 8.837817596218092e+227
The opacity must be in the range [0, 1]. Found: 2.8840846366805326e+156
The opacity must be in the range [0, 1]. Found: 1.0000000000000122
The opacity must be in the range [0, 1]. Found: 9.62513247586239e+199
The opacity must be in the range [0, 1]. Found: 1.045940125910883e+49
The opacity must be in the range [0, 1]. Found: 4.9384468553443905e+160
The opacity must be in the range [0, 1]. Found: 1.0000000000000129
The opacity must be in the range [0, 1]. Found: 3.852256087763329e+249
The opacity must be in the range [0, 1]. Found: 5.340853325858897e+158
The opacity must be in the range [0, 1]. Found: 1.0000000000000033
The opacity must be in the range [0, 1]. Found: 4.3847467226435704e+284
The opacity must be in the range [0, 1]. Found: 8.979229011311371e+116
The opacity must be in the range [0, 1]. Found: 2.184564715141966e+21
The opacity must be in the range [0, 1]. Found: 2.0803238059642728e+285
The opacity must be in the range [0, 1]. Found: 1.3036311754998449e+133
The opacity must be in the range [0, 1]. Found: 1.6406901306153872e+204
The opacity must be in the range [0, 1]. Found: 1.0563175566847047e+98
The opacity must be in the range [0, 1]. Found: 1.1055622145852558e+244
The opacity must be in the range [0, 1]. Found: 1.4613518087573524e+166
The opacity must be in the range [0, 1]. Found: 1.274940723174995e+188
The opacity must be in the range [0, 1]. Found: 1.0000000000000033
The opacity must be in the range [0, 1]. Found: 5.954116028267576e+207
The opacity must be in the range [0, 1]. Found: 6.124271742333025e+48
The opacity must be in the range [0, 1]. Found: 1.7976931348623141e+308
The opacity must be in the range [0, 1]. Found: 1.0000000000000062
The opacity must be in the range [0, 1]. Found: 8.008611195025453e+21
The opacity must be in the range [0, 1]. Found: 1.0000000000000049
The opacity must be in the range [0, 1]. Found: 1.3260631816707652e+198
The opacity must be in the range [0, 1]. Found: 1.0183785478700304e+109
The opacity must be in the range [0, 1]. Found: 1.0000000000000018
The opacity must be in the range [0, 1]. Found: 6625785230.763717
The opacity must be in the range [0, 1]. Found: 2.9372676378969477e+54
The opacity must be in the range [0, 1]. Found: 1.5075119479346998e+74
The opacity must be in the range [0, 1]. Found: 3.01377376298687e+243
The opacity must be in the range [0, 1]. Found: 1.797693134862305e+308
The opacity must be in the range [0, 1]. Found: 6.198395830865129e+140
The opacity must be in the range [0, 1]. Found: 1.0018275979189147e+21
The opacity must be in the range [0, 1]. Found: 4.503850019546073e+174
The opacity must be in the range [0, 1]. Found: 1.7976931348623051e+308
The opacity must be in the range [0, 1]. Found: 1.8728044280963927e+212
The opacity must be in the range [0, 1]. Found: 1.7976931348623077e+308
The opacity must be in the range [0, 1]. Found: 1.7976931348623047e+308
The opacity must be in the range [0, 1]. Found: 3.8615975449755226e+270
The opacity must be in the range [0, 1]. Found: 1.0000000000000107
The opacity must be in the range [0, 1]. Found: 1.0000000000000104
The opacity must be in the range [0, 1]. Found: 1.7976931348623051e+308
The opacity must be in the range [0, 1]. Found: 3.0327217367885984e+241
The opacity must be in the range [0, 1]. Found: 5.023210240379498e+285
The opacity must be in the range [0, 1]. Found: 2.2775488441343233e+262
The opacity must be in the range [0, 1]. Found: 2.9722157007639176e+175
The opacity must be in the range [0, 1]. Found: 2.3609321206360135e+90
The opacity must be in the range [0, 1]. Found: 1.0000000000000135
The opacity must be in the range [0, 1]. Found: 1.0000000000000007
The opacity must be in the range [0, 1]. Found: 1.0000000000000135
The opacity must be in the range [0, 1]. Found: 1.0000000000000078
The opacity must be in the range [0, 1]. Found: 1.7976931348623051e+308
The opacity must be in the range [0, 1]. Found: 3.36328000570391e+151
The opacity must be in the range [0, 1]. Found: 4.710832603202378e+193
The opacity must be in the range [0, 1]. Found: 5.676093350793933e+88
The opacity must be in the range [0, 1]. Found: 1.4684318536695286e+113
The opacity must be in the range [0, 1]. Found: 6.454695955448633e+131
The opacity must be in the range [0, 1]. Found: 1.7976931348623137e+308
The opacity must be in the range [0, 1]. Found: 4.038170747861693e+27
The opacity must be in the range [0, 1]. Found: 5.559166870710252e+257
The opacity must be in the range [0, 1]. Found: 1.1122353768969535e+294
The opacity must be in the range [0, 1]. Found: 2.7509969906030367e+24
The opacity must be in the range [0, 1]. Found: 4.59802740125416e+225
The opacity must be in the range [0, 1]. Found: 1.0000000000000053
The opacity must be in the range [0, 1]. Found: 6.866330496459122e+200
The opacity must be in the range [0, 1]. Found: 3.3391478153046134e+305

 ✓ test/common/utils/ThreeUtils.test.ts  (12 tests) 415ms
 ✓ test/app/routes/editor/app/widgets/LayersMenu.test.tsx  (4 tests) 975ms
 ✓ test/app/routes/editor/utils/VanillaEventDispatcher.test.ts  (10 tests) 9ms
 ✓ test/common/utils/FuncUtils.test.ts  (2 tests) 343ms
 ✓ test/app/routes/editor/app/widgets/FrameInspectorPane.test.tsx  (5 tests) 316ms
 ✓ test/app/routes/editor/scene/display/SceneDisplay.test.tsx  (3 tests) 92ms
 ✓ test/app/routes/editor/widgets/VirtualCollections.test.tsx  (4 tests) 1159ms
 ✓ test/app/routes/editor/points/ValueFunc.test.ts  (7 tests) 27ms
 ✓ test/app/serverContracts.test.ts  (9 tests) 406ms
 ✓ test/app/routes/editor/store/mapEditorState.test.ts  (11 tests) 74ms
 ✓ test/app/routes/projects.config.test.tsx  (5 tests) 290ms
 ✓ test/app/routes/editor/runtime.test.ts  (8 tests) 42ms
 ✓ test/app/routes/editor/data/WindowDataLoader.test.ts  (3 tests) 107ms
 ✓ test/app/routes/editor/store/LoadingIntentGuards.test.ts  (11 tests) 140ms
 ✓ test/app/routes/editor/app/widgets/LayersPane.test.tsx  (5 tests) 902ms
 ✓ test/app/routes/editor/app/widgets/SceneSelectionPane.test.tsx  (3 tests) 412ms
 ✓ test/common/spatial/vectors.test.ts  (16 tests) 694ms
 ✓ test/app/routes/editor/store/EditorStore.react.test.tsx  (3 tests) 236ms
 ✓ test/app/routes/editor/store/useEditorStoreRuntime.test.tsx  (2 tests) 33ms
 ✓ test/app/components/slickgrid/pagination.test.ts  (10 tests) 6ms
 ✓ test/app/routes/editor/app/widgets/ProjectMenus.test.tsx  (5 tests) 1326ms
 ✓ test/app/routes/editor/EditorRuntimeProvider.test.tsx  (19 tests) 1182ms
 ✓ test/app/routes/editor/scene/SceneContext.test.ts  (4 tests) 22ms
 ✓ test/common/utils/MathUtils.test.ts  (16 tests) 135ms
 ✓ test/app/routes/editor/points/ColorBlender.test.ts  (4 tests) 5ms
 ✓ test/app/routes/editor/app/widgets/FramePathPane.test.tsx  (2 tests) 286ms
 ✓ test/app/routes/editor/utils/EventSubscriptions.test.ts  (5 tests) 24ms
 ✓ test/app/routes/editor/scene/controls/TransformControls.test.tsx  (3 tests) 64ms
 ✓ test/app/routes/source/files.test.ts  (11 tests) 37ms
 ✓ test/app/routes/editor/labelset/BiMapWithPlaceholderLookup.test.ts  (6 tests) 14ms
 ✓ test/app/routes/editor/app/EditorState.test.tsx  (3 tests) 34ms
 ✓ test/app/models/types.test.ts  (9 tests) 4ms
 ✓ test/app/components/slickgrid/options.test.ts  (4 tests) 6ms
 ✓ test/app/routes/editor/app/widgets/LayerSelector.test.tsx  (2 tests) 44ms
 ✓ test/app/routes/editor/plugin-widgets/LabelClassSelectionPane.test.tsx  (3 tests) 121ms
 ✓ test/app/forms.test.ts  (5 tests) 11ms
 ✓ test/app/routes/editor/app/widgets/ProjectPane.test.tsx  (2 tests) 126ms
 ✓ test/app/routes/editor/widgets/BaseWrapperPanes.test.tsx  (3 tests) 297ms
 ✓ test/app/routes/GroupRoutes.test.ts  (3 tests) 17ms
 ✓ test/common/utils/DateUtils.test.ts  (15 tests) 356ms
 ✓ test/app/routes/editor/store/EditorIntents.react.test.tsx  (2 tests) 19ms
 ✓ test/common/utils/CollectionUtils.test.ts  (14 tests) 2902ms
 ✓ test/app/root.test.tsx  (5 tests) 14ms
 ✓ test/app/routes/editor/scene/tools/Clipboard.test.tsx  (1 test) 60ms
 ✓ test/app/routes/editor/scene/tools/ScenePointer.test.tsx  (3 tests) 30ms
 ✓ test/app/routes/editor/widgets/tweakpane-custom-plugins/RadiogridDisabledPatch.test.tsx  (3 tests) 193ms
 ✓ test/app/routes/editor/store/createEditorStore.test.ts  (5 tests) 52ms
 ✓ test/app/components/slickgrid/pagination.react.test.tsx  (1 test) 68ms
 ✓ test/app/errors.test.ts  (8 tests) 5ms
 ✓ test/app/routes/label/specs/objclass/selections.test.ts  (7 tests) 10ms
 ✓ test/app/routes/editor/app/widgets/LayerSelectionPane.test.tsx  (1 test) 439ms
 ✓ test/app/routes/editor/app/widgets/TweakpaneLayout.test.tsx  (2 tests) 63ms
 ✓ test/app/routes/editor/plugin-widgets/ActionGridPane.test.tsx  (2 tests) 419ms
 ✓ test/app/routes/editor/views/FairKeyedQueue.test.ts  (2 tests) 182ms
 ✓ test/app/backend.test.ts  (3 tests) 4ms
 ✓ test/app/routes/editor/models.test.ts  (2 tests) 7ms
 ✓ test/app/build-hash.server.test.ts  (3 tests) 14ms
 ✓ test/app/routes/editor/data/readResponseWithProgress.test.ts  (2 tests) 8ms
 ✓ test/app/models/common.test.tsx  (3 tests) 43ms
 ✓ test/app/routes/editor/widgets/InspectorHandle.test.ts  (2 tests) 6ms
 ✓ test/app/routes/editor/widgets/InspectorPaneRenderTrigger.test.ts  (1 test) 6ms
 ✓ test/app/routes/editor/e2eProbeContributors.test.ts  (2 tests) 5ms
 ✓ test/app/routes/editor/scene/widgets/CoreScenePanes.test.tsx  (1 test) 8ms
 ✓ test/common/utils/TypeUtils.test.ts  (1 test) 3ms
 ✓ test/app/routes/editor/colors/Colormap.test.ts  (5 tests) 148ms
 ✓ test/app/routes/label/specs/objclass/definitions.test.ts  (3 tests) 5ms
 ✓ test/app/components/slickgrid/client.test.ts  (1 test) 469ms
 ✓ test/app/routes/editor/points/widgets/ColorBlenderPane.test.tsx  (1 test) 7ms
 ✓ test/common/utils/testing/utils/interfaces/stubs.test.ts  (8 tests) 118ms
 ✓ test/app/routes/editor/editor.test.ts  (5 tests) 8ms
 ✓ test/app/routes/editor/editorLoader.test.ts  (1 test) 61ms
 ✓ test/app/routes/editor/config/CoordinateFormat.test.ts  (4 tests) 71ms
 ✓ test/app/routes/editor/runtimeModules.test.ts  (1 test) 3ms

 Test Files  110 passed (110)
      Tests  781 passed (781)
   Start at  08:49:41
   Duration  12.48s (transform 16.75s, setup 20ms, collect 117.82s, tests 23.72s, environment 109.92s, prepare 25.73s)

[TEST frontend:bbox] === [TEST] Frontend of bbox plugin ===
[TEST frontend:gmesh] === [TEST] Frontend of gmesh plugin ===
[TEST frontend:pcd] === [TEST] Frontend of pcd plugin ===
[TEST frontend:segmentation] === [TEST] Frontend of segmentation plugin ===
[TEST frontend:vector] === [TEST] Frontend of vector plugin ===
[TEST frontend:gmesh] 
[TEST frontend:gmesh] > sta-gmesh@5.0.0 test:unit
[TEST frontend:gmesh] > vitest run
[TEST frontend:gmesh] 
[TEST frontend:vector] 
[TEST frontend:vector] > sta-vector@5.0.0 test:unit
[TEST frontend:vector] > vitest run
[TEST frontend:vector] 
[TEST frontend:bbox] 
[TEST frontend:bbox] > sta-bbox@5.0.0 test:unit
[TEST frontend:bbox] > vitest run
[TEST frontend:bbox] 
[TEST frontend:pcd] 
[TEST frontend:pcd] > sta-pcd@5.0.0 test:unit
[TEST frontend:pcd] > vitest run
[TEST frontend:pcd] 
[TEST frontend:segmentation] 
[TEST frontend:segmentation] > sta-segmentation@5.0.0 test:unit
[TEST frontend:segmentation] > vitest run
[TEST frontend:segmentation] 
[TEST frontend:gmesh] 
[TEST frontend:gmesh]  RUN  v1.6.1 /home/cyrusleung/st-annotator/plugins/gmesh/frontend
[TEST frontend:gmesh] 
[TEST frontend:pcd] 
[TEST frontend:pcd]  RUN  v1.6.1 /home/cyrusleung/st-annotator/plugins/pcd/frontend
[TEST frontend:pcd] 
[TEST frontend:vector] 
[TEST frontend:vector]  RUN  v1.6.1 /home/cyrusleung/st-annotator/plugins/vector/frontend
[TEST frontend:vector] 
[TEST frontend:bbox] 
[TEST frontend:bbox]  RUN  v1.6.1 /home/cyrusleung/st-annotator/plugins/bbox/frontend
[TEST frontend:bbox] 
[TEST frontend:segmentation] 
[TEST frontend:segmentation]  RUN  v1.6.1 /home/cyrusleung/st-annotator/plugins/segmentation/frontend
[TEST frontend:segmentation] 
[TEST frontend:gmesh]  ✓ test/app/editor/scene/tools/SnapToGroundMesh.test.ts  (3 tests) 24ms
[TEST frontend:gmesh]  ✓ test/app/source/files/action.test.ts  (3 tests) 15ms
[TEST frontend:gmesh]  ✓ test/app/source/data/metadata.bounds.test.tsx  (4 tests) 154ms
[TEST frontend:gmesh]  ✓ test/app/source/data/metadata.route.test.ts  (25 tests) 151ms
[TEST frontend:segmentation]  ✓ test/app/editor/scene/tools/PointPrompter.test.ts  (4 tests) 14ms
[TEST frontend:pcd]  ✓ test/app/source/files/action.test.ts  (7 tests) 18ms
[TEST frontend:pcd]  ✓ test/app/source/specs/specs.test.ts  (22 tests) 55ms
[TEST frontend:pcd]  ✓ test/app/source/specs/preprocessors.test.tsx  (13 tests) 244ms
[TEST frontend:pcd]  ✓ test/app/source/data/metadata.route.test.ts  (26 tests) 176ms
[TEST frontend:segmentation]  ✓ test/app/editor/scene/data/SegmentationDecode.test.ts  (2 tests) 6ms
[TEST frontend:vector]  ✓ test/app/label/data/route.test.ts  (2 tests) 14ms
[TEST frontend:segmentation]  ✓ test/app/editor/scene/utils/VectorUtils.test.ts  (4 tests) 5ms
[TEST frontend:bbox]  ✓ test/app/editor/scene/data/Polyline.test.ts  (5 tests) 102ms
[TEST frontend:segmentation]  ✓ test/app/label/data/route.test.ts  (2 tests) 38ms
[TEST frontend:bbox]  ✓ test/app/editor/scene/data/BoundingBox.test.ts  (8 tests) 182ms
[TEST frontend:bbox]  ✓ test/app/editor/scene/data/LabelClass.test.ts  (2 tests) 75ms
[TEST frontend:bbox]  ✓ test/app/label/data/route.test.ts  (3 tests) 18ms
[TEST frontend:bbox]  ✓ test/app/editor/scene/data/BoundingCuboid.test.ts  (14 tests) 360ms
[TEST frontend:bbox]  ✓ test/app/editor/scene/data/BoundingCylinder.test.ts  (14 tests) 631ms
[TEST frontend:gmesh]  ✓ test/app/editor/scene/layer/GroundMeshSlice.test.ts  (3 tests) 11ms
[TEST frontend:gmesh]  ✓ test/app/editor/widgets/GmeshSettingsPanes.test.tsx  (2 tests) 6ms
[TEST frontend:gmesh]  ✓ test/app/editor/scene/data/GroundMeshLookup.test.ts  (5 tests) 54ms
[TEST frontend:gmesh]  ✓ test/app/editor/scene/layer/GroundMeshLayer.test.ts  (1 test) 19ms
[TEST frontend:gmesh]  ✓ test/app/editor/scene/data/GroundMesh.test.ts  (2 tests) 14ms
[TEST frontend:vector]  ✓ test/index.test.ts  (1 test) 12ms
[TEST frontend:pcd]  ✓ test/app/editor/scene/layer/PointCloudSlice.test.ts  (4 tests) 8ms
[TEST frontend:vector]  ✓ test/app/editor/widgets/VectorSettingsPane.test.tsx  (2 tests) 7ms
[TEST frontend:pcd]  ✓ test/app/editor/widgets/PcdSettingsPanes.test.tsx  (2 tests) 23ms
[TEST frontend:vector]  ✓ test/app/editor/scene/tools/LabelVectorClipboard.test.ts  (3 tests) 27ms
[TEST frontend:pcd]  ✓ test/app/editor/scene/data/PointCloudLookup.test.ts  (10 tests) 65ms
[TEST frontend:vector]  ✓ test/app/editor/scene/data/VectorIndexView.test.ts  (4 tests) 44ms
[TEST frontend:vector]  ✓ test/app/editor/scene/data/VectorLookup.test.ts  (3 tests) 18ms
[TEST frontend:vector]  ✓ test/app/editor/widgets/VectorModePanes.test.tsx  (2 tests) 293ms
[TEST frontend:vector]  ✓ test/app/editor/scene/layer/VectorTooltip.test.ts  (4 tests) 8ms
[TEST frontend:vector]  ✓ test/app/editor/scene/layer/VectorSlice.test.ts  (18 tests) 36ms
[TEST frontend:vector]  ✓ test/app/editor/scene/data/labelset/UpdateOps.test.ts  (9 tests) 69ms
[TEST frontend:pcd]  ✓ test/app/editor/scene/layer/PointCloudLayer.test.ts  (1 test) 304ms
[TEST frontend:vector] stderr | test/app/editor/scene/data/labelset/StaleSelectionRaces.test.ts > vector delete versus edit races (item 14) > delete queued in the same turn as a stale inspector edit applies the delete and skips the stale op
[TEST frontend:vector] Skipped operation whose target label disappeared:
[TEST frontend:vector] Operation {
[TEST frontend:vector]   dataView: VectorView {
[TEST frontend:vector]     _frame: EditableFrame { views: {} },
[TEST frontend:vector]     loader: VectorLoader { lookup: [Object], context: [Object], timeWidth: 0 },
[TEST frontend:vector]     context: {
[TEST frontend:vector]       config: EditorConfig {},
[TEST frontend:vector]       currentLabelBranch: [TestBranch],
[TEST frontend:vector]       frames: [Object]
[TEST frontend:vector]     }
[TEST frontend:vector]   },
[TEST frontend:vector]   opParams: { vector_id: 'vector-a', gt_class_id: 2 },
[TEST frontend:vector]   op: AssignClass { opParams: { vector_id: 'vector-a', gt_class_id: 2 } }
[TEST frontend:vector] }
[TEST frontend:vector] Skipped operation whose target label disappeared:
[TEST frontend:vector] Operation {
[TEST frontend:vector]   dataView: VectorView {
[TEST frontend:vector]     _frame: EditableFrame { views: {} },
[TEST frontend:vector]     loader: VectorLoader { lookup: [Object], context: [Object], timeWidth: 0 },
[TEST frontend:vector]     context: {
[TEST frontend:vector]       config: EditorConfig {},
[TEST frontend:vector]       currentLabelBranch: [TestBranch],
[TEST frontend:vector]       frames: [Object]
[TEST frontend:vector]     }
[TEST frontend:vector]   },
[TEST frontend:vector]   opParams: { vector_id: 'vector-a', gt_class_id: 2 },
[TEST frontend:vector]   op: AssignClass { opParams: { vector_id: 'vector-a', gt_class_id: 2 } }
[TEST frontend:vector] }
[TEST frontend:vector] 
[TEST frontend:vector] stderr | test/app/editor/scene/data/labelset/StaleSelectionRaces.test.ts > vector delete versus edit races (item 14) > delete queued in the same turn as a stale geometry edit applies the delete and skips the stale op
[TEST frontend:vector] Skipped operation whose target label disappeared:
[TEST frontend:vector] Operation {
[TEST frontend:vector]   dataView: VectorView {
[TEST frontend:vector]     _frame: EditableFrame { views: {} },
[TEST frontend:vector]     loader: VectorLoader { lookup: [Object], context: [Object], timeWidth: 0 },
[TEST frontend:vector]     context: {
[TEST frontend:vector]       config: EditorConfig {},
[TEST frontend:vector]       currentLabelBranch: [TestBranch],
[TEST frontend:vector]       frames: [Object]
[TEST frontend:vector]     }
[TEST frontend:vector]   },
[TEST frontend:vector]   opParams: {
[TEST frontend:vector]     vector_id: 'vector-a',
[TEST frontend:vector]     mode: 'vertex',
[TEST frontend:vector]     vertices: { type: 'Polygon', coords: [Array] }
[TEST frontend:vector]   },
[TEST frontend:vector]   op: EditVectorGeometry {
[TEST frontend:vector]     opParams: { vector_id: 'vector-a', mode: 'vertex', vertices: [Object] }
[TEST frontend:vector]   }
[TEST frontend:vector] }
[TEST frontend:vector] Skipped operation whose target label disappeared:
[TEST frontend:vector] Operation {
[TEST frontend:vector]   dataView: VectorView {
[TEST frontend:vector]     _frame: EditableFrame { views: {} },
[TEST frontend:vector]     loader: VectorLoader { lookup: [Object], context: [Object], timeWidth: 0 },
[TEST frontend:vector]     context: {
[TEST frontend:vector]       config: EditorConfig {},
[TEST frontend:vector]       currentLabelBranch: [TestBranch],
[TEST frontend:vector]       frames: [Object]
[TEST frontend:vector]     }
[TEST frontend:vector]   },
[TEST frontend:vector]   opParams: {
[TEST frontend:vector]     vector_id: 'vector-a',
[TEST frontend:vector]     mode: 'vertex',
[TEST frontend:vector]     vertices: { type: 'Polygon', coords: [Array] }
[TEST frontend:vector]   },
[TEST frontend:vector]   op: EditVectorGeometry {
[TEST frontend:vector]     opParams: { vector_id: 'vector-a', mode: 'vertex', vertices: [Object] }
[TEST frontend:vector]   }
[TEST frontend:vector] }
[TEST frontend:vector] 
[TEST frontend:vector] stderr | test/app/editor/scene/data/labelset/StaleSelectionRaces.test.ts > vector delete versus edit races (item 14) > delete queued in the same turn as a stale second delete applies the delete and skips the stale op
[TEST frontend:vector] Skipped operation whose target label disappeared:
[TEST frontend:vector] Operation {
[TEST frontend:vector]   dataView: VectorView {
[TEST frontend:vector]     _frame: EditableFrame { views: {} },
[TEST frontend:vector]     loader: VectorLoader { lookup: [Object], context: [Object], timeWidth: 0 },
[TEST frontend:vector]     context: {
[TEST frontend:vector]       config: EditorConfig {},
[TEST frontend:vector]       currentLabelBranch: [TestBranch],
[TEST frontend:vector]       frames: [Object]
[TEST frontend:vector]     }
[TEST frontend:vector]   },
[TEST frontend:vector]   opParams: { vector_id: 'vector-a' },
[TEST frontend:vector]   op: Delete { opParams: { vector_id: 'vector-a' } }
[TEST frontend:vector] }
[TEST frontend:vector] Skipped operation whose target label disappeared:
[TEST frontend:vector] Operation {
[TEST frontend:vector]   dataView: VectorView {
[TEST frontend:vector]     _frame: EditableFrame { views: {} },
[TEST frontend:vector]     loader: VectorLoader { lookup: [Object], context: [Object], timeWidth: 0 },
[TEST frontend:vector]     context: {
[TEST frontend:vector]       config: EditorConfig {},
[TEST frontend:vector]       currentLabelBranch: [TestBranch],
[TEST frontend:vector]       frames: [Object]
[TEST frontend:vector]     }
[TEST frontend:vector]   },
[TEST frontend:vector]   opParams: { vector_id: 'vector-a' },
[TEST frontend:vector]   op: Delete { opParams: { vector_id: 'vector-a' } }
[TEST frontend:vector] }
[TEST frontend:vector] 
[TEST frontend:vector] stderr | test/app/editor/scene/data/labelset/StaleSelectionRaces.test.ts > vector delete versus edit races (item 14) > undo restores the deleted vector under its id and redoing the stale edit stays safe
[TEST frontend:vector] Skipped operation whose target label disappeared:
[TEST frontend:vector] Operation {
[TEST frontend:vector]   dataView: VectorView {
[TEST frontend:vector]     _frame: EditableFrame { views: {} },
[TEST frontend:vector]     loader: VectorLoader { lookup: [Object], context: [Object], timeWidth: 0 },
[TEST frontend:vector]     context: {
[TEST frontend:vector]       config: EditorConfig {},
[TEST frontend:vector]       currentLabelBranch: [TestBranch],
[TEST frontend:vector]       frames: [Object]
[TEST frontend:vector]     }
[TEST frontend:vector]   },
[TEST frontend:vector]   opParams: { vector_id: 'vector-a', gt_class_id: 2 },
[TEST frontend:vector]   op: AssignClass { opParams: { vector_id: 'vector-a', gt_class_id: 2 } }
[TEST frontend:vector] }
[TEST frontend:vector] Skipped operation whose target label disappeared:
[TEST frontend:vector] Operation {
[TEST frontend:vector]   dataView: VectorView {
[TEST frontend:vector]     _frame: EditableFrame { views: {} },
[TEST frontend:vector]     loader: VectorLoader { lookup: [Object], context: [Object], timeWidth: 0 },
[TEST frontend:vector]     context: {
[TEST frontend:vector]       config: EditorConfig {},
[TEST frontend:vector]       currentLabelBranch: [TestBranch],
[TEST frontend:vector]       frames: [Object]
[TEST frontend:vector]     }
[TEST frontend:vector]   },
[TEST frontend:vector]   opParams: { vector_id: 'vector-a', gt_class_id: 2 },
[TEST frontend:vector]   op: AssignClass { opParams: { vector_id: 'vector-a', gt_class_id: 2 } }
[TEST frontend:vector] }
[TEST frontend:vector] 
[TEST frontend:vector]  ✓ test/app/editor/widgets/VectorTweakpanePanes.test.tsx  (3 tests) 633ms
[TEST frontend:gmesh]  ✓ test/app/editor/widgets/GmeshPaneContainers.test.tsx  (4 tests) 840ms
[TEST frontend:vector]  ✓ test/app/editor/scene/data/labelset/StaleSelectionRaces.test.ts  (7 tests) 280ms
[TEST frontend:gmesh] 
[TEST frontend:gmesh]  Test Files  10 passed (10)
[TEST frontend:gmesh]       Tests  52 passed (52)
[TEST frontend:gmesh]    Start at  08:49:55
[TEST frontend:gmesh]    Duration  7.43s (transform 4.45s, setup 0ms, collect 29.12s, tests 1.29s, environment 10.11s, prepare 5.82s)
[TEST frontend:gmesh] 
[TEST frontend:pcd]  ✓ test/app/editor/scene/data/PointCloud.test.ts  (3 tests) 167ms
[TEST frontend:pcd]  ✓ test/app/editor/widgets/MainCameraPreferencesMenu.test.tsx  (2 tests) 322ms
[TEST frontend:segmentation]  ✓ test/app/editor/scene/tools/QueryCurators.test.ts  (4 tests) 12ms
[TEST frontend:vector]  ✓ test/app/editor/scene/layer/LoadingIntentGuards.test.ts  (6 tests) 214ms
[TEST frontend:vector]  ✓ test/app/editor/widgets/VectorLabelTrees.test.tsx  (3 tests) 599ms
[TEST frontend:bbox]  ✓ test/app/editor/scene/data/LabelTrack.test.ts  (1 test) 17ms
[TEST frontend:bbox]  ✓ test/app/editor/scene/tools/LabelBoxClipboard.test.ts  (3 tests) 6ms
[TEST frontend:bbox]  ✓ test/app/editor/scene/data/BBoxClassState.test.ts  (2 tests) 5ms
[TEST frontend:vector]  ✓ test/app/editor/scene/layer/InteractStates.test.tsx  (19 tests) 718ms
[TEST frontend:vector]  ✓ test/app/editor/widgets/VectorInspectorCoordinators.test.tsx  (5 tests) 1046ms
[TEST frontend:pcd]  ✓ test/app/editor/widgets/PcdPaneContainers.test.tsx  (8 tests) 1054ms
[TEST frontend:segmentation]  ✓ test/app/editor/scene/data/LabelInstance.test.ts  (1 test) 6ms
[TEST frontend:segmentation]  ✓ test/app/editor/widgets/SegmentationSettingsPane.test.tsx  (2 tests) 4ms
[TEST frontend:pcd] 
[TEST frontend:pcd]  Test Files  11 passed (11)
[TEST frontend:pcd]       Tests  98 passed (98)
[TEST frontend:pcd]    Start at  08:49:55
[TEST frontend:pcd]    Duration  8.20s (transform 5.93s, setup 1ms, collect 36.45s, tests 2.44s, environment 13.53s, prepare 5.60s)
[TEST frontend:pcd] 
[TEST frontend:segmentation]  ✓ test/app/editor/scene/data/SegmentationIndexView.test.ts  (8 tests) 26ms
[TEST frontend:segmentation]  ✓ test/app/editor/scene/data/LabelSelection.test.ts  (1 test) 9ms
[TEST frontend:vector]  ✓ test/app/editor/scene/layer/VectorInteractionColor.test.ts  (1 test) 7ms
[TEST frontend:bbox]  ✓ test/index.test.ts  (1 test) 33ms
[TEST frontend:bbox]  ✓ test/app/editor/scene/data/LabelBox.test.ts  (2 tests) 170ms
[TEST frontend:segmentation]  ✓ test/app/editor/widgets/SegmentationModePanes.test.tsx  (3 tests) 186ms
[TEST frontend:bbox]  ✓ test/app/editor/scene/data/BBoxLookup.test.ts  (3 tests) 41ms
[TEST frontend:segmentation]  ✓ test/index.test.ts  (1 test) 9ms
[TEST frontend:segmentation]  ✓ test/app/editor/scene/data/SegmentationLookup.test.ts  (3 tests) 16ms
[TEST frontend:vector]  ✓ test/app/editor/widgets/VectorLayerOverlays.test.tsx  (1 test) 427ms
[TEST frontend:segmentation] stderr | test/assistant.test.ts > SegmentationReceiver (labeling assistant) > reports a failed encoding
[TEST frontend:segmentation] The labeling assistant failed to encode the point cloud.
[TEST frontend:segmentation] 
[TEST frontend:segmentation] stderr | test/assistant.test.ts > SegmentationReceiver (labeling assistant) > returns null when the assistant fails to predict a mask
[TEST frontend:segmentation] Failed to predict mask: {}
[TEST frontend:segmentation] 
[TEST frontend:segmentation]  ✓ test/assistant.test.ts  (14 tests) 60ms
[TEST frontend:segmentation]  ✓ test/app/editor/scene/layer/SegmentationTooltip.test.ts  (8 tests) 7ms
[TEST frontend:segmentation]  ✓ test/app/editor/scene/data/SegmentationLoader.test.ts  (1 test) 57ms
[TEST frontend:segmentation]  ✓ test/app/editor/scene/layer/SegmentationSlice.test.ts  (18 tests) 18ms
[TEST frontend:segmentation]  ✓ test/app/editor/scene/data/labelset/UpdateOps.test.ts  (12 tests) 41ms
[TEST frontend:bbox]  ✓ test/app/editor/widgets/BBoxSettingsPane.test.tsx  (1 test) 7ms
[TEST frontend:bbox]  ✓ test/app/editor/scene/data/BBoxIndexView.test.ts  (5 tests) 34ms
[TEST frontend:bbox]  ✓ test/app/editor/scene/data/LabelBoxTransformMonitor.test.ts  (2 tests) 16ms
[TEST frontend:bbox]  ✓ test/app/editor/scene/data/TransformBox.test.ts  (4 tests) 20ms
[TEST frontend:segmentation] stderr | test/app/editor/scene/data/labelset/StaleSelectionRaces.test.ts > segmentation delete versus edit races (item 14) > delete queued in the same turn as a stale inspector edit applies the delete and skips the stale op
[TEST frontend:segmentation] Skipped operation whose target label disappeared:
[TEST frontend:segmentation] Operation {
[TEST frontend:segmentation]   dataView: SegmentationView {
[TEST frontend:segmentation]     _frame: EditableFrame { views: {} },
[TEST frontend:segmentation]     loader: SegmentationLoader {
[TEST frontend:segmentation]       lookup: [Object],
[TEST frontend:segmentation]       context: [Object],
[TEST frontend:segmentation]       timeWidth: 0
[TEST frontend:segmentation]     },
[TEST frontend:segmentation]     context: {
[TEST frontend:segmentation]       config: EditorConfig {},
[TEST frontend:segmentation]       currentLabelBranch: [TestBranch],
[TEST frontend:segmentation]       frames: [Object]
[TEST frontend:segmentation]     }
[TEST frontend:segmentation]   },
[TEST frontend:segmentation]   opParams: { selection_id: 'selection-a', perceived_class_id: 2 },
[TEST frontend:segmentation]   op: AssignClass {
[TEST frontend:segmentation]     opParams: { selection_id: 'selection-a', perceived_class_id: 2 }
[TEST frontend:segmentation]   }
[TEST frontend:segmentation] }
[TEST frontend:segmentation] Skipped operation whose target label disappeared:
[TEST frontend:segmentation] Operation {
[TEST frontend:segmentation]   dataView: SegmentationView {
[TEST frontend:segmentation]     _frame: EditableFrame { views: {} },
[TEST frontend:segmentation]     loader: SegmentationLoader {
[TEST frontend:segmentation]       lookup: [Object],
[TEST frontend:segmentation]       context: [Object],
[TEST frontend:segmentation]       timeWidth: 0
[TEST frontend:segmentation]     },
[TEST frontend:segmentation]     context: {
[TEST frontend:segmentation]       config: EditorConfig {},
[TEST frontend:segmentation]       currentLabelBranch: [TestBranch],
[TEST frontend:segmentation]       frames: [Object]
[TEST frontend:segmentation]     }
[TEST frontend:segmentation]   },
[TEST frontend:segmentation]   opParams: { selection_id: 'selection-a', perceived_class_id: 2 },
[TEST frontend:segmentation]   op: AssignClass {
[TEST frontend:segmentation]     opParams: { selection_id: 'selection-a', perceived_class_id: 2 }
[TEST frontend:segmentation]   }
[TEST frontend:segmentation] }
[TEST frontend:segmentation] 
[TEST frontend:segmentation] stderr | test/app/editor/scene/data/labelset/StaleSelectionRaces.test.ts > segmentation delete versus edit races (item 14) > delete queued in the same turn as a stale relationship reassignment applies the delete and skips the stale op
[TEST frontend:segmentation] Skipped operation whose target label disappeared:
[TEST frontend:segmentation] Operation {
[TEST frontend:segmentation]   dataView: SegmentationView {
[TEST frontend:segmentation]     _frame: EditableFrame { views: {} },
[TEST frontend:segmentation]     loader: SegmentationLoader {
[TEST frontend:segmentation]       lookup: [Object],
[TEST frontend:segmentation]       context: [Object],
[TEST frontend:segmentation]       timeWidth: 0
[TEST frontend:segmentation]     },
[TEST frontend:segmentation]     context: {
[TEST frontend:segmentation]       config: EditorConfig {},
[TEST frontend:segmentation]       currentLabelBranch: [TestBranch],
[TEST frontend:segmentation]       frames: [Object]
[TEST frontend:segmentation]     }
[TEST frontend:segmentation]   },
[TEST frontend:segmentation]   opParams: { selection_id: 'selection-a', entity_id: 'instance-t' },
[TEST frontend:segmentation]   op: AssignEntity {
[TEST frontend:segmentation]     opParams: { selection_id: 'selection-a', entity_id: 'instance-t' }
[TEST frontend:segmentation]   }
[TEST frontend:segmentation] }
[TEST frontend:segmentation] Skipped operation whose target label disappeared:
[TEST frontend:segmentation] Operation {
[TEST frontend:segmentation]   dataView: SegmentationView {
[TEST frontend:segmentation]     _frame: EditableFrame { views: {} },
[TEST frontend:segmentation]     loader: SegmentationLoader {
[TEST frontend:segmentation]       lookup: [Object],
[TEST frontend:segmentation]       context: [Object],
[TEST frontend:segmentation]       timeWidth: 0
[TEST frontend:segmentation]     },
[TEST frontend:segmentation]     context: {
[TEST frontend:segmentation]       config: EditorConfig {},
[TEST frontend:segmentation]       currentLabelBranch: [TestBranch],
[TEST frontend:segmentation]       frames: [Object]
[TEST frontend:segmentation]     }
[TEST frontend:segmentation]   },
[TEST frontend:segmentation]   opParams: { selection_id: 'selection-a', entity_id: 'instance-t' },
[TEST frontend:segmentation]   op: AssignEntity {
[TEST frontend:segmentation]     opParams: { selection_id: 'selection-a', entity_id: 'instance-t' }
[TEST frontend:segmentation]   }
[TEST frontend:segmentation] }
[TEST frontend:segmentation] 
[TEST frontend:segmentation] stderr | test/app/editor/scene/data/labelset/StaleSelectionRaces.test.ts > segmentation delete versus edit races (item 14) > delete queued in the same turn as a stale point edit applies the delete and skips the stale op
[TEST frontend:segmentation] Skipped operation whose target label disappeared:
[TEST frontend:segmentation] Operation {
[TEST frontend:segmentation]   dataView: SegmentationView {
[TEST frontend:segmentation]     _frame: EditableFrame { views: {} },
[TEST frontend:segmentation]     loader: SegmentationLoader {
[TEST frontend:segmentation]       lookup: [Object],
[TEST frontend:segmentation]       context: [Object],
[TEST frontend:segmentation]       timeWidth: 0
[TEST frontend:segmentation]     },
[TEST frontend:segmentation]     context: {
[TEST frontend:segmentation]       config: EditorConfig {},
[TEST frontend:segmentation]       currentLabelBranch: [TestBranch],
[TEST frontend:segmentation]       frames: [Object]
[TEST frontend:segmentation]     }
[TEST frontend:segmentation]   },
[TEST frontend:segmentation]   opParams: {
[TEST frontend:segmentation]     selection_id: 'selection-a',
[TEST frontend:segmentation]     mode: 'inspector',
[TEST frontend:segmentation]     points: [ [DecimalVector3Data] ]
[TEST frontend:segmentation]   },
[TEST frontend:segmentation]   op: EditPointSelection {
[TEST frontend:segmentation]     opParams: { selection_id: 'selection-a', mode: 'inspector', points: [Array] }
[TEST frontend:segmentation]   }
[TEST frontend:segmentation] }
[TEST frontend:segmentation] Skipped operation whose target label disappeared:
[TEST frontend:segmentation] Operation {
[TEST frontend:segmentation]   dataView: SegmentationView {
[TEST frontend:segmentation]     _frame: EditableFrame { views: {} },
[TEST frontend:segmentation]     loader: SegmentationLoader {
[TEST frontend:segmentation]       lookup: [Object],
[TEST frontend:segmentation]       context: [Object],
[TEST frontend:segmentation]       timeWidth: 0
[TEST frontend:segmentation]     },
[TEST frontend:segmentation]     context: {
[TEST frontend:segmentation]       config: EditorConfig {},
[TEST frontend:segmentation]       currentLabelBranch: [TestBranch],
[TEST frontend:segmentation]       frames: [Object]
[TEST frontend:segmentation]     }
[TEST frontend:segmentation]   },
[TEST frontend:segmentation]   opParams: {
[TEST frontend:segmentation]     selection_id: 'selection-a',
[TEST frontend:segmentation]     mode: 'inspector',
[TEST frontend:segmentation]     points: [ [DecimalVector3Data] ]
[TEST frontend:segmentation]   },
[TEST frontend:segmentation]   op: EditPointSelection {
[TEST frontend:segmentation]     opParams: { selection_id: 'selection-a', mode: 'inspector', points: [Array] }
[TEST frontend:segmentation]   }
[TEST frontend:segmentation] }
[TEST frontend:segmentation] 
[TEST frontend:segmentation] stderr | test/app/editor/scene/data/labelset/StaleSelectionRaces.test.ts > segmentation delete versus edit races (item 14) > delete queued in the same turn as a stale second delete applies the delete and skips the stale op
[TEST frontend:segmentation] Skipped operation whose target label disappeared:
[TEST frontend:segmentation] Operation {
[TEST frontend:segmentation]   dataView: SegmentationView {
[TEST frontend:segmentation]     _frame: EditableFrame { views: {} },
[TEST frontend:segmentation]     loader: SegmentationLoader {
[TEST frontend:segmentation]       lookup: [Object],
[TEST frontend:segmentation]       context: [Object],
[TEST frontend:segmentation]       timeWidth: 0
[TEST frontend:segmentation]     },
[TEST frontend:segmentation]     context: {
[TEST frontend:segmentation]       config: EditorConfig {},
[TEST frontend:segmentation]       currentLabelBranch: [TestBranch],
[TEST frontend:segmentation]       frames: [Object]
[TEST frontend:segmentation]     }
[TEST frontend:segmentation]   },
[TEST frontend:segmentation]   opParams: { selection_id: 'selection-a' },
[TEST frontend:segmentation]   op: Delete { opParams: { selection_id: 'selection-a' } }
[TEST frontend:segmentation] }
[TEST frontend:segmentation] Skipped operation whose target label disappeared:
[TEST frontend:segmentation] Operation {
[TEST frontend:segmentation]   dataView: SegmentationView {
[TEST frontend:segmentation]     _frame: EditableFrame { views: {} },
[TEST frontend:segmentation]     loader: SegmentationLoader {
[TEST frontend:segmentation]       lookup: [Object],
[TEST frontend:segmentation]       context: [Object],
[TEST frontend:segmentation]       timeWidth: 0
[TEST frontend:segmentation]     },
[TEST frontend:segmentation]     context: {
[TEST frontend:segmentation]       config: EditorConfig {},
[TEST frontend:segmentation]       currentLabelBranch: [TestBranch],
[TEST frontend:segmentation]       frames: [Object]
[TEST frontend:segmentation]     }
[TEST frontend:segmentation]   },
[TEST frontend:segmentation]   opParams: { selection_id: 'selection-a' },
[TEST frontend:segmentation]   op: Delete { opParams: { selection_id: 'selection-a' } }
[TEST frontend:segmentation] }
[TEST frontend:segmentation] 
[TEST frontend:segmentation] stderr | test/app/editor/scene/data/labelset/StaleSelectionRaces.test.ts > segmentation delete versus edit races (item 14) > undo restores the deleted selection under its id and redoing the stale edit stays safe
[TEST frontend:segmentation] Skipped operation whose target label disappeared:
[TEST frontend:segmentation] Operation {
[TEST frontend:segmentation]   dataView: SegmentationView {
[TEST frontend:segmentation]     _frame: EditableFrame { views: {} },
[TEST frontend:segmentation]     loader: SegmentationLoader {
[TEST frontend:segmentation]       lookup: [Object],
[TEST frontend:segmentation]       context: [Object],
[TEST frontend:segmentation]       timeWidth: 0
[TEST frontend:segmentation]     },
[TEST frontend:segmentation]     context: {
[TEST frontend:segmentation]       config: EditorConfig {},
[TEST frontend:segmentation]       currentLabelBranch: [TestBranch],
[TEST frontend:segmentation]       frames: [Object]
[TEST frontend:segmentation]     }
[TEST frontend:segmentation]   },
[TEST frontend:segmentation]   opParams: { selection_id: 'selection-a', perceived_class_id: 2 },
[TEST frontend:segmentation]   op: AssignClass {
[TEST frontend:segmentation]     opParams: { selection_id: 'selection-a', perceived_class_id: 2 }
[TEST frontend:segmentation]   }
[TEST frontend:segmentation] }
[TEST frontend:segmentation] Skipped operation whose target label disappeared:
[TEST frontend:segmentation] Operation {
[TEST frontend:segmentation]   dataView: SegmentationView {
[TEST frontend:segmentation]     _frame: EditableFrame { views: {} },
[TEST frontend:segmentation]     loader: SegmentationLoader {
[TEST frontend:segmentation]       lookup: [Object],
[TEST frontend:segmentation]       context: [Object],
[TEST frontend:segmentation]       timeWidth: 0
[TEST frontend:segmentation]     },
[TEST frontend:segmentation]     context: {
[TEST frontend:segmentation]       config: EditorConfig {},
[TEST frontend:segmentation]       currentLabelBranch: [TestBranch],
[TEST frontend:segmentation]       frames: [Object]
[TEST frontend:segmentation]     }
[TEST frontend:segmentation]   },
[TEST frontend:segmentation]   opParams: { selection_id: 'selection-a', perceived_class_id: 2 },
[TEST frontend:segmentation]   op: AssignClass {
[TEST frontend:segmentation]     opParams: { selection_id: 'selection-a', perceived_class_id: 2 }
[TEST frontend:segmentation]   }
[TEST frontend:segmentation] }
[TEST frontend:segmentation] 
[TEST frontend:bbox]  ✓ test/app/editor/scene/layer/BBoxTooltip.test.ts  (9 tests) 6ms
[TEST frontend:bbox]  ✓ test/app/editor/scene/data/BBoxLoader.test.ts  (1 test) 37ms
[TEST frontend:segmentation]  ✓ test/app/editor/scene/data/labelset/StaleSelectionRaces.test.ts  (10 tests) 160ms
[TEST frontend:segmentation] stderr | test/app/editor/scene/data/labelset/StaleSelectionRaces.test.ts > segmentation relationship changes against disappearing targets (item 15) > deletes the target instance while a reassignment is pending in the same turn
[TEST frontend:segmentation] Skipped operation whose target label disappeared:
[TEST frontend:segmentation] Operation {
[TEST frontend:segmentation]   dataView: SegmentationView {
[TEST frontend:segmentation]     _frame: EditableFrame { views: {} },
[TEST frontend:segmentation]     loader: SegmentationLoader {
[TEST frontend:segmentation]       lookup: [Object],
[TEST frontend:segmentation]       context: [Object],
[TEST frontend:segmentation]       timeWidth: 0
[TEST frontend:segmentation]     },
[TEST frontend:segmentation]     context: {
[TEST frontend:segmentation]       config: EditorConfig {},
[TEST frontend:segmentation]       currentLabelBranch: [TestBranch],
[TEST frontend:segmentation]       frames: [Object]
[TEST frontend:segmentation]     }
[TEST frontend:segmentation]   },
[TEST frontend:segmentation]   opParams: { selection_id: 'selection-a', entity_id: 'instance-t' },
[TEST frontend:segmentation]   op: AssignEntity {
[TEST frontend:segmentation]     opParams: { selection_id: 'selection-a', entity_id: 'instance-t' }
[TEST frontend:segmentation]   }
[TEST frontend:segmentation] }
[TEST frontend:segmentation] Skipped operation whose target label disappeared:
[TEST frontend:segmentation] Operation {
[TEST frontend:segmentation]   dataView: SegmentationView {
[TEST frontend:segmentation]     _frame: EditableFrame { views: {} },
[TEST frontend:segmentation]     loader: SegmentationLoader {
[TEST frontend:segmentation]       lookup: [Object],
[TEST frontend:segmentation]       context: [Object],
[TEST frontend:segmentation]       timeWidth: 0
[TEST frontend:segmentation]     },
[TEST frontend:segmentation]     context: {
[TEST frontend:segmentation]       config: EditorConfig {},
[TEST frontend:segmentation]       currentLabelBranch: [TestBranch],
[TEST frontend:segmentation]       frames: [Object]
[TEST frontend:segmentation]     }
[TEST frontend:segmentation]   },
[TEST frontend:segmentation]   opParams: { selection_id: 'selection-a', entity_id: 'instance-t' },
[TEST frontend:segmentation]   op: AssignEntity {
[TEST frontend:segmentation]     opParams: { selection_id: 'selection-a', entity_id: 'instance-t' }
[TEST frontend:segmentation]   }
[TEST frontend:segmentation] }
[TEST frontend:segmentation] 
[TEST frontend:bbox]  ✓ test/app/editor/scene/layer/BBoxSlice.test.ts  (18 tests) 36ms
[TEST frontend:bbox]  ✓ test/app/editor/widgets/BBoxModePanes.test.tsx  (3 tests) 210ms
[TEST frontend:bbox]  ✓ test/app/editor/scene/data/labelset/UpdateOps.test.ts  (19 tests) 96ms
[TEST frontend:vector]  ✓ test/app/editor/widgets/VectorPaneContainers.test.tsx  (8 tests) 740ms
[TEST frontend:vector] 
[TEST frontend:vector]  Test Files  19 passed (19)
[TEST frontend:vector]       Tests  101 passed (101)
[TEST frontend:vector]    Start at  08:49:55
[TEST frontend:vector]    Duration  8.84s (transform 7.78s, setup 0ms, collect 81.83s, tests 5.19s, environment 27.22s, prepare 7.97s)
[TEST frontend:vector] 
[TEST frontend:segmentation]  ✓ test/app/editor/scene/layer/SegmentationInteractionColor.test.ts  (1 test) 19ms
[TEST frontend:bbox]  ✓ test/app/editor/scene/data/labelset/StaleSelectionRaces.test.ts  (11 tests) 338ms
[TEST frontend:bbox] stderr | test/app/editor/scene/data/labelset/StaleSelectionRaces.test.ts > bbox delete versus edit/copy/paste races (item 14) > delete queued in the same turn as a stale inspector edit applies the delete and skips the stale op
[TEST frontend:bbox] Skipped operation whose target label disappeared:
[TEST frontend:bbox] Operation {
[TEST frontend:bbox]   dataView: BBoxView {
[TEST frontend:bbox]     _frame: EditableFrame { views: {} },
[TEST frontend:bbox]     loader: BBoxLoader { lookup: [Object], context: [Object], timeWidth: 0 },
[TEST frontend:bbox]     context: {
[TEST frontend:bbox]       config: EditorConfig {},
[TEST frontend:bbox]       currentLabelBranch: [TestBranch],
[TEST frontend:bbox]       frames: [Object]
[TEST frontend:bbox]     }
[TEST frontend:bbox]   },
[TEST frontend:bbox]   opParams: { box_id: 'box-a', perceived_class_id: 2 },
[TEST frontend:bbox]   op: AssignClass { opParams: { box_id: 'box-a', perceived_class_id: 2 } }
[TEST frontend:bbox] }
[TEST frontend:bbox] Skipped operation whose target label disappeared:
[TEST frontend:bbox] Operation {
[TEST frontend:bbox]   dataView: BBoxView {
[TEST frontend:bbox]     _frame: EditableFrame { views: {} },
[TEST frontend:bbox]     loader: BBoxLoader { lookup: [Object], context: [Object], timeWidth: 0 },
[TEST frontend:bbox]     context: {
[TEST frontend:bbox]       config: EditorConfig {},
[TEST frontend:bbox]       currentLabelBranch: [TestBranch],
[TEST frontend:bbox]       frames: [Object]
[TEST frontend:bbox]     }
[TEST frontend:bbox]   },
[TEST frontend:bbox]   opParams: { box_id: 'box-a', perceived_class_id: 2 },
[TEST frontend:bbox]   op: AssignClass { opParams: { box_id: 'box-a', perceived_class_id: 2 } }
[TEST frontend:bbox] }
[TEST frontend:bbox] 
[TEST frontend:bbox] stderr | test/app/editor/scene/data/labelset/StaleSelectionRaces.test.ts > bbox delete versus edit/copy/paste races (item 14) > delete queued in the same turn as a stale relationship reassignment applies the delete and skips the stale op
[TEST frontend:bbox] Skipped operation whose target label disappeared:
[TEST frontend:bbox] Operation {
[TEST frontend:bbox]   dataView: BBoxView {
[TEST frontend:bbox]     _frame: EditableFrame { views: {} },
[TEST frontend:bbox]     loader: BBoxLoader { lookup: [Object], context: [Object], timeWidth: 0 },
[TEST frontend:bbox]     context: {
[TEST frontend:bbox]       config: EditorConfig {},
[TEST frontend:bbox]       currentLabelBranch: [TestBranch],
[TEST frontend:bbox]       frames: [Object]
[TEST frontend:bbox]     }
[TEST frontend:bbox]   },
[TEST frontend:bbox]   opParams: { box_id: 'box-a', entity_id: 'track-t' },
[TEST frontend:bbox]   op: AssignEntity { opParams: { box_id: 'box-a', entity_id: 'track-t' } }
[TEST frontend:bbox] }
[TEST frontend:bbox] Skipped operation whose target label disappeared:
[TEST frontend:bbox] Operation {
[TEST frontend:bbox]   dataView: BBoxView {
[TEST frontend:bbox]     _frame: EditableFrame { views: {} },
[TEST frontend:bbox]     loader: BBoxLoader { lookup: [Object], context: [Object], timeWidth: 0 },
[TEST frontend:bbox]     context: {
[TEST frontend:bbox]       config: EditorConfig {},
[TEST frontend:bbox]       currentLabelBranch: [TestBranch],
[TEST frontend:bbox]       frames: [Object]
[TEST frontend:bbox]     }
[TEST frontend:bbox]   },
[TEST frontend:bbox]   opParams: { box_id: 'box-a', entity_id: 'track-t' },
[TEST frontend:bbox]   op: AssignEntity { opParams: { box_id: 'box-a', entity_id: 'track-t' } }
[TEST frontend:bbox] }
[TEST frontend:bbox] 
[TEST frontend:bbox] stderr | test/app/editor/scene/data/labelset/StaleSelectionRaces.test.ts > bbox delete versus edit/copy/paste races (item 14) > delete queued in the same turn as a stale transform applies the delete and skips the stale op
[TEST frontend:bbox] Skipped operation whose target label disappeared:
[TEST frontend:bbox] Operation {
[TEST frontend:bbox]   dataView: BBoxView {
[TEST frontend:bbox]     _frame: EditableFrame { views: {} },
[TEST frontend:bbox]     loader: BBoxLoader { lookup: [Object], context: [Object], timeWidth: 0 },
[TEST frontend:bbox]     context: {
[TEST frontend:bbox]       config: EditorConfig {},
[TEST frontend:bbox]       currentLabelBranch: [TestBranch],
[TEST frontend:bbox]       frames: [Object]
[TEST frontend:bbox]     }
[TEST frontend:bbox]   },
[TEST frontend:bbox]   opParams: {
[TEST frontend:bbox]     box_id: 'box-a',
[TEST frontend:bbox]     mode: 'inspector',
[TEST frontend:bbox]     center: DecimalVector3Data { x: '9', y: '9', z: '9' },
[TEST frontend:bbox]     angle: '1.5',
[TEST frontend:bbox]     size: DecimalVector3Data { x: '9', y: '9', z: '9' }
[TEST frontend:bbox]   },
[TEST frontend:bbox]   op: TransformBox {
[TEST frontend:bbox]     opParams: {
[TEST frontend:bbox]       box_id: 'box-a',
[TEST frontend:bbox]       mode: 'inspector',
[TEST frontend:bbox]       center: [DecimalVector3Data],
[TEST frontend:bbox]       angle: '1.5',
[TEST frontend:bbox]       size: [DecimalVector3Data]
[TEST frontend:bbox]     }
[TEST frontend:bbox]   }
[TEST frontend:bbox] }
[TEST frontend:bbox] Skipped operation whose target label disappeared:
[TEST frontend:bbox] Operation {
[TEST frontend:bbox]   dataView: BBoxView {
[TEST frontend:bbox]     _frame: EditableFrame { views: {} },
[TEST frontend:bbox]     loader: BBoxLoader { lookup: [Object], context: [Object], timeWidth: 0 },
[TEST frontend:bbox]     context: {
[TEST frontend:bbox]       config: EditorConfig {},
[TEST frontend:bbox]       currentLabelBranch: [TestBranch],
[TEST frontend:bbox]       frames: [Object]
[TEST frontend:bbox]     }
[TEST frontend:bbox]   },
[TEST frontend:bbox]   opParams: {
[TEST frontend:bbox]     box_id: 'box-a',
[TEST frontend:bbox]     mode: 'inspector',
[TEST frontend:bbox]     center: DecimalVector3Data { x: '9', y: '9', z: '9' },
[TEST frontend:bbox]     angle: '1.5',
[TEST frontend:bbox]     size: DecimalVector3Data { x: '9', y: '9', z: '9' }
[TEST frontend:bbox]   },
[TEST frontend:bbox]   op: TransformBox {
[TEST frontend:bbox]     opParams: {
[TEST frontend:bbox]       box_id: 'box-a',
[TEST frontend:bbox]       mode: 'inspector',
[TEST frontend:bbox]       center: [DecimalVector3Data],
[TEST frontend:bbox]       angle: '1.5',
[TEST frontend:bbox]       size: [DecimalVector3Data]
[TEST frontend:bbox]     }
[TEST frontend:bbox]   }
[TEST frontend:bbox] }
[TEST frontend:bbox] 
[TEST frontend:bbox] stderr | test/app/editor/scene/data/labelset/StaleSelectionRaces.test.ts > bbox delete versus edit/copy/paste races (item 14) > delete queued in the same turn as a stale second delete applies the delete and skips the stale op
[TEST frontend:bbox] Skipped operation whose target label disappeared:
[TEST frontend:bbox] Operation {
[TEST frontend:bbox]   dataView: BBoxView {
[TEST frontend:bbox]     _frame: EditableFrame { views: {} },
[TEST frontend:bbox]     loader: BBoxLoader { lookup: [Object], context: [Object], timeWidth: 0 },
[TEST frontend:bbox]     context: {
[TEST frontend:bbox]       config: EditorConfig {},
[TEST frontend:bbox]       currentLabelBranch: [TestBranch],
[TEST frontend:bbox]       frames: [Object]
[TEST frontend:bbox]     }
[TEST frontend:bbox]   },
[TEST frontend:bbox]   opParams: { box_id: 'box-a' },
[TEST frontend:bbox]   op: Delete { opParams: { box_id: 'box-a' } }
[TEST frontend:bbox] }
[TEST frontend:bbox] Skipped operation whose target label disappeared:
[TEST frontend:bbox] Operation {
[TEST frontend:bbox]   dataView: BBoxView {
[TEST frontend:bbox]     _frame: EditableFrame { views: {} },
[TEST frontend:bbox]     loader: BBoxLoader { lookup: [Object], context: [Object], timeWidth: 0 },
[TEST frontend:bbox]     context: {
[TEST frontend:bbox]       config: EditorConfig {},
[TEST frontend:bbox]       currentLabelBranch: [TestBranch],
[TEST frontend:bbox]       frames: [Object]
[TEST frontend:bbox]     }
[TEST frontend:bbox]   },
[TEST frontend:bbox]   opParams: { box_id: 'box-a' },
[TEST frontend:bbox]   op: Delete { opParams: { box_id: 'box-a' } }
[TEST frontend:bbox] }
[TEST frontend:bbox] 
[TEST frontend:bbox] stderr | test/app/editor/scene/data/labelset/StaleSelectionRaces.test.ts > bbox delete versus edit/copy/paste races (item 14) > undo restores the deleted label under its id and redoing the stale edit stays safe
[TEST frontend:bbox] Skipped operation whose target label disappeared:
[TEST frontend:bbox] Operation {
[TEST frontend:bbox]   dataView: BBoxView {
[TEST frontend:bbox]     _frame: EditableFrame { views: {} },
[TEST frontend:bbox]     loader: BBoxLoader { lookup: [Object], context: [Object], timeWidth: 0 },
[TEST frontend:bbox]     context: {
[TEST frontend:bbox]       config: EditorConfig {},
[TEST frontend:bbox]       currentLabelBranch: [TestBranch],
[TEST frontend:bbox]       frames: [Object]
[TEST frontend:bbox]     }
[TEST frontend:bbox]   },
[TEST frontend:bbox]   opParams: { box_id: 'box-a', perceived_class_id: 2 },
[TEST frontend:bbox]   op: AssignClass { opParams: { box_id: 'box-a', perceived_class_id: 2 } }
[TEST frontend:bbox] }
[TEST frontend:bbox] Skipped operation whose target label disappeared:
[TEST frontend:bbox] Operation {
[TEST frontend:bbox]   dataView: BBoxView {
[TEST frontend:bbox]     _frame: EditableFrame { views: {} },
[TEST frontend:bbox]     loader: BBoxLoader { lookup: [Object], context: [Object], timeWidth: 0 },
[TEST frontend:bbox]     context: {
[TEST frontend:bbox]       config: EditorConfig {},
[TEST frontend:bbox]       currentLabelBranch: [TestBranch],
[TEST frontend:bbox]       frames: [Object]
[TEST frontend:bbox]     }
[TEST frontend:bbox]   },
[TEST frontend:bbox]   opParams: { box_id: 'box-a', perceived_class_id: 2 },
[TEST frontend:bbox]   op: AssignClass { opParams: { box_id: 'box-a', perceived_class_id: 2 } }
[TEST frontend:bbox] }
[TEST frontend:bbox] 
[TEST frontend:bbox] stderr | test/app/editor/scene/data/labelset/StaleSelectionRaces.test.ts > bbox relationship changes against disappearing targets (item 15) > deletes the target track while a reassignment is pending in the same turn
[TEST frontend:bbox] Skipped operation whose target label disappeared:
[TEST frontend:bbox] Operation {
[TEST frontend:bbox]   dataView: BBoxView {
[TEST frontend:bbox]     _frame: EditableFrame { views: {} },
[TEST frontend:bbox]     loader: BBoxLoader { lookup: [Object], context: [Object], timeWidth: 0 },
[TEST frontend:bbox]     context: {
[TEST frontend:bbox]       config: EditorConfig {},
[TEST frontend:bbox]       currentLabelBranch: [TestBranch],
[TEST frontend:bbox]       frames: [Object]
[TEST frontend:bbox]     }
[TEST frontend:bbox]   },
[TEST frontend:bbox]   opParams: { box_id: 'box-a', entity_id: 'track-t' },
[TEST frontend:bbox]   op: AssignEntity { opParams: { box_id: 'box-a', entity_id: 'track-t' } }
[TEST frontend:bbox] }
[TEST frontend:bbox] Skipped operation whose target label disappeared:
[TEST frontend:bbox] Operation {
[TEST frontend:bbox]   dataView: BBoxView {
[TEST frontend:bbox]     _frame: EditableFrame { views: {} },
[TEST frontend:bbox]     loader: BBoxLoader { lookup: [Object], context: [Object], timeWidth: 0 },
[TEST frontend:bbox]     context: {
[TEST frontend:bbox]       config: EditorConfig {},
[TEST frontend:bbox]       currentLabelBranch: [TestBranch],
[TEST frontend:bbox]       frames: [Object]
[TEST frontend:bbox]     }
[TEST frontend:bbox]   },
[TEST frontend:bbox]   opParams: { box_id: 'box-a', entity_id: 'track-t' },
[TEST frontend:bbox]   op: AssignEntity { opParams: { box_id: 'box-a', entity_id: 'track-t' } }
[TEST frontend:bbox] }
[TEST frontend:bbox] 
[TEST frontend:bbox]  ✓ test/app/editor/scene/tools/LabelBoxCreator.test.ts  (3 tests) 68ms
[TEST frontend:segmentation]  ✓ test/app/editor/widgets/SegmentationTweakpanePanes.test.tsx  (2 tests) 657ms
[TEST frontend:segmentation]  ✓ test/app/editor/scene/controls/AssistedSelectionEditControl.test.ts  (5 tests) 85ms
[TEST frontend:segmentation]  ✓ test/app/editor/scene/layer/LoadingIntentGuards.test.ts  (7 tests) 258ms
[TEST frontend:segmentation]  ✓ test/assisted-control.test.ts  (22 tests) 296ms
[TEST frontend:bbox]  ✓ test/app/editor/scene/layer/BBoxInteractionColor.test.ts  (1 test) 21ms
[TEST frontend:bbox]  ✓ test/app/editor/widgets/BBoxTweakpanePanes.test.tsx  (6 tests) 830ms
[TEST frontend:bbox]  ✓ test/app/editor/scene/layer/LoadingIntentGuards.test.ts  (6 tests) 178ms
[TEST frontend:segmentation]  ✓ test/app/editor/widgets/SegmentationControlComponents.test.tsx  (2 tests) 396ms
[TEST frontend:segmentation]  ✓ test/app/editor/scene/layer/InteractStates.test.tsx  (19 tests) 621ms
[TEST frontend:segmentation]  ✓ test/app/editor/widgets/SegmentationLayerOverlays.test.tsx  (1 test) 449ms
[TEST frontend:bbox]  ✓ test/app/editor/widgets/BBoxLayerOverlays.test.tsx  (1 test) 589ms
[TEST frontend:bbox]  ✓ test/app/editor/widgets/BBoxLabelTrees.test.tsx  (4 tests) 735ms
[TEST frontend:bbox] stderr | test/app/editor/widgets/BBoxPaneContainers.test.tsx > bbox pane containers > reads the committed settings from the snapshot and forwards optimistic input to the intents
[TEST frontend:bbox] Error: Not implemented: HTMLCanvasElement.prototype.getContext (without installing the canvas npm package)
[TEST frontend:bbox]     at module.exports (/home/cyrusleung/st-annotator/node_modules/jsdom/lib/jsdom/browser/not-implemented.js:9:17)
[TEST frontend:bbox]     at HTMLCanvasElementImpl.getContext (/home/cyrusleung/st-annotator/node_modules/jsdom/lib/jsdom/living/nodes/HTMLCanvasElement-impl.js:42:5)
[TEST frontend:bbox]     at HTMLCanvasElement.getContext (/home/cyrusleung/st-annotator/node_modules/jsdom/lib/jsdom/living/generated/HTMLCanvasElement.js:131:58)
[TEST frontend:bbox]     at getCanvasContext (file:///home/cyrusleung/st-annotator/node_modules/tweakpane/dist/tweakpane.js:1117:25)
[TEST frontend:bbox]     at SvPaletteView.update_ (file:///home/cyrusleung/st-annotator/node_modules/tweakpane/dist/tweakpane.js:5176:21)
[TEST frontend:bbox]     at new SvPaletteView (file:///home/cyrusleung/st-annotator/node_modules/tweakpane/dist/tweakpane.js:5173:14)
[TEST frontend:bbox]     at new SvPaletteController (file:///home/cyrusleung/st-annotator/node_modules/tweakpane/dist/tweakpane.js:5218:21)
[TEST frontend:bbox]     at new ColorPickerController (file:///home/cyrusleung/st-annotator/node_modules/tweakpane/dist/tweakpane.js:5294:28)
[TEST frontend:bbox]     at new ColorController (file:///home/cyrusleung/st-annotator/node_modules/tweakpane/dist/tweakpane.js:5430:25)
[TEST frontend:bbox]     at Object.controller (file:///home/cyrusleung/st-annotator/node_modules/tweakpane/dist/tweakpane.js:5738:16) undefined
[TEST frontend:bbox] Error: Not implemented: HTMLCanvasElement.prototype.getContext (without installing the canvas npm package)
[TEST frontend:bbox]     at module.exports (/home/cyrusleung/st-annotator/node_modules/jsdom/lib/jsdom/browser/not-implemented.js:9:17)
[TEST frontend:bbox]     at HTMLCanvasElementImpl.getContext (/home/cyrusleung/st-annotator/node_modules/jsdom/lib/jsdom/living/nodes/HTMLCanvasElement-impl.js:42:5)
[TEST frontend:bbox]     at HTMLCanvasElement.getContext (/home/cyrusleung/st-annotator/node_modules/jsdom/lib/jsdom/living/generated/HTMLCanvasElement.js:131:58)
[TEST frontend:bbox]     at getCanvasContext (file:///home/cyrusleung/st-annotator/node_modules/tweakpane/dist/tweakpane.js:1117:25)
[TEST frontend:bbox]     at SvPaletteView.update_ (file:///home/cyrusleung/st-annotator/node_modules/tweakpane/dist/tweakpane.js:5176:21)
[TEST frontend:bbox]     at new SvPaletteView (file:///home/cyrusleung/st-annotator/node_modules/tweakpane/dist/tweakpane.js:5173:14)
[TEST frontend:bbox]     at new SvPaletteController (file:///home/cyrusleung/st-annotator/node_modules/tweakpane/dist/tweakpane.js:5218:21)
[TEST frontend:bbox]     at new ColorPickerController (file:///home/cyrusleung/st-annotator/node_modules/tweakpane/dist/tweakpane.js:5294:28)
[TEST frontend:bbox]     at new ColorController (file:///home/cyrusleung/st-annotator/node_modules/tweakpane/dist/tweakpane.js:5430:25)
[TEST frontend:bbox]     at Object.controller (file:///home/cyrusleung/st-annotator/node_modules/tweakpane/dist/tweakpane.js:5738:16) undefined
[TEST frontend:bbox] Error: Not implemented: HTMLCanvasElement.prototype.getContext (without installing the canvas npm package)
[TEST frontend:bbox]     at module.exports (/home/cyrusleung/st-annotator/node_modules/jsdom/lib/jsdom/browser/not-implemented.js:9:17)
[TEST frontend:bbox]     at HTMLCanvasElementImpl.getContext (/home/cyrusleung/st-annotator/node_modules/jsdom/lib/jsdom/living/nodes/HTMLCanvasElement-impl.js:42:5)
[TEST frontend:bbox]     at HTMLCanvasElement.getContext (/home/cyrusleung/st-annotator/node_modules/jsdom/lib/jsdom/living/generated/HTMLCanvasElement.js:131:58)
[TEST frontend:bbox]     at getCanvasContext (file:///home/cyrusleung/st-annotator/node_modules/tweakpane/dist/tweakpane.js:1117:25)
[TEST frontend:bbox]     at SvPaletteView.update_ (file:///home/cyrusleung/st-annotator/node_modules/tweakpane/dist/tweakpane.js:5176:21)
[TEST frontend:bbox]     at new SvPaletteView (file:///home/cyrusleung/st-annotator/node_modules/tweakpane/dist/tweakpane.js:5173:14)
[TEST frontend:bbox]     at new SvPaletteController (file:///home/cyrusleung/st-annotator/node_modules/tweakpane/dist/tweakpane.js:5218:21)
[TEST frontend:bbox]     at new ColorPickerController (file:///home/cyrusleung/st-annotator/node_modules/tweakpane/dist/tweakpane.js:5294:28)
[TEST frontend:bbox]     at new ColorController (file:///home/cyrusleung/st-annotator/node_modules/tweakpane/dist/tweakpane.js:5430:25)
[TEST frontend:bbox]     at Object.controller (file:///home/cyrusleung/st-annotator/node_modules/tweakpane/dist/tweakpane.js:5738:16) undefined
[TEST frontend:bbox] Error: Not implemented: HTMLCanvasElement.prototype.getContext (without installing the canvas npm package)
[TEST frontend:bbox]     at module.exports (/home/cyrusleung/st-annotator/node_modules/jsdom/lib/jsdom/browser/not-implemented.js:9:17)
[TEST frontend:bbox]     at HTMLCanvasElementImpl.getContext (/home/cyrusleung/st-annotator/node_modules/jsdom/lib/jsdom/living/nodes/HTMLCanvasElement-impl.js:42:5)
[TEST frontend:bbox]     at HTMLCanvasElement.getContext (/home/cyrusleung/st-annotator/node_modules/jsdom/lib/jsdom/living/generated/HTMLCanvasElement.js:131:58)
[TEST frontend:bbox]     at getCanvasContext (file:///home/cyrusleung/st-annotator/node_modules/tweakpane/dist/tweakpane.js:1117:25)
[TEST frontend:bbox]     at SvPaletteView.update_ (file:///home/cyrusleung/st-annotator/node_modules/tweakpane/dist/tweakpane.js:5176:21)
[TEST frontend:bbox]     at new SvPaletteView (file:///home/cyrusleung/st-annotator/node_modules/tweakpane/dist/tweakpane.js:5173:14)
[TEST frontend:bbox]     at new SvPaletteController (file:///home/cyrusleung/st-annotator/node_modules/tweakpane/dist/tweakpane.js:5218:21)
[TEST frontend:bbox]     at new ColorPickerController (file:///home/cyrusleung/st-annotator/node_modules/tweakpane/dist/tweakpane.js:5294:28)
[TEST frontend:bbox]     at new ColorController (file:///home/cyrusleung/st-annotator/node_modules/tweakpane/dist/tweakpane.js:5430:25)
[TEST frontend:bbox]     at Object.controller (file:///home/cyrusleung/st-annotator/node_modules/tweakpane/dist/tweakpane.js:5738:16) undefined
[TEST frontend:bbox] 
[TEST frontend:segmentation]  ✓ test/app/editor/widgets/SegmentationLabelTrees.test.tsx  (2 tests) 823ms
[TEST frontend:bbox] stderr | test/app/editor/widgets/BBoxPaneContainers.test.tsx > bbox pane containers > reads the committed settings from the snapshot and forwards optimistic input to the intents
[TEST frontend:bbox] Error: Not implemented: HTMLCanvasElement.prototype.getContext (without installing the canvas npm package)
[TEST frontend:bbox]     at module.exports (/home/cyrusleung/st-annotator/node_modules/jsdom/lib/jsdom/browser/not-implemented.js:9:17)
[TEST frontend:bbox]     at HTMLCanvasElementImpl.getContext (/home/cyrusleung/st-annotator/node_modules/jsdom/lib/jsdom/living/nodes/HTMLCanvasElement-impl.js:42:5)
[TEST frontend:bbox]     at HTMLCanvasElement.getContext (/home/cyrusleung/st-annotator/node_modules/jsdom/lib/jsdom/living/generated/HTMLCanvasElement.js:131:58)
[TEST frontend:bbox]     at getCanvasContext (file:///home/cyrusleung/st-annotator/node_modules/tweakpane/dist/tweakpane.js:1117:25)
[TEST frontend:bbox]     at SvPaletteView.update_ (file:///home/cyrusleung/st-annotator/node_modules/tweakpane/dist/tweakpane.js:5176:21)
[TEST frontend:bbox]     at new SvPaletteView (file:///home/cyrusleung/st-annotator/node_modules/tweakpane/dist/tweakpane.js:5173:14)
[TEST frontend:bbox]     at new SvPaletteController (file:///home/cyrusleung/st-annotator/node_modules/tweakpane/dist/tweakpane.js:5218:21)
[TEST frontend:bbox]     at new ColorPickerController (file:///home/cyrusleung/st-annotator/node_modules/tweakpane/dist/tweakpane.js:5294:28)
[TEST frontend:bbox]     at new ColorController (file:///home/cyrusleung/st-annotator/node_modules/tweakpane/dist/tweakpane.js:5430:25)
[TEST frontend:bbox]     at Object.controller (file:///home/cyrusleung/st-annotator/node_modules/tweakpane/dist/tweakpane.js:5738:16) undefined
[TEST frontend:bbox] Error: Not implemented: HTMLCanvasElement.prototype.getContext (without installing the canvas npm package)
[TEST frontend:bbox]     at module.exports (/home/cyrusleung/st-annotator/node_modules/jsdom/lib/jsdom/browser/not-implemented.js:9:17)
[TEST frontend:bbox]     at HTMLCanvasElementImpl.getContext (/home/cyrusleung/st-annotator/node_modules/jsdom/lib/jsdom/living/nodes/HTMLCanvasElement-impl.js:42:5)
[TEST frontend:bbox]     at HTMLCanvasElement.getContext (/home/cyrusleung/st-annotator/node_modules/jsdom/lib/jsdom/living/generated/HTMLCanvasElement.js:131:58)
[TEST frontend:bbox]     at getCanvasContext (file:///home/cyrusleung/st-annotator/node_modules/tweakpane/dist/tweakpane.js:1117:25)
[TEST frontend:bbox]     at SvPaletteView.update_ (file:///home/cyrusleung/st-annotator/node_modules/tweakpane/dist/tweakpane.js:5176:21)
[TEST frontend:bbox]     at new SvPaletteView (file:///home/cyrusleung/st-annotator/node_modules/tweakpane/dist/tweakpane.js:5173:14)
[TEST frontend:bbox]     at new SvPaletteController (file:///home/cyrusleung/st-annotator/node_modules/tweakpane/dist/tweakpane.js:5218:21)
[TEST frontend:bbox]     at new ColorPickerController (file:///home/cyrusleung/st-annotator/node_modules/tweakpane/dist/tweakpane.js:5294:28)
[TEST frontend:bbox]     at new ColorController (file:///home/cyrusleung/st-annotator/node_modules/tweakpane/dist/tweakpane.js:5430:25)
[TEST frontend:bbox]     at Object.controller (file:///home/cyrusleung/st-annotator/node_modules/tweakpane/dist/tweakpane.js:5738:16) undefined
[TEST frontend:bbox] Error: Not implemented: HTMLCanvasElement.prototype.getContext (without installing the canvas npm package)
[TEST frontend:bbox]     at module.exports (/home/cyrusleung/st-annotator/node_modules/jsdom/lib/jsdom/browser/not-implemented.js:9:17)
[TEST frontend:bbox]     at HTMLCanvasElementImpl.getContext (/home/cyrusleung/st-annotator/node_modules/jsdom/lib/jsdom/living/nodes/HTMLCanvasElement-impl.js:42:5)
[TEST frontend:bbox]     at HTMLCanvasElement.getContext (/home/cyrusleung/st-annotator/node_modules/jsdom/lib/jsdom/living/generated/HTMLCanvasElement.js:131:58)
[TEST frontend:bbox]     at getCanvasContext (file:///home/cyrusleung/st-annotator/node_modules/tweakpane/dist/tweakpane.js:1117:25)
[TEST frontend:bbox]     at SvPaletteView.update_ (file:///home/cyrusleung/st-annotator/node_modules/tweakpane/dist/tweakpane.js:5176:21)
[TEST frontend:bbox]     at new SvPaletteView (file:///home/cyrusleung/st-annotator/node_modules/tweakpane/dist/tweakpane.js:5173:14)
[TEST frontend:bbox]     at new SvPaletteController (file:///home/cyrusleung/st-annotator/node_modules/tweakpane/dist/tweakpane.js:5218:21)
[TEST frontend:bbox]     at new ColorPickerController (file:///home/cyrusleung/st-annotator/node_modules/tweakpane/dist/tweakpane.js:5294:28)
[TEST frontend:bbox]     at new ColorController (file:///home/cyrusleung/st-annotator/node_modules/tweakpane/dist/tweakpane.js:5430:25)
[TEST frontend:bbox]     at Object.controller (file:///home/cyrusleung/st-annotator/node_modules/tweakpane/dist/tweakpane.js:5738:16) undefined
[TEST frontend:bbox] Error: Not implemented: HTMLCanvasElement.prototype.getContext (without installing the canvas npm package)
[TEST frontend:bbox]     at module.exports (/home/cyrusleung/st-annotator/node_modules/jsdom/lib/jsdom/browser/not-implemented.js:9:17)
[TEST frontend:bbox]     at HTMLCanvasElementImpl.getContext (/home/cyrusleung/st-annotator/node_modules/jsdom/lib/jsdom/living/nodes/HTMLCanvasElement-impl.js:42:5)
[TEST frontend:bbox]     at HTMLCanvasElement.getContext (/home/cyrusleung/st-annotator/node_modules/jsdom/lib/jsdom/living/generated/HTMLCanvasElement.js:131:58)
[TEST frontend:bbox]     at getCanvasContext (file:///home/cyrusleung/st-annotator/node_modules/tweakpane/dist/tweakpane.js:1117:25)
[TEST frontend:bbox]     at SvPaletteView.update_ (file:///home/cyrusleung/st-annotator/node_modules/tweakpane/dist/tweakpane.js:5176:21)
[TEST frontend:bbox]     at new SvPaletteView (file:///home/cyrusleung/st-annotator/node_modules/tweakpane/dist/tweakpane.js:5173:14)
[TEST frontend:bbox]     at new SvPaletteController (file:///home/cyrusleung/st-annotator/node_modules/tweakpane/dist/tweakpane.js:5218:21)
[TEST frontend:bbox]     at new ColorPickerController (file:///home/cyrusleung/st-annotator/node_modules/tweakpane/dist/tweakpane.js:5294:28)
[TEST frontend:bbox]     at new ColorController (file:///home/cyrusleung/st-annotator/node_modules/tweakpane/dist/tweakpane.js:5430:25)
[TEST frontend:bbox]     at Object.controller (file:///home/cyrusleung/st-annotator/node_modules/tweakpane/dist/tweakpane.js:5738:16) undefined
[TEST frontend:bbox] 
[TEST frontend:bbox]  ✓ test/app/editor/scene/layer/InteractStates.test.tsx  (27 tests) 698ms
[TEST frontend:bbox] stderr | test/app/editor/widgets/BBoxPaneContainers.test.tsx > bbox pane containers > drops a pending settings draft when the pane becomes disabled
[TEST frontend:bbox] Error: Not implemented: HTMLCanvasElement.prototype.getContext (without installing the canvas npm package)
[TEST frontend:bbox]     at module.exports (/home/cyrusleung/st-annotator/node_modules/jsdom/lib/jsdom/browser/not-implemented.js:9:17)
[TEST frontend:bbox]     at HTMLCanvasElementImpl.getContext (/home/cyrusleung/st-annotator/node_modules/jsdom/lib/jsdom/living/nodes/HTMLCanvasElement-impl.js:42:5)
[TEST frontend:bbox]     at HTMLCanvasElement.getContext (/home/cyrusleung/st-annotator/node_modules/jsdom/lib/jsdom/living/generated/HTMLCanvasElement.js:131:58)
[TEST frontend:bbox]     at getCanvasContext (file:///home/cyrusleung/st-annotator/node_modules/tweakpane/dist/tweakpane.js:1117:25)
[TEST frontend:bbox]     at SvPaletteView.update_ (file:///home/cyrusleung/st-annotator/node_modules/tweakpane/dist/tweakpane.js:5176:21)
[TEST frontend:bbox]     at new SvPaletteView (file:///home/cyrusleung/st-annotator/node_modules/tweakpane/dist/tweakpane.js:5173:14)
[TEST frontend:bbox]     at new SvPaletteController (file:///home/cyrusleung/st-annotator/node_modules/tweakpane/dist/tweakpane.js:5218:21)
[TEST frontend:bbox]     at new ColorPickerController (file:///home/cyrusleung/st-annotator/node_modules/tweakpane/dist/tweakpane.js:5294:28)
[TEST frontend:bbox]     at new ColorController (file:///home/cyrusleung/st-annotator/node_modules/tweakpane/dist/tweakpane.js:5430:25)
[TEST frontend:bbox]     at Object.controller (file:///home/cyrusleung/st-annotator/node_modules/tweakpane/dist/tweakpane.js:5738:16) undefined
[TEST frontend:bbox] Error: Not implemented: HTMLCanvasElement.prototype.getContext (without installing the canvas npm package)
[TEST frontend:bbox]     at module.exports (/home/cyrusleung/st-annotator/node_modules/jsdom/lib/jsdom/browser/not-implemented.js:9:17)
[TEST frontend:bbox]     at HTMLCanvasElementImpl.getContext (/home/cyrusleung/st-annotator/node_modules/jsdom/lib/jsdom/living/nodes/HTMLCanvasElement-impl.js:42:5)
[TEST frontend:bbox]     at HTMLCanvasElement.getContext (/home/cyrusleung/st-annotator/node_modules/jsdom/lib/jsdom/living/generated/HTMLCanvasElement.js:131:58)
[TEST frontend:bbox]     at getCanvasContext (file:///home/cyrusleung/st-annotator/node_modules/tweakpane/dist/tweakpane.js:1117:25)
[TEST frontend:bbox]     at SvPaletteView.update_ (file:///home/cyrusleung/st-annotator/node_modules/tweakpane/dist/tweakpane.js:5176:21)
[TEST frontend:bbox]     at new SvPaletteView (file:///home/cyrusleung/st-annotator/node_modules/tweakpane/dist/tweakpane.js:5173:14)
[TEST frontend:bbox]     at new SvPaletteController (file:///home/cyrusleung/st-annotator/node_modules/tweakpane/dist/tweakpane.js:5218:21)
[TEST frontend:bbox]     at new ColorPickerController (file:///home/cyrusleung/st-annotator/node_modules/tweakpane/dist/tweakpane.js:5294:28)
[TEST frontend:bbox]     at new ColorController (file:///home/cyrusleung/st-annotator/node_modules/tweakpane/dist/tweakpane.js:5430:25)
[TEST frontend:bbox]     at Object.controller (file:///home/cyrusleung/st-annotator/node_modules/tweakpane/dist/tweakpane.js:5738:16) undefined
[TEST frontend:bbox] Error: Not implemented: HTMLCanvasElement.prototype.getContext (without installing the canvas npm package)
[TEST frontend:bbox]     at module.exports (/home/cyrusleung/st-annotator/node_modules/jsdom/lib/jsdom/browser/not-implemented.js:9:17)
[TEST frontend:bbox]     at HTMLCanvasElementImpl.getContext (/home/cyrusleung/st-annotator/node_modules/jsdom/lib/jsdom/living/nodes/HTMLCanvasElement-impl.js:42:5)
[TEST frontend:bbox]     at HTMLCanvasElement.getContext (/home/cyrusleung/st-annotator/node_modules/jsdom/lib/jsdom/living/generated/HTMLCanvasElement.js:131:58)
[TEST frontend:bbox]     at getCanvasContext (file:///home/cyrusleung/st-annotator/node_modules/tweakpane/dist/tweakpane.js:1117:25)
[TEST frontend:bbox]     at SvPaletteView.update_ (file:///home/cyrusleung/st-annotator/node_modules/tweakpane/dist/tweakpane.js:5176:21)
[TEST frontend:bbox]     at new SvPaletteView (file:///home/cyrusleung/st-annotator/node_modules/tweakpane/dist/tweakpane.js:5173:14)
[TEST frontend:bbox]     at new SvPaletteController (file:///home/cyrusleung/st-annotator/node_modules/tweakpane/dist/tweakpane.js:5218:21)
[TEST frontend:bbox]     at new ColorPickerController (file:///home/cyrusleung/st-annotator/node_modules/tweakpane/dist/tweakpane.js:5294:28)
[TEST frontend:bbox]     at new ColorController (file:///home/cyrusleung/st-annotator/node_modules/tweakpane/dist/tweakpane.js:5430:25)
[TEST frontend:bbox]     at Object.controller (file:///home/cyrusleung/st-annotator/node_modules/tweakpane/dist/tweakpane.js:5738:16) undefined
[TEST frontend:bbox] Error: Not implemented: HTMLCanvasElement.prototype.getContext (without installing the canvas npm package)
[TEST frontend:bbox]     at module.exports (/home/cyrusleung/st-annotator/node_modules/jsdom/lib/jsdom/browser/not-implemented.js:9:17)
[TEST frontend:bbox]     at HTMLCanvasElementImpl.getContext (/home/cyrusleung/st-annotator/node_modules/jsdom/lib/jsdom/living/nodes/HTMLCanvasElement-impl.js:42:5)
[TEST frontend:bbox]     at HTMLCanvasElement.getContext (/home/cyrusleung/st-annotator/node_modules/jsdom/lib/jsdom/living/generated/HTMLCanvasElement.js:131:58)
[TEST frontend:bbox]     at getCanvasContext (file:///home/cyrusleung/st-annotator/node_modules/tweakpane/dist/tweakpane.js:1117:25)
[TEST frontend:bbox]     at SvPaletteView.update_ (file:///home/cyrusleung/st-annotator/node_modules/tweakpane/dist/tweakpane.js:5176:21)
[TEST frontend:bbox]     at new SvPaletteView (file:///home/cyrusleung/st-annotator/node_modules/tweakpane/dist/tweakpane.js:5173:14)
[TEST frontend:bbox]     at new SvPaletteController (file:///home/cyrusleung/st-annotator/node_modules/tweakpane/dist/tweakpane.js:5218:21)
[TEST frontend:bbox]     at new ColorPickerController (file:///home/cyrusleung/st-annotator/node_modules/tweakpane/dist/tweakpane.js:5294:28)
[TEST frontend:bbox]     at new ColorController (file:///home/cyrusleung/st-annotator/node_modules/tweakpane/dist/tweakpane.js:5430:25)
[TEST frontend:bbox]     at Object.controller (file:///home/cyrusleung/st-annotator/node_modules/tweakpane/dist/tweakpane.js:5738:16) undefined
[TEST frontend:bbox] 
[TEST frontend:bbox] stderr | test/app/editor/widgets/BBoxPaneContainers.test.tsx > bbox pane containers > drops a pending settings draft when the pane becomes disabled
[TEST frontend:bbox] Error: Not implemented: HTMLCanvasElement.prototype.getContext (without installing the canvas npm package)
[TEST frontend:bbox]     at module.exports (/home/cyrusleung/st-annotator/node_modules/jsdom/lib/jsdom/browser/not-implemented.js:9:17)
[TEST frontend:bbox]     at HTMLCanvasElementImpl.getContext (/home/cyrusleung/st-annotator/node_modules/jsdom/lib/jsdom/living/nodes/HTMLCanvasElement-impl.js:42:5)
[TEST frontend:bbox]     at HTMLCanvasElement.getContext (/home/cyrusleung/st-annotator/node_modules/jsdom/lib/jsdom/living/generated/HTMLCanvasElement.js:131:58)
[TEST frontend:bbox]     at getCanvasContext (file:///home/cyrusleung/st-annotator/node_modules/tweakpane/dist/tweakpane.js:1117:25)
[TEST frontend:bbox]     at SvPaletteView.update_ (file:///home/cyrusleung/st-annotator/node_modules/tweakpane/dist/tweakpane.js:5176:21)
[TEST frontend:bbox]     at new SvPaletteView (file:///home/cyrusleung/st-annotator/node_modules/tweakpane/dist/tweakpane.js:5173:14)
[TEST frontend:bbox]     at new SvPaletteController (file:///home/cyrusleung/st-annotator/node_modules/tweakpane/dist/tweakpane.js:5218:21)
[TEST frontend:bbox]     at new ColorPickerController (file:///home/cyrusleung/st-annotator/node_modules/tweakpane/dist/tweakpane.js:5294:28)
[TEST frontend:bbox]     at new ColorController (file:///home/cyrusleung/st-annotator/node_modules/tweakpane/dist/tweakpane.js:5430:25)
[TEST frontend:bbox]     at Object.controller (file:///home/cyrusleung/st-annotator/node_modules/tweakpane/dist/tweakpane.js:5738:16) undefined
[TEST frontend:bbox] Error: Not implemented: HTMLCanvasElement.prototype.getContext (without installing the canvas npm package)
[TEST frontend:bbox]     at module.exports (/home/cyrusleung/st-annotator/node_modules/jsdom/lib/jsdom/browser/not-implemented.js:9:17)
[TEST frontend:bbox]     at HTMLCanvasElementImpl.getContext (/home/cyrusleung/st-annotator/node_modules/jsdom/lib/jsdom/living/nodes/HTMLCanvasElement-impl.js:42:5)
[TEST frontend:bbox]     at HTMLCanvasElement.getContext (/home/cyrusleung/st-annotator/node_modules/jsdom/lib/jsdom/living/generated/HTMLCanvasElement.js:131:58)
[TEST frontend:bbox]     at getCanvasContext (file:///home/cyrusleung/st-annotator/node_modules/tweakpane/dist/tweakpane.js:1117:25)
[TEST frontend:bbox]     at SvPaletteView.update_ (file:///home/cyrusleung/st-annotator/node_modules/tweakpane/dist/tweakpane.js:5176:21)
[TEST frontend:bbox]     at new SvPaletteView (file:///home/cyrusleung/st-annotator/node_modules/tweakpane/dist/tweakpane.js:5173:14)
[TEST frontend:bbox]     at new SvPaletteController (file:///home/cyrusleung/st-annotator/node_modules/tweakpane/dist/tweakpane.js:5218:21)
[TEST frontend:bbox]     at new ColorPickerController (file:///home/cyrusleung/st-annotator/node_modules/tweakpane/dist/tweakpane.js:5294:28)
[TEST frontend:bbox]     at new ColorController (file:///home/cyrusleung/st-annotator/node_modules/tweakpane/dist/tweakpane.js:5430:25)
[TEST frontend:bbox]     at Object.controller (file:///home/cyrusleung/st-annotator/node_modules/tweakpane/dist/tweakpane.js:5738:16) undefined
[TEST frontend:bbox] Error: Not implemented: HTMLCanvasElement.prototype.getContext (without installing the canvas npm package)
[TEST frontend:bbox]     at module.exports (/home/cyrusleung/st-annotator/node_modules/jsdom/lib/jsdom/browser/not-implemented.js:9:17)
[TEST frontend:bbox]     at HTMLCanvasElementImpl.getContext (/home/cyrusleung/st-annotator/node_modules/jsdom/lib/jsdom/living/nodes/HTMLCanvasElement-impl.js:42:5)
[TEST frontend:bbox]     at HTMLCanvasElement.getContext (/home/cyrusleung/st-annotator/node_modules/jsdom/lib/jsdom/living/generated/HTMLCanvasElement.js:131:58)
[TEST frontend:bbox]     at getCanvasContext (file:///home/cyrusleung/st-annotator/node_modules/tweakpane/dist/tweakpane.js:1117:25)
[TEST frontend:bbox]     at SvPaletteView.update_ (file:///home/cyrusleung/st-annotator/node_modules/tweakpane/dist/tweakpane.js:5176:21)
[TEST frontend:bbox]     at new SvPaletteView (file:///home/cyrusleung/st-annotator/node_modules/tweakpane/dist/tweakpane.js:5173:14)
[TEST frontend:bbox]     at new SvPaletteController (file:///home/cyrusleung/st-annotator/node_modules/tweakpane/dist/tweakpane.js:5218:21)
[TEST frontend:bbox]     at new ColorPickerController (file:///home/cyrusleung/st-annotator/node_modules/tweakpane/dist/tweakpane.js:5294:28)
[TEST frontend:bbox]     at new ColorController (file:///home/cyrusleung/st-annotator/node_modules/tweakpane/dist/tweakpane.js:5430:25)
[TEST frontend:bbox]     at Object.controller (file:///home/cyrusleung/st-annotator/node_modules/tweakpane/dist/tweakpane.js:5738:16) undefined
[TEST frontend:bbox] Error: Not implemented: HTMLCanvasElement.prototype.getContext (without installing the canvas npm package)
[TEST frontend:bbox]     at module.exports (/home/cyrusleung/st-annotator/node_modules/jsdom/lib/jsdom/browser/not-implemented.js:9:17)
[TEST frontend:bbox]     at HTMLCanvasElementImpl.getContext (/home/cyrusleung/st-annotator/node_modules/jsdom/lib/jsdom/living/nodes/HTMLCanvasElement-impl.js:42:5)
[TEST frontend:bbox]     at HTMLCanvasElement.getContext (/home/cyrusleung/st-annotator/node_modules/jsdom/lib/jsdom/living/generated/HTMLCanvasElement.js:131:58)
[TEST frontend:bbox]     at getCanvasContext (file:///home/cyrusleung/st-annotator/node_modules/tweakpane/dist/tweakpane.js:1117:25)
[TEST frontend:bbox]     at SvPaletteView.update_ (file:///home/cyrusleung/st-annotator/node_modules/tweakpane/dist/tweakpane.js:5176:21)
[TEST frontend:bbox]     at new SvPaletteView (file:///home/cyrusleung/st-annotator/node_modules/tweakpane/dist/tweakpane.js:5173:14)
[TEST frontend:bbox]     at new SvPaletteController (file:///home/cyrusleung/st-annotator/node_modules/tweakpane/dist/tweakpane.js:5218:21)
[TEST frontend:bbox]     at new ColorPickerController (file:///home/cyrusleung/st-annotator/node_modules/tweakpane/dist/tweakpane.js:5294:28)
[TEST frontend:bbox]     at new ColorController (file:///home/cyrusleung/st-annotator/node_modules/tweakpane/dist/tweakpane.js:5430:25)
[TEST frontend:bbox]     at Object.controller (file:///home/cyrusleung/st-annotator/node_modules/tweakpane/dist/tweakpane.js:5738:16) undefined
[TEST frontend:bbox] 
[TEST frontend:bbox] stderr | test/app/editor/widgets/BBoxPaneContainers.test.tsx > bbox pane containers > drops a pending settings draft when the pane becomes disabled
[TEST frontend:bbox] Error: Not implemented: HTMLCanvasElement.prototype.getContext (without installing the canvas npm package)
[TEST frontend:bbox]     at module.exports (/home/cyrusleung/st-annotator/node_modules/jsdom/lib/jsdom/browser/not-implemented.js:9:17)
[TEST frontend:bbox]     at HTMLCanvasElementImpl.getContext (/home/cyrusleung/st-annotator/node_modules/jsdom/lib/jsdom/living/nodes/HTMLCanvasElement-impl.js:42:5)
[TEST frontend:bbox]     at HTMLCanvasElement.getContext (/home/cyrusleung/st-annotator/node_modules/jsdom/lib/jsdom/living/generated/HTMLCanvasElement.js:131:58)
[TEST frontend:bbox]     at getCanvasContext (file:///home/cyrusleung/st-annotator/node_modules/tweakpane/dist/tweakpane.js:1117:25)
[TEST frontend:bbox]     at SvPaletteView.update_ (file:///home/cyrusleung/st-annotator/node_modules/tweakpane/dist/tweakpane.js:5176:21)
[TEST frontend:bbox]     at new SvPaletteView (file:///home/cyrusleung/st-annotator/node_modules/tweakpane/dist/tweakpane.js:5173:14)
[TEST frontend:bbox]     at new SvPaletteController (file:///home/cyrusleung/st-annotator/node_modules/tweakpane/dist/tweakpane.js:5218:21)
[TEST frontend:bbox]     at new ColorPickerController (file:///home/cyrusleung/st-annotator/node_modules/tweakpane/dist/tweakpane.js:5294:28)
[TEST frontend:bbox]     at new ColorController (file:///home/cyrusleung/st-annotator/node_modules/tweakpane/dist/tweakpane.js:5430:25)
[TEST frontend:bbox]     at Object.controller (file:///home/cyrusleung/st-annotator/node_modules/tweakpane/dist/tweakpane.js:5738:16) undefined
[TEST frontend:bbox] Error: Not implemented: HTMLCanvasElement.prototype.getContext (without installing the canvas npm package)
[TEST frontend:bbox]     at module.exports (/home/cyrusleung/st-annotator/node_modules/jsdom/lib/jsdom/browser/not-implemented.js:9:17)
[TEST frontend:bbox]     at HTMLCanvasElementImpl.getContext (/home/cyrusleung/st-annotator/node_modules/jsdom/lib/jsdom/living/nodes/HTMLCanvasElement-impl.js:42:5)
[TEST frontend:bbox]     at HTMLCanvasElement.getContext (/home/cyrusleung/st-annotator/node_modules/jsdom/lib/jsdom/living/generated/HTMLCanvasElement.js:131:58)
[TEST frontend:bbox]     at getCanvasContext (file:///home/cyrusleung/st-annotator/node_modules/tweakpane/dist/tweakpane.js:1117:25)
[TEST frontend:bbox]     at SvPaletteView.update_ (file:///home/cyrusleung/st-annotator/node_modules/tweakpane/dist/tweakpane.js:5176:21)
[TEST frontend:bbox]     at new SvPaletteView (file:///home/cyrusleung/st-annotator/node_modules/tweakpane/dist/tweakpane.js:5173:14)
[TEST frontend:bbox]     at new SvPaletteController (file:///home/cyrusleung/st-annotator/node_modules/tweakpane/dist/tweakpane.js:5218:21)
[TEST frontend:bbox]     at new ColorPickerController (file:///home/cyrusleung/st-annotator/node_modules/tweakpane/dist/tweakpane.js:5294:28)
[TEST frontend:bbox]     at new ColorController (file:///home/cyrusleung/st-annotator/node_modules/tweakpane/dist/tweakpane.js:5430:25)
[TEST frontend:bbox]     at Object.controller (file:///home/cyrusleung/st-annotator/node_modules/tweakpane/dist/tweakpane.js:5738:16) undefined
[TEST frontend:bbox] 
[TEST frontend:bbox] stderr | test/app/editor/widgets/BBoxPaneContainers.test.tsx > bbox pane containers > dispatches every Show-* preferences toggle through the bbox settings intents
[TEST frontend:bbox] Error: Not implemented: HTMLCanvasElement.prototype.getContext (without installing the canvas npm package)
[TEST frontend:bbox]     at module.exports (/home/cyrusleung/st-annotator/node_modules/jsdom/lib/jsdom/browser/not-implemented.js:9:17)
[TEST frontend:bbox]     at HTMLCanvasElementImpl.getContext (/home/cyrusleung/st-annotator/node_modules/jsdom/lib/jsdom/living/nodes/HTMLCanvasElement-impl.js:42:5)
[TEST frontend:bbox]     at HTMLCanvasElement.getContext (/home/cyrusleung/st-annotator/node_modules/jsdom/lib/jsdom/living/generated/HTMLCanvasElement.js:131:58)
[TEST frontend:bbox]     at getCanvasContext (file:///home/cyrusleung/st-annotator/node_modules/tweakpane/dist/tweakpane.js:1117:25)
[TEST frontend:bbox]     at SvPaletteView.update_ (file:///home/cyrusleung/st-annotator/node_modules/tweakpane/dist/tweakpane.js:5176:21)
[TEST frontend:bbox]     at new SvPaletteView (file:///home/cyrusleung/st-annotator/node_modules/tweakpane/dist/tweakpane.js:5173:14)
[TEST frontend:bbox]     at new SvPaletteController (file:///home/cyrusleung/st-annotator/node_modules/tweakpane/dist/tweakpane.js:5218:21)
[TEST frontend:bbox]     at new ColorPickerController (file:///home/cyrusleung/st-annotator/node_modules/tweakpane/dist/tweakpane.js:5294:28)
[TEST frontend:bbox]     at new ColorController (file:///home/cyrusleung/st-annotator/node_modules/tweakpane/dist/tweakpane.js:5430:25)
[TEST frontend:bbox]     at Object.controller (file:///home/cyrusleung/st-annotator/node_modules/tweakpane/dist/tweakpane.js:5738:16) undefined
[TEST frontend:bbox] Error: Not implemented: HTMLCanvasElement.prototype.getContext (without installing the canvas npm package)
[TEST frontend:bbox]     at module.exports (/home/cyrusleung/st-annotator/node_modules/jsdom/lib/jsdom/browser/not-implemented.js:9:17)
[TEST frontend:bbox]     at HTMLCanvasElementImpl.getContext (/home/cyrusleung/st-annotator/node_modules/jsdom/lib/jsdom/living/nodes/HTMLCanvasElement-impl.js:42:5)
[TEST frontend:bbox]     at HTMLCanvasElement.getContext (/home/cyrusleung/st-annotator/node_modules/jsdom/lib/jsdom/living/generated/HTMLCanvasElement.js:131:58)
[TEST frontend:bbox]     at getCanvasContext (file:///home/cyrusleung/st-annotator/node_modules/tweakpane/dist/tweakpane.js:1117:25)
[TEST frontend:bbox]     at SvPaletteView.update_ (file:///home/cyrusleung/st-annotator/node_modules/tweakpane/dist/tweakpane.js:5176:21)
[TEST frontend:bbox]     at new SvPaletteView (file:///home/cyrusleung/st-annotator/node_modules/tweakpane/dist/tweakpane.js:5173:14)
[TEST frontend:bbox]     at new SvPaletteController (file:///home/cyrusleung/st-annotator/node_modules/tweakpane/dist/tweakpane.js:5218:21)
[TEST frontend:bbox]     at new ColorPickerController (file:///home/cyrusleung/st-annotator/node_modules/tweakpane/dist/tweakpane.js:5294:28)
[TEST frontend:bbox]     at new ColorController (file:///home/cyrusleung/st-annotator/node_modules/tweakpane/dist/tweakpane.js:5430:25)
[TEST frontend:bbox]     at Object.controller (file:///home/cyrusleung/st-annotator/node_modules/tweakpane/dist/tweakpane.js:5738:16) undefined
[TEST frontend:bbox] Error: Not implemented: HTMLCanvasElement.prototype.getContext (without installing the canvas npm package)
[TEST frontend:bbox]     at module.exports (/home/cyrusleung/st-annotator/node_modules/jsdom/lib/jsdom/browser/not-implemented.js:9:17)
[TEST frontend:bbox]     at HTMLCanvasElementImpl.getContext (/home/cyrusleung/st-annotator/node_modules/jsdom/lib/jsdom/living/nodes/HTMLCanvasElement-impl.js:42:5)
[TEST frontend:bbox]     at HTMLCanvasElement.getContext (/home/cyrusleung/st-annotator/node_modules/jsdom/lib/jsdom/living/generated/HTMLCanvasElement.js:131:58)
[TEST frontend:bbox]     at getCanvasContext (file:///home/cyrusleung/st-annotator/node_modules/tweakpane/dist/tweakpane.js:1117:25)
[TEST frontend:bbox]     at SvPaletteView.update_ (file:///home/cyrusleung/st-annotator/node_modules/tweakpane/dist/tweakpane.js:5176:21)
[TEST frontend:bbox]     at new SvPaletteView (file:///home/cyrusleung/st-annotator/node_modules/tweakpane/dist/tweakpane.js:5173:14)
[TEST frontend:bbox]     at new SvPaletteController (file:///home/cyrusleung/st-annotator/node_modules/tweakpane/dist/tweakpane.js:5218:21)
[TEST frontend:bbox]     at new ColorPickerController (file:///home/cyrusleung/st-annotator/node_modules/tweakpane/dist/tweakpane.js:5294:28)
[TEST frontend:bbox]     at new ColorController (file:///home/cyrusleung/st-annotator/node_modules/tweakpane/dist/tweakpane.js:5430:25)
[TEST frontend:bbox]     at Object.controller (file:///home/cyrusleung/st-annotator/node_modules/tweakpane/dist/tweakpane.js:5738:16) undefined
[TEST frontend:bbox] Error: Not implemented: HTMLCanvasElement.prototype.getContext (without installing the canvas npm package)
[TEST frontend:bbox]     at module.exports (/home/cyrusleung/st-annotator/node_modules/jsdom/lib/jsdom/browser/not-implemented.js:9:17)
[TEST frontend:bbox]     at HTMLCanvasElementImpl.getContext (/home/cyrusleung/st-annotator/node_modules/jsdom/lib/jsdom/living/nodes/HTMLCanvasElement-impl.js:42:5)
[TEST frontend:bbox]     at HTMLCanvasElement.getContext (/home/cyrusleung/st-annotator/node_modules/jsdom/lib/jsdom/living/generated/HTMLCanvasElement.js:131:58)
[TEST frontend:bbox]     at getCanvasContext (file:///home/cyrusleung/st-annotator/node_modules/tweakpane/dist/tweakpane.js:1117:25)
[TEST frontend:bbox]     at SvPaletteView.update_ (file:///home/cyrusleung/st-annotator/node_modules/tweakpane/dist/tweakpane.js:5176:21)
[TEST frontend:bbox]     at new SvPaletteView (file:///home/cyrusleung/st-annotator/node_modules/tweakpane/dist/tweakpane.js:5173:14)
[TEST frontend:bbox]     at new SvPaletteController (file:///home/cyrusleung/st-annotator/node_modules/tweakpane/dist/tweakpane.js:5218:21)
[TEST frontend:bbox]     at new ColorPickerController (file:///home/cyrusleung/st-annotator/node_modules/tweakpane/dist/tweakpane.js:5294:28)
[TEST frontend:bbox]     at new ColorController (file:///home/cyrusleung/st-annotator/node_modules/tweakpane/dist/tweakpane.js:5430:25)
[TEST frontend:bbox]     at Object.controller (file:///home/cyrusleung/st-annotator/node_modules/tweakpane/dist/tweakpane.js:5738:16) undefined
[TEST frontend:bbox] 
[TEST frontend:bbox] stderr | test/app/editor/widgets/BBoxPaneContainers.test.tsx > bbox pane containers > dispatches every Show-* preferences toggle through the bbox settings intents
[TEST frontend:bbox] Error: Not implemented: HTMLCanvasElement.prototype.getContext (without installing the canvas npm package)
[TEST frontend:bbox]     at module.exports (/home/cyrusleung/st-annotator/node_modules/jsdom/lib/jsdom/browser/not-implemented.js:9:17)
[TEST frontend:bbox]     at HTMLCanvasElementImpl.getContext (/home/cyrusleung/st-annotator/node_modules/jsdom/lib/jsdom/living/nodes/HTMLCanvasElement-impl.js:42:5)
[TEST frontend:bbox]     at HTMLCanvasElement.getContext (/home/cyrusleung/st-annotator/node_modules/jsdom/lib/jsdom/living/generated/HTMLCanvasElement.js:131:58)
[TEST frontend:bbox]     at getCanvasContext (file:///home/cyrusleung/st-annotator/node_modules/tweakpane/dist/tweakpane.js:1117:25)
[TEST frontend:bbox]     at SvPaletteView.update_ (file:///home/cyrusleung/st-annotator/node_modules/tweakpane/dist/tweakpane.js:5176:21)
[TEST frontend:bbox]     at new SvPaletteView (file:///home/cyrusleung/st-annotator/node_modules/tweakpane/dist/tweakpane.js:5173:14)
[TEST frontend:bbox]     at new SvPaletteController (file:///home/cyrusleung/st-annotator/node_modules/tweakpane/dist/tweakpane.js:5218:21)
[TEST frontend:bbox]     at new ColorPickerController (file:///home/cyrusleung/st-annotator/node_modules/tweakpane/dist/tweakpane.js:5294:28)
[TEST frontend:bbox]     at new ColorController (file:///home/cyrusleung/st-annotator/node_modules/tweakpane/dist/tweakpane.js:5430:25)
[TEST frontend:bbox]     at Object.controller (file:///home/cyrusleung/st-annotator/node_modules/tweakpane/dist/tweakpane.js:5738:16) undefined
[TEST frontend:bbox] Error: Not implemented: HTMLCanvasElement.prototype.getContext (without installing the canvas npm package)
[TEST frontend:bbox]     at module.exports (/home/cyrusleung/st-annotator/node_modules/jsdom/lib/jsdom/browser/not-implemented.js:9:17)
[TEST frontend:bbox]     at HTMLCanvasElementImpl.getContext (/home/cyrusleung/st-annotator/node_modules/jsdom/lib/jsdom/living/nodes/HTMLCanvasElement-impl.js:42:5)
[TEST frontend:bbox]     at HTMLCanvasElement.getContext (/home/cyrusleung/st-annotator/node_modules/jsdom/lib/jsdom/living/generated/HTMLCanvasElement.js:131:58)
[TEST frontend:bbox]     at getCanvasContext (file:///home/cyrusleung/st-annotator/node_modules/tweakpane/dist/tweakpane.js:1117:25)
[TEST frontend:bbox]     at SvPaletteView.update_ (file:///home/cyrusleung/st-annotator/node_modules/tweakpane/dist/tweakpane.js:5176:21)
[TEST frontend:bbox]     at new SvPaletteView (file:///home/cyrusleung/st-annotator/node_modules/tweakpane/dist/tweakpane.js:5173:14)
[TEST frontend:bbox]     at new SvPaletteController (file:///home/cyrusleung/st-annotator/node_modules/tweakpane/dist/tweakpane.js:5218:21)
[TEST frontend:bbox]     at new ColorPickerController (file:///home/cyrusleung/st-annotator/node_modules/tweakpane/dist/tweakpane.js:5294:28)
[TEST frontend:bbox]     at new ColorController (file:///home/cyrusleung/st-annotator/node_modules/tweakpane/dist/tweakpane.js:5430:25)
[TEST frontend:bbox]     at Object.controller (file:///home/cyrusleung/st-annotator/node_modules/tweakpane/dist/tweakpane.js:5738:16) undefined
[TEST frontend:bbox] Error: Not implemented: HTMLCanvasElement.prototype.getContext (without installing the canvas npm package)
[TEST frontend:bbox]     at module.exports (/home/cyrusleung/st-annotator/node_modules/jsdom/lib/jsdom/browser/not-implemented.js:9:17)
[TEST frontend:bbox]     at HTMLCanvasElementImpl.getContext (/home/cyrusleung/st-annotator/node_modules/jsdom/lib/jsdom/living/nodes/HTMLCanvasElement-impl.js:42:5)
[TEST frontend:bbox]     at HTMLCanvasElement.getContext (/home/cyrusleung/st-annotator/node_modules/jsdom/lib/jsdom/living/generated/HTMLCanvasElement.js:131:58)
[TEST frontend:bbox]     at getCanvasContext (file:///home/cyrusleung/st-annotator/node_modules/tweakpane/dist/tweakpane.js:1117:25)
[TEST frontend:bbox]     at SvPaletteView.update_ (file:///home/cyrusleung/st-annotator/node_modules/tweakpane/dist/tweakpane.js:5176:21)
[TEST frontend:bbox]     at new SvPaletteView (file:///home/cyrusleung/st-annotator/node_modules/tweakpane/dist/tweakpane.js:5173:14)
[TEST frontend:bbox]     at new SvPaletteController (file:///home/cyrusleung/st-annotator/node_modules/tweakpane/dist/tweakpane.js:5218:21)
[TEST frontend:bbox]     at new ColorPickerController (file:///home/cyrusleung/st-annotator/node_modules/tweakpane/dist/tweakpane.js:5294:28)
[TEST frontend:bbox]     at new ColorController (file:///home/cyrusleung/st-annotator/node_modules/tweakpane/dist/tweakpane.js:5430:25)
[TEST frontend:bbox]     at Object.controller (file:///home/cyrusleung/st-annotator/node_modules/tweakpane/dist/tweakpane.js:5738:16) undefined
[TEST frontend:bbox] Error: Not implemented: HTMLCanvasElement.prototype.getContext (without installing the canvas npm package)
[TEST frontend:bbox]     at module.exports (/home/cyrusleung/st-annotator/node_modules/jsdom/lib/jsdom/browser/not-implemented.js:9:17)
[TEST frontend:bbox]     at HTMLCanvasElementImpl.getContext (/home/cyrusleung/st-annotator/node_modules/jsdom/lib/jsdom/living/nodes/HTMLCanvasElement-impl.js:42:5)
[TEST frontend:bbox]     at HTMLCanvasElement.getContext (/home/cyrusleung/st-annotator/node_modules/jsdom/lib/jsdom/living/generated/HTMLCanvasElement.js:131:58)
[TEST frontend:bbox]     at getCanvasContext (file:///home/cyrusleung/st-annotator/node_modules/tweakpane/dist/tweakpane.js:1117:25)
[TEST frontend:bbox]     at SvPaletteView.update_ (file:///home/cyrusleung/st-annotator/node_modules/tweakpane/dist/tweakpane.js:5176:21)
[TEST frontend:bbox]     at new SvPaletteView (file:///home/cyrusleung/st-annotator/node_modules/tweakpane/dist/tweakpane.js:5173:14)
[TEST frontend:bbox]     at new SvPaletteController (file:///home/cyrusleung/st-annotator/node_modules/tweakpane/dist/tweakpane.js:5218:21)
[TEST frontend:bbox]     at new ColorPickerController (file:///home/cyrusleung/st-annotator/node_modules/tweakpane/dist/tweakpane.js:5294:28)
[TEST frontend:bbox]     at new ColorController (file:///home/cyrusleung/st-annotator/node_modules/tweakpane/dist/tweakpane.js:5430:25)
[TEST frontend:bbox]     at Object.controller (file:///home/cyrusleung/st-annotator/node_modules/tweakpane/dist/tweakpane.js:5738:16) undefined
[TEST frontend:bbox] 
[TEST frontend:segmentation]  ✓ test/app/editor/widgets/SegmentationInspectorCoordinators.test.tsx  (8 tests) 1177ms
[TEST frontend:bbox] stderr | test/app/editor/widgets/BBoxPaneContainers.test.tsx > bbox pane containers > dispatches every Show-* preferences toggle through the bbox settings intents
[TEST frontend:bbox] Error: Not implemented: HTMLCanvasElement.prototype.getContext (without installing the canvas npm package)
[TEST frontend:bbox]     at module.exports (/home/cyrusleung/st-annotator/node_modules/jsdom/lib/jsdom/browser/not-implemented.js:9:17)
[TEST frontend:bbox]     at HTMLCanvasElementImpl.getContext (/home/cyrusleung/st-annotator/node_modules/jsdom/lib/jsdom/living/nodes/HTMLCanvasElement-impl.js:42:5)
[TEST frontend:bbox]     at HTMLCanvasElement.getContext (/home/cyrusleung/st-annotator/node_modules/jsdom/lib/jsdom/living/generated/HTMLCanvasElement.js:131:58)
[TEST frontend:bbox]     at getCanvasContext (file:///home/cyrusleung/st-annotator/node_modules/tweakpane/dist/tweakpane.js:1117:25)
[TEST frontend:bbox]     at SvPaletteView.update_ (file:///home/cyrusleung/st-annotator/node_modules/tweakpane/dist/tweakpane.js:5176:21)
[TEST frontend:bbox]     at new SvPaletteView (file:///home/cyrusleung/st-annotator/node_modules/tweakpane/dist/tweakpane.js:5173:14)
[TEST frontend:bbox]     at new SvPaletteController (file:///home/cyrusleung/st-annotator/node_modules/tweakpane/dist/tweakpane.js:5218:21)
[TEST frontend:bbox]     at new ColorPickerController (file:///home/cyrusleung/st-annotator/node_modules/tweakpane/dist/tweakpane.js:5294:28)
[TEST frontend:bbox]     at new ColorController (file:///home/cyrusleung/st-annotator/node_modules/tweakpane/dist/tweakpane.js:5430:25)
[TEST frontend:bbox]     at Object.controller (file:///home/cyrusleung/st-annotator/node_modules/tweakpane/dist/tweakpane.js:5738:16) undefined
[TEST frontend:bbox] Error: Not implemented: HTMLCanvasElement.prototype.getContext (without installing the canvas npm package)
[TEST frontend:bbox]     at module.exports (/home/cyrusleung/st-annotator/node_modules/jsdom/lib/jsdom/browser/not-implemented.js:9:17)
[TEST frontend:bbox]     at HTMLCanvasElementImpl.getContext (/home/cyrusleung/st-annotator/node_modules/jsdom/lib/jsdom/living/nodes/HTMLCanvasElement-impl.js:42:5)
[TEST frontend:bbox]     at HTMLCanvasElement.getContext (/home/cyrusleung/st-annotator/node_modules/jsdom/lib/jsdom/living/generated/HTMLCanvasElement.js:131:58)
[TEST frontend:bbox]     at getCanvasContext (file:///home/cyrusleung/st-annotator/node_modules/tweakpane/dist/tweakpane.js:1117:25)
[TEST frontend:bbox]     at SvPaletteView.update_ (file:///home/cyrusleung/st-annotator/node_modules/tweakpane/dist/tweakpane.js:5176:21)
[TEST frontend:bbox]     at new SvPaletteView (file:///home/cyrusleung/st-annotator/node_modules/tweakpane/dist/tweakpane.js:5173:14)
[TEST frontend:bbox]     at new SvPaletteController (file:///home/cyrusleung/st-annotator/node_modules/tweakpane/dist/tweakpane.js:5218:21)
[TEST frontend:bbox]     at new ColorPickerController (file:///home/cyrusleung/st-annotator/node_modules/tweakpane/dist/tweakpane.js:5294:28)
[TEST frontend:bbox]     at new ColorController (file:///home/cyrusleung/st-annotator/node_modules/tweakpane/dist/tweakpane.js:5430:25)
[TEST frontend:bbox]     at Object.controller (file:///home/cyrusleung/st-annotator/node_modules/tweakpane/dist/tweakpane.js:5738:16) undefined
[TEST frontend:bbox] Error: Not implemented: HTMLCanvasElement.prototype.getContext (without installing the canvas npm package)
[TEST frontend:bbox]     at module.exports (/home/cyrusleung/st-annotator/node_modules/jsdom/lib/jsdom/browser/not-implemented.js:9:17)
[TEST frontend:bbox]     at HTMLCanvasElementImpl.getContext (/home/cyrusleung/st-annotator/node_modules/jsdom/lib/jsdom/living/nodes/HTMLCanvasElement-impl.js:42:5)
[TEST frontend:bbox]     at HTMLCanvasElement.getContext (/home/cyrusleung/st-annotator/node_modules/jsdom/lib/jsdom/living/generated/HTMLCanvasElement.js:131:58)
[TEST frontend:bbox]     at getCanvasContext (file:///home/cyrusleung/st-annotator/node_modules/tweakpane/dist/tweakpane.js:1117:25)
[TEST frontend:bbox]     at SvPaletteView.update_ (file:///home/cyrusleung/st-annotator/node_modules/tweakpane/dist/tweakpane.js:5176:21)
[TEST frontend:bbox]     at new SvPaletteView (file:///home/cyrusleung/st-annotator/node_modules/tweakpane/dist/tweakpane.js:5173:14)
[TEST frontend:bbox]     at new SvPaletteController (file:///home/cyrusleung/st-annotator/node_modules/tweakpane/dist/tweakpane.js:5218:21)
[TEST frontend:bbox]     at new ColorPickerController (file:///home/cyrusleung/st-annotator/node_modules/tweakpane/dist/tweakpane.js:5294:28)
[TEST frontend:bbox]     at new ColorController (file:///home/cyrusleung/st-annotator/node_modules/tweakpane/dist/tweakpane.js:5430:25)
[TEST frontend:bbox]     at Object.controller (file:///home/cyrusleung/st-annotator/node_modules/tweakpane/dist/tweakpane.js:5738:16) undefined
[TEST frontend:bbox] Error: Not implemented: HTMLCanvasElement.prototype.getContext (without installing the canvas npm package)
[TEST frontend:bbox]     at module.exports (/home/cyrusleung/st-annotator/node_modules/jsdom/lib/jsdom/browser/not-implemented.js:9:17)
[TEST frontend:bbox]     at HTMLCanvasElementImpl.getContext (/home/cyrusleung/st-annotator/node_modules/jsdom/lib/jsdom/living/nodes/HTMLCanvasElement-impl.js:42:5)
[TEST frontend:bbox]     at HTMLCanvasElement.getContext (/home/cyrusleung/st-annotator/node_modules/jsdom/lib/jsdom/living/generated/HTMLCanvasElement.js:131:58)
[TEST frontend:bbox]     at getCanvasContext (file:///home/cyrusleung/st-annotator/node_modules/tweakpane/dist/tweakpane.js:1117:25)
[TEST frontend:bbox]     at SvPaletteView.update_ (file:///home/cyrusleung/st-annotator/node_modules/tweakpane/dist/tweakpane.js:5176:21)
[TEST frontend:bbox]     at new SvPaletteView (file:///home/cyrusleung/st-annotator/node_modules/tweakpane/dist/tweakpane.js:5173:14)
[TEST frontend:bbox]     at new SvPaletteController (file:///home/cyrusleung/st-annotator/node_modules/tweakpane/dist/tweakpane.js:5218:21)
[TEST frontend:bbox]     at new ColorPickerController (file:///home/cyrusleung/st-annotator/node_modules/tweakpane/dist/tweakpane.js:5294:28)
[TEST frontend:bbox]     at new ColorController (file:///home/cyrusleung/st-annotator/node_modules/tweakpane/dist/tweakpane.js:5430:25)
[TEST frontend:bbox]     at Object.controller (file:///home/cyrusleung/st-annotator/node_modules/tweakpane/dist/tweakpane.js:5738:16) undefined
[TEST frontend:bbox] 
[TEST frontend:bbox] stderr | test/app/editor/widgets/BBoxPaneContainers.test.tsx > bbox pane containers > dispatches every Show-* preferences toggle through the bbox settings intents
[TEST frontend:bbox] Error: Not implemented: HTMLCanvasElement.prototype.getContext (without installing the canvas npm package)
[TEST frontend:bbox]     at module.exports (/home/cyrusleung/st-annotator/node_modules/jsdom/lib/jsdom/browser/not-implemented.js:9:17)
[TEST frontend:bbox]     at HTMLCanvasElementImpl.getContext (/home/cyrusleung/st-annotator/node_modules/jsdom/lib/jsdom/living/nodes/HTMLCanvasElement-impl.js:42:5)
[TEST frontend:bbox]     at HTMLCanvasElement.getContext (/home/cyrusleung/st-annotator/node_modules/jsdom/lib/jsdom/living/generated/HTMLCanvasElement.js:131:58)
[TEST frontend:bbox]     at getCanvasContext (file:///home/cyrusleung/st-annotator/node_modules/tweakpane/dist/tweakpane.js:1117:25)
[TEST frontend:bbox]     at SvPaletteView.update_ (file:///home/cyrusleung/st-annotator/node_modules/tweakpane/dist/tweakpane.js:5176:21)
[TEST frontend:bbox]     at new SvPaletteView (file:///home/cyrusleung/st-annotator/node_modules/tweakpane/dist/tweakpane.js:5173:14)
[TEST frontend:bbox]     at new SvPaletteController (file:///home/cyrusleung/st-annotator/node_modules/tweakpane/dist/tweakpane.js:5218:21)
[TEST frontend:bbox]     at new ColorPickerController (file:///home/cyrusleung/st-annotator/node_modules/tweakpane/dist/tweakpane.js:5294:28)
[TEST frontend:bbox]     at new ColorController (file:///home/cyrusleung/st-annotator/node_modules/tweakpane/dist/tweakpane.js:5430:25)
[TEST frontend:bbox]     at Object.controller (file:///home/cyrusleung/st-annotator/node_modules/tweakpane/dist/tweakpane.js:5738:16) undefined
[TEST frontend:bbox] Error: Not implemented: HTMLCanvasElement.prototype.getContext (without installing the canvas npm package)
[TEST frontend:bbox]     at module.exports (/home/cyrusleung/st-annotator/node_modules/jsdom/lib/jsdom/browser/not-implemented.js:9:17)
[TEST frontend:bbox]     at HTMLCanvasElementImpl.getContext (/home/cyrusleung/st-annotator/node_modules/jsdom/lib/jsdom/living/nodes/HTMLCanvasElement-impl.js:42:5)
[TEST frontend:bbox]     at HTMLCanvasElement.getContext (/home/cyrusleung/st-annotator/node_modules/jsdom/lib/jsdom/living/generated/HTMLCanvasElement.js:131:58)
[TEST frontend:bbox]     at getCanvasContext (file:///home/cyrusleung/st-annotator/node_modules/tweakpane/dist/tweakpane.js:1117:25)
[TEST frontend:bbox]     at SvPaletteView.update_ (file:///home/cyrusleung/st-annotator/node_modules/tweakpane/dist/tweakpane.js:5176:21)
[TEST frontend:bbox]     at new SvPaletteView (file:///home/cyrusleung/st-annotator/node_modules/tweakpane/dist/tweakpane.js:5173:14)
[TEST frontend:bbox]     at new SvPaletteController (file:///home/cyrusleung/st-annotator/node_modules/tweakpane/dist/tweakpane.js:5218:21)
[TEST frontend:bbox]     at new ColorPickerController (file:///home/cyrusleung/st-annotator/node_modules/tweakpane/dist/tweakpane.js:5294:28)
[TEST frontend:bbox]     at new ColorController (file:///home/cyrusleung/st-annotator/node_modules/tweakpane/dist/tweakpane.js:5430:25)
[TEST frontend:bbox]     at Object.controller (file:///home/cyrusleung/st-annotator/node_modules/tweakpane/dist/tweakpane.js:5738:16) undefined
[TEST frontend:bbox] Error: Not implemented: HTMLCanvasElement.prototype.getContext (without installing the canvas npm package)
[TEST frontend:bbox]     at module.exports (/home/cyrusleung/st-annotator/node_modules/jsdom/lib/jsdom/browser/not-implemented.js:9:17)
[TEST frontend:bbox]     at HTMLCanvasElementImpl.getContext (/home/cyrusleung/st-annotator/node_modules/jsdom/lib/jsdom/living/nodes/HTMLCanvasElement-impl.js:42:5)
[TEST frontend:bbox]     at HTMLCanvasElement.getContext (/home/cyrusleung/st-annotator/node_modules/jsdom/lib/jsdom/living/generated/HTMLCanvasElement.js:131:58)
[TEST frontend:bbox]     at getCanvasContext (file:///home/cyrusleung/st-annotator/node_modules/tweakpane/dist/tweakpane.js:1117:25)
[TEST frontend:bbox]     at SvPaletteView.update_ (file:///home/cyrusleung/st-annotator/node_modules/tweakpane/dist/tweakpane.js:5176:21)
[TEST frontend:bbox]     at new SvPaletteView (file:///home/cyrusleung/st-annotator/node_modules/tweakpane/dist/tweakpane.js:5173:14)
[TEST frontend:bbox]     at new SvPaletteController (file:///home/cyrusleung/st-annotator/node_modules/tweakpane/dist/tweakpane.js:5218:21)
[TEST frontend:bbox]     at new ColorPickerController (file:///home/cyrusleung/st-annotator/node_modules/tweakpane/dist/tweakpane.js:5294:28)
[TEST frontend:bbox]     at new ColorController (file:///home/cyrusleung/st-annotator/node_modules/tweakpane/dist/tweakpane.js:5430:25)
[TEST frontend:bbox]     at Object.controller (file:///home/cyrusleung/st-annotator/node_modules/tweakpane/dist/tweakpane.js:5738:16) undefined
[TEST frontend:bbox] Error: Not implemented: HTMLCanvasElement.prototype.getContext (without installing the canvas npm package)
[TEST frontend:bbox]     at module.exports (/home/cyrusleung/st-annotator/node_modules/jsdom/lib/jsdom/browser/not-implemented.js:9:17)
[TEST frontend:bbox]     at HTMLCanvasElementImpl.getContext (/home/cyrusleung/st-annotator/node_modules/jsdom/lib/jsdom/living/nodes/HTMLCanvasElement-impl.js:42:5)
[TEST frontend:bbox]     at HTMLCanvasElement.getContext (/home/cyrusleung/st-annotator/node_modules/jsdom/lib/jsdom/living/generated/HTMLCanvasElement.js:131:58)
[TEST frontend:bbox]     at getCanvasContext (file:///home/cyrusleung/st-annotator/node_modules/tweakpane/dist/tweakpane.js:1117:25)
[TEST frontend:bbox]     at SvPaletteView.update_ (file:///home/cyrusleung/st-annotator/node_modules/tweakpane/dist/tweakpane.js:5176:21)
[TEST frontend:bbox]     at new SvPaletteView (file:///home/cyrusleung/st-annotator/node_modules/tweakpane/dist/tweakpane.js:5173:14)
[TEST frontend:bbox]     at new SvPaletteController (file:///home/cyrusleung/st-annotator/node_modules/tweakpane/dist/tweakpane.js:5218:21)
[TEST frontend:bbox]     at new ColorPickerController (file:///home/cyrusleung/st-annotator/node_modules/tweakpane/dist/tweakpane.js:5294:28)
[TEST frontend:bbox]     at new ColorController (file:///home/cyrusleung/st-annotator/node_modules/tweakpane/dist/tweakpane.js:5430:25)
[TEST frontend:bbox]     at Object.controller (file:///home/cyrusleung/st-annotator/node_modules/tweakpane/dist/tweakpane.js:5738:16) undefined
[TEST frontend:bbox] 
[TEST frontend:bbox] stderr | test/app/editor/widgets/BBoxPaneContainers.test.tsx > bbox pane containers > dispatches every Show-* preferences toggle through the bbox settings intents
[TEST frontend:bbox] Error: Not implemented: HTMLCanvasElement.prototype.getContext (without installing the canvas npm package)
[TEST frontend:bbox]     at module.exports (/home/cyrusleung/st-annotator/node_modules/jsdom/lib/jsdom/browser/not-implemented.js:9:17)
[TEST frontend:bbox]     at HTMLCanvasElementImpl.getContext (/home/cyrusleung/st-annotator/node_modules/jsdom/lib/jsdom/living/nodes/HTMLCanvasElement-impl.js:42:5)
[TEST frontend:bbox]     at HTMLCanvasElement.getContext (/home/cyrusleung/st-annotator/node_modules/jsdom/lib/jsdom/living/generated/HTMLCanvasElement.js:131:58)
[TEST frontend:bbox]     at getCanvasContext (file:///home/cyrusleung/st-annotator/node_modules/tweakpane/dist/tweakpane.js:1117:25)
[TEST frontend:bbox]     at SvPaletteView.update_ (file:///home/cyrusleung/st-annotator/node_modules/tweakpane/dist/tweakpane.js:5176:21)
[TEST frontend:bbox]     at new SvPaletteView (file:///home/cyrusleung/st-annotator/node_modules/tweakpane/dist/tweakpane.js:5173:14)
[TEST frontend:bbox]     at new SvPaletteController (file:///home/cyrusleung/st-annotator/node_modules/tweakpane/dist/tweakpane.js:5218:21)
[TEST frontend:bbox]     at new ColorPickerController (file:///home/cyrusleung/st-annotator/node_modules/tweakpane/dist/tweakpane.js:5294:28)
[TEST frontend:bbox]     at new ColorController (file:///home/cyrusleung/st-annotator/node_modules/tweakpane/dist/tweakpane.js:5430:25)
[TEST frontend:bbox]     at Object.controller (file:///home/cyrusleung/st-annotator/node_modules/tweakpane/dist/tweakpane.js:5738:16) undefined
[TEST frontend:bbox] Error: Not implemented: HTMLCanvasElement.prototype.getContext (without installing the canvas npm package)
[TEST frontend:bbox]     at module.exports (/home/cyrusleung/st-annotator/node_modules/jsdom/lib/jsdom/browser/not-implemented.js:9:17)
[TEST frontend:bbox]     at HTMLCanvasElementImpl.getContext (/home/cyrusleung/st-annotator/node_modules/jsdom/lib/jsdom/living/nodes/HTMLCanvasElement-impl.js:42:5)
[TEST frontend:bbox]     at HTMLCanvasElement.getContext (/home/cyrusleung/st-annotator/node_modules/jsdom/lib/jsdom/living/generated/HTMLCanvasElement.js:131:58)
[TEST frontend:bbox]     at getCanvasContext (file:///home/cyrusleung/st-annotator/node_modules/tweakpane/dist/tweakpane.js:1117:25)
[TEST frontend:bbox]     at SvPaletteView.update_ (file:///home/cyrusleung/st-annotator/node_modules/tweakpane/dist/tweakpane.js:5176:21)
[TEST frontend:bbox]     at new SvPaletteView (file:///home/cyrusleung/st-annotator/node_modules/tweakpane/dist/tweakpane.js:5173:14)
[TEST frontend:bbox]     at new SvPaletteController (file:///home/cyrusleung/st-annotator/node_modules/tweakpane/dist/tweakpane.js:5218:21)
[TEST frontend:bbox]     at new ColorPickerController (file:///home/cyrusleung/st-annotator/node_modules/tweakpane/dist/tweakpane.js:5294:28)
[TEST frontend:bbox]     at new ColorController (file:///home/cyrusleung/st-annotator/node_modules/tweakpane/dist/tweakpane.js:5430:25)
[TEST frontend:bbox]     at Object.controller (file:///home/cyrusleung/st-annotator/node_modules/tweakpane/dist/tweakpane.js:5738:16) undefined
[TEST frontend:bbox] Error: Not implemented: HTMLCanvasElement.prototype.getContext (without installing the canvas npm package)
[TEST frontend:bbox]     at module.exports (/home/cyrusleung/st-annotator/node_modules/jsdom/lib/jsdom/browser/not-implemented.js:9:17)
[TEST frontend:bbox]     at HTMLCanvasElementImpl.getContext (/home/cyrusleung/st-annotator/node_modules/jsdom/lib/jsdom/living/nodes/HTMLCanvasElement-impl.js:42:5)
[TEST frontend:bbox]     at HTMLCanvasElement.getContext (/home/cyrusleung/st-annotator/node_modules/jsdom/lib/jsdom/living/generated/HTMLCanvasElement.js:131:58)
[TEST frontend:bbox]     at getCanvasContext (file:///home/cyrusleung/st-annotator/node_modules/tweakpane/dist/tweakpane.js:1117:25)
[TEST frontend:bbox]     at SvPaletteView.update_ (file:///home/cyrusleung/st-annotator/node_modules/tweakpane/dist/tweakpane.js:5176:21)
[TEST frontend:bbox]     at new SvPaletteView (file:///home/cyrusleung/st-annotator/node_modules/tweakpane/dist/tweakpane.js:5173:14)
[TEST frontend:bbox]     at new SvPaletteController (file:///home/cyrusleung/st-annotator/node_modules/tweakpane/dist/tweakpane.js:5218:21)
[TEST frontend:bbox]     at new ColorPickerController (file:///home/cyrusleung/st-annotator/node_modules/tweakpane/dist/tweakpane.js:5294:28)
[TEST frontend:bbox]     at new ColorController (file:///home/cyrusleung/st-annotator/node_modules/tweakpane/dist/tweakpane.js:5430:25)
[TEST frontend:bbox]     at Object.controller (file:///home/cyrusleung/st-annotator/node_modules/tweakpane/dist/tweakpane.js:5738:16) undefined
[TEST frontend:bbox] Error: Not implemented: HTMLCanvasElement.prototype.getContext (without installing the canvas npm package)
[TEST frontend:bbox]     at module.exports (/home/cyrusleung/st-annotator/node_modules/jsdom/lib/jsdom/browser/not-implemented.js:9:17)
[TEST frontend:bbox]     at HTMLCanvasElementImpl.getContext (/home/cyrusleung/st-annotator/node_modules/jsdom/lib/jsdom/living/nodes/HTMLCanvasElement-impl.js:42:5)
[TEST frontend:bbox]     at HTMLCanvasElement.getContext (/home/cyrusleung/st-annotator/node_modules/jsdom/lib/jsdom/living/generated/HTMLCanvasElement.js:131:58)
[TEST frontend:bbox]     at getCanvasContext (file:///home/cyrusleung/st-annotator/node_modules/tweakpane/dist/tweakpane.js:1117:25)
[TEST frontend:bbox]     at SvPaletteView.update_ (file:///home/cyrusleung/st-annotator/node_modules/tweakpane/dist/tweakpane.js:5176:21)
[TEST frontend:bbox]     at new SvPaletteView (file:///home/cyrusleung/st-annotator/node_modules/tweakpane/dist/tweakpane.js:5173:14)
[TEST frontend:bbox]     at new SvPaletteController (file:///home/cyrusleung/st-annotator/node_modules/tweakpane/dist/tweakpane.js:5218:21)
[TEST frontend:bbox]     at new ColorPickerController (file:///home/cyrusleung/st-annotator/node_modules/tweakpane/dist/tweakpane.js:5294:28)
[TEST frontend:bbox]     at new ColorController (file:///home/cyrusleung/st-annotator/node_modules/tweakpane/dist/tweakpane.js:5430:25)
[TEST frontend:bbox]     at Object.controller (file:///home/cyrusleung/st-annotator/node_modules/tweakpane/dist/tweakpane.js:5738:16) undefined
[TEST frontend:bbox] 
[TEST frontend:bbox] stderr | test/app/editor/widgets/BBoxPaneContainers.test.tsx > bbox pane containers > dispatches every Show-* preferences toggle through the bbox settings intents
[TEST frontend:bbox] Error: Not implemented: HTMLCanvasElement.prototype.getContext (without installing the canvas npm package)
[TEST frontend:bbox]     at module.exports (/home/cyrusleung/st-annotator/node_modules/jsdom/lib/jsdom/browser/not-implemented.js:9:17)
[TEST frontend:bbox]     at HTMLCanvasElementImpl.getContext (/home/cyrusleung/st-annotator/node_modules/jsdom/lib/jsdom/living/nodes/HTMLCanvasElement-impl.js:42:5)
[TEST frontend:bbox]     at HTMLCanvasElement.getContext (/home/cyrusleung/st-annotator/node_modules/jsdom/lib/jsdom/living/generated/HTMLCanvasElement.js:131:58)
[TEST frontend:bbox]     at getCanvasContext (file:///home/cyrusleung/st-annotator/node_modules/tweakpane/dist/tweakpane.js:1117:25)
[TEST frontend:bbox]     at SvPaletteView.update_ (file:///home/cyrusleung/st-annotator/node_modules/tweakpane/dist/tweakpane.js:5176:21)
[TEST frontend:bbox]     at new SvPaletteView (file:///home/cyrusleung/st-annotator/node_modules/tweakpane/dist/tweakpane.js:5173:14)
[TEST frontend:bbox]     at new SvPaletteController (file:///home/cyrusleung/st-annotator/node_modules/tweakpane/dist/tweakpane.js:5218:21)
[TEST frontend:bbox]     at new ColorPickerController (file:///home/cyrusleung/st-annotator/node_modules/tweakpane/dist/tweakpane.js:5294:28)
[TEST frontend:bbox]     at new ColorController (file:///home/cyrusleung/st-annotator/node_modules/tweakpane/dist/tweakpane.js:5430:25)
[TEST frontend:bbox]     at Object.controller (file:///home/cyrusleung/st-annotator/node_modules/tweakpane/dist/tweakpane.js:5738:16) undefined
[TEST frontend:bbox] Error: Not implemented: HTMLCanvasElement.prototype.getContext (without installing the canvas npm package)
[TEST frontend:bbox]     at module.exports (/home/cyrusleung/st-annotator/node_modules/jsdom/lib/jsdom/browser/not-implemented.js:9:17)
[TEST frontend:bbox]     at HTMLCanvasElementImpl.getContext (/home/cyrusleung/st-annotator/node_modules/jsdom/lib/jsdom/living/nodes/HTMLCanvasElement-impl.js:42:5)
[TEST frontend:bbox]     at HTMLCanvasElement.getContext (/home/cyrusleung/st-annotator/node_modules/jsdom/lib/jsdom/living/generated/HTMLCanvasElement.js:131:58)
[TEST frontend:bbox]     at getCanvasContext (file:///home/cyrusleung/st-annotator/node_modules/tweakpane/dist/tweakpane.js:1117:25)
[TEST frontend:bbox]     at SvPaletteView.update_ (file:///home/cyrusleung/st-annotator/node_modules/tweakpane/dist/tweakpane.js:5176:21)
[TEST frontend:bbox]     at new SvPaletteView (file:///home/cyrusleung/st-annotator/node_modules/tweakpane/dist/tweakpane.js:5173:14)
[TEST frontend:bbox]     at new SvPaletteController (file:///home/cyrusleung/st-annotator/node_modules/tweakpane/dist/tweakpane.js:5218:21)
[TEST frontend:bbox]     at new ColorPickerController (file:///home/cyrusleung/st-annotator/node_modules/tweakpane/dist/tweakpane.js:5294:28)
[TEST frontend:bbox]     at new ColorController (file:///home/cyrusleung/st-annotator/node_modules/tweakpane/dist/tweakpane.js:5430:25)
[TEST frontend:bbox]     at Object.controller (file:///home/cyrusleung/st-annotator/node_modules/tweakpane/dist/tweakpane.js:5738:16) undefined
[TEST frontend:bbox] Error: Not implemented: HTMLCanvasElement.prototype.getContext (without installing the canvas npm package)
[TEST frontend:bbox]     at module.exports (/home/cyrusleung/st-annotator/node_modules/jsdom/lib/jsdom/browser/not-implemented.js:9:17)
[TEST frontend:bbox]     at HTMLCanvasElementImpl.getContext (/home/cyrusleung/st-annotator/node_modules/jsdom/lib/jsdom/living/nodes/HTMLCanvasElement-impl.js:42:5)
[TEST frontend:bbox]     at HTMLCanvasElement.getContext (/home/cyrusleung/st-annotator/node_modules/jsdom/lib/jsdom/living/generated/HTMLCanvasElement.js:131:58)
[TEST frontend:bbox]     at getCanvasContext (file:///home/cyrusleung/st-annotator/node_modules/tweakpane/dist/tweakpane.js:1117:25)
[TEST frontend:bbox]     at SvPaletteView.update_ (file:///home/cyrusleung/st-annotator/node_modules/tweakpane/dist/tweakpane.js:5176:21)
[TEST frontend:bbox]     at new SvPaletteView (file:///home/cyrusleung/st-annotator/node_modules/tweakpane/dist/tweakpane.js:5173:14)
[TEST frontend:bbox]     at new SvPaletteController (file:///home/cyrusleung/st-annotator/node_modules/tweakpane/dist/tweakpane.js:5218:21)
[TEST frontend:bbox]     at new ColorPickerController (file:///home/cyrusleung/st-annotator/node_modules/tweakpane/dist/tweakpane.js:5294:28)
[TEST frontend:bbox]     at new ColorController (file:///home/cyrusleung/st-annotator/node_modules/tweakpane/dist/tweakpane.js:5430:25)
[TEST frontend:bbox]     at Object.controller (file:///home/cyrusleung/st-annotator/node_modules/tweakpane/dist/tweakpane.js:5738:16) undefined
[TEST frontend:bbox] Error: Not implemented: HTMLCanvasElement.prototype.getContext (without installing the canvas npm package)
[TEST frontend:bbox]     at module.exports (/home/cyrusleung/st-annotator/node_modules/jsdom/lib/jsdom/browser/not-implemented.js:9:17)
[TEST frontend:bbox]     at HTMLCanvasElementImpl.getContext (/home/cyrusleung/st-annotator/node_modules/jsdom/lib/jsdom/living/nodes/HTMLCanvasElement-impl.js:42:5)
[TEST frontend:bbox]     at HTMLCanvasElement.getContext (/home/cyrusleung/st-annotator/node_modules/jsdom/lib/jsdom/living/generated/HTMLCanvasElement.js:131:58)
[TEST frontend:bbox]     at getCanvasContext (file:///home/cyrusleung/st-annotator/node_modules/tweakpane/dist/tweakpane.js:1117:25)
[TEST frontend:bbox]     at SvPaletteView.update_ (file:///home/cyrusleung/st-annotator/node_modules/tweakpane/dist/tweakpane.js:5176:21)
[TEST frontend:bbox]     at new SvPaletteView (file:///home/cyrusleung/st-annotator/node_modules/tweakpane/dist/tweakpane.js:5173:14)
[TEST frontend:bbox]     at new SvPaletteController (file:///home/cyrusleung/st-annotator/node_modules/tweakpane/dist/tweakpane.js:5218:21)
[TEST frontend:bbox]     at new ColorPickerController (file:///home/cyrusleung/st-annotator/node_modules/tweakpane/dist/tweakpane.js:5294:28)
[TEST frontend:bbox]     at new ColorController (file:///home/cyrusleung/st-annotator/node_modules/tweakpane/dist/tweakpane.js:5430:25)
[TEST frontend:bbox]     at Object.controller (file:///home/cyrusleung/st-annotator/node_modules/tweakpane/dist/tweakpane.js:5738:16) undefined
[TEST frontend:bbox] 
[TEST frontend:bbox] stderr | test/app/editor/widgets/BBoxPaneContainers.test.tsx > bbox pane containers > dispatches every Show-* preferences toggle through the bbox settings intents
[TEST frontend:bbox] Error: Not implemented: HTMLCanvasElement.prototype.getContext (without installing the canvas npm package)
[TEST frontend:bbox]     at module.exports (/home/cyrusleung/st-annotator/node_modules/jsdom/lib/jsdom/browser/not-implemented.js:9:17)
[TEST frontend:bbox]     at HTMLCanvasElementImpl.getContext (/home/cyrusleung/st-annotator/node_modules/jsdom/lib/jsdom/living/nodes/HTMLCanvasElement-impl.js:42:5)
[TEST frontend:bbox]     at HTMLCanvasElement.getContext (/home/cyrusleung/st-annotator/node_modules/jsdom/lib/jsdom/living/generated/HTMLCanvasElement.js:131:58)
[TEST frontend:bbox]     at getCanvasContext (file:///home/cyrusleung/st-annotator/node_modules/tweakpane/dist/tweakpane.js:1117:25)
[TEST frontend:bbox]     at SvPaletteView.update_ (file:///home/cyrusleung/st-annotator/node_modules/tweakpane/dist/tweakpane.js:5176:21)
[TEST frontend:bbox]     at new SvPaletteView (file:///home/cyrusleung/st-annotator/node_modules/tweakpane/dist/tweakpane.js:5173:14)
[TEST frontend:bbox]     at new SvPaletteController (file:///home/cyrusleung/st-annotator/node_modules/tweakpane/dist/tweakpane.js:5218:21)
[TEST frontend:bbox]     at new ColorPickerController (file:///home/cyrusleung/st-annotator/node_modules/tweakpane/dist/tweakpane.js:5294:28)
[TEST frontend:bbox]     at new ColorController (file:///home/cyrusleung/st-annotator/node_modules/tweakpane/dist/tweakpane.js:5430:25)
[TEST frontend:bbox]     at Object.controller (file:///home/cyrusleung/st-annotator/node_modules/tweakpane/dist/tweakpane.js:5738:16) undefined
[TEST frontend:bbox] Error: Not implemented: HTMLCanvasElement.prototype.getContext (without installing the canvas npm package)
[TEST frontend:bbox]     at module.exports (/home/cyrusleung/st-annotator/node_modules/jsdom/lib/jsdom/browser/not-implemented.js:9:17)
[TEST frontend:bbox]     at HTMLCanvasElementImpl.getContext (/home/cyrusleung/st-annotator/node_modules/jsdom/lib/jsdom/living/nodes/HTMLCanvasElement-impl.js:42:5)
[TEST frontend:bbox]     at HTMLCanvasElement.getContext (/home/cyrusleung/st-annotator/node_modules/jsdom/lib/jsdom/living/generated/HTMLCanvasElement.js:131:58)
[TEST frontend:bbox]     at getCanvasContext (file:///home/cyrusleung/st-annotator/node_modules/tweakpane/dist/tweakpane.js:1117:25)
[TEST frontend:bbox]     at SvPaletteView.update_ (file:///home/cyrusleung/st-annotator/node_modules/tweakpane/dist/tweakpane.js:5176:21)
[TEST frontend:bbox]     at new SvPaletteView (file:///home/cyrusleung/st-annotator/node_modules/tweakpane/dist/tweakpane.js:5173:14)
[TEST frontend:bbox]     at new SvPaletteController (file:///home/cyrusleung/st-annotator/node_modules/tweakpane/dist/tweakpane.js:5218:21)
[TEST frontend:bbox]     at new ColorPickerController (file:///home/cyrusleung/st-annotator/node_modules/tweakpane/dist/tweakpane.js:5294:28)
[TEST frontend:bbox]     at new ColorController (file:///home/cyrusleung/st-annotator/node_modules/tweakpane/dist/tweakpane.js:5430:25)
[TEST frontend:bbox]     at Object.controller (file:///home/cyrusleung/st-annotator/node_modules/tweakpane/dist/tweakpane.js:5738:16) undefined
[TEST frontend:bbox] Error: Not implemented: HTMLCanvasElement.prototype.getContext (without installing the canvas npm package)
[TEST frontend:bbox]     at module.exports (/home/cyrusleung/st-annotator/node_modules/jsdom/lib/jsdom/browser/not-implemented.js:9:17)
[TEST frontend:bbox]     at HTMLCanvasElementImpl.getContext (/home/cyrusleung/st-annotator/node_modules/jsdom/lib/jsdom/living/nodes/HTMLCanvasElement-impl.js:42:5)
[TEST frontend:bbox]     at HTMLCanvasElement.getContext (/home/cyrusleung/st-annotator/node_modules/jsdom/lib/jsdom/living/generated/HTMLCanvasElement.js:131:58)
[TEST frontend:bbox]     at getCanvasContext (file:///home/cyrusleung/st-annotator/node_modules/tweakpane/dist/tweakpane.js:1117:25)
[TEST frontend:bbox]     at SvPaletteView.update_ (file:///home/cyrusleung/st-annotator/node_modules/tweakpane/dist/tweakpane.js:5176:21)
[TEST frontend:bbox]     at new SvPaletteView (file:///home/cyrusleung/st-annotator/node_modules/tweakpane/dist/tweakpane.js:5173:14)
[TEST frontend:bbox]     at new SvPaletteController (file:///home/cyrusleung/st-annotator/node_modules/tweakpane/dist/tweakpane.js:5218:21)
[TEST frontend:bbox]     at new ColorPickerController (file:///home/cyrusleung/st-annotator/node_modules/tweakpane/dist/tweakpane.js:5294:28)
[TEST frontend:bbox]     at new ColorController (file:///home/cyrusleung/st-annotator/node_modules/tweakpane/dist/tweakpane.js:5430:25)
[TEST frontend:bbox]     at Object.controller (file:///home/cyrusleung/st-annotator/node_modules/tweakpane/dist/tweakpane.js:5738:16) undefined
[TEST frontend:bbox] Error: Not implemented: HTMLCanvasElement.prototype.getContext (without installing the canvas npm package)
[TEST frontend:bbox]     at module.exports (/home/cyrusleung/st-annotator/node_modules/jsdom/lib/jsdom/browser/not-implemented.js:9:17)
[TEST frontend:bbox]     at HTMLCanvasElementImpl.getContext (/home/cyrusleung/st-annotator/node_modules/jsdom/lib/jsdom/living/nodes/HTMLCanvasElement-impl.js:42:5)
[TEST frontend:bbox]     at HTMLCanvasElement.getContext (/home/cyrusleung/st-annotator/node_modules/jsdom/lib/jsdom/living/generated/HTMLCanvasElement.js:131:58)
[TEST frontend:bbox]     at getCanvasContext (file:///home/cyrusleung/st-annotator/node_modules/tweakpane/dist/tweakpane.js:1117:25)
[TEST frontend:bbox]     at SvPaletteView.update_ (file:///home/cyrusleung/st-annotator/node_modules/tweakpane/dist/tweakpane.js:5176:21)
[TEST frontend:bbox]     at new SvPaletteView (file:///home/cyrusleung/st-annotator/node_modules/tweakpane/dist/tweakpane.js:5173:14)
[TEST frontend:bbox]     at new SvPaletteController (file:///home/cyrusleung/st-annotator/node_modules/tweakpane/dist/tweakpane.js:5218:21)
[TEST frontend:bbox]     at new ColorPickerController (file:///home/cyrusleung/st-annotator/node_modules/tweakpane/dist/tweakpane.js:5294:28)
[TEST frontend:bbox]     at new ColorController (file:///home/cyrusleung/st-annotator/node_modules/tweakpane/dist/tweakpane.js:5430:25)
[TEST frontend:bbox]     at Object.controller (file:///home/cyrusleung/st-annotator/node_modules/tweakpane/dist/tweakpane.js:5738:16) undefined
[TEST frontend:bbox] 
[TEST frontend:segmentation]  ✓ test/app/editor/widgets/SegmentationPaneContainers.test.tsx  (11 tests) 1028ms
[TEST frontend:segmentation] 
[TEST frontend:segmentation]  Test Files  29 passed (29)
[TEST frontend:segmentation]       Tests  178 passed (178)
[TEST frontend:segmentation]    Start at  08:49:55
[TEST frontend:segmentation]    Duration  10.19s (transform 12.05s, setup 10ms, collect 129.89s, tests 6.48s, environment 50.65s, prepare 21.19s)
[TEST frontend:segmentation] 
[TEST frontend:bbox]  ✓ test/app/editor/widgets/BBoxInspectorCoordinators.test.tsx  (10 tests) 1268ms
[TEST frontend:bbox]  ✓ test/app/editor/widgets/BBoxPaneContainers.test.tsx  (13 tests) 1391ms
[TEST frontend:bbox] 
[TEST frontend:bbox]  Test Files  31 passed (31)
[TEST frontend:bbox]       Tests  202 passed (202)
[TEST frontend:bbox]    Start at  08:49:55
[TEST frontend:bbox]    Duration  10.47s (transform 11.30s, setup 2ms, collect 134.67s, tests 8.22s, environment 57.57s, prepare 20.80s)
[TEST frontend:bbox] 
=== [TEST] Shared JavaScript configuration ===

> sta-config@5.0.0 test:unit
> node --test test/*.test.js

TAP version 13
# Subtest: plugin config pins shared UI packages to the host
ok 1 - plugin config pins shared UI packages to the host
  ---
  duration_ms: 3.870043
  ...
# Subtest: plugin config supports disabling UI aliases
ok 2 - plugin config supports disabling UI aliases
  ---
  duration_ms: 0.714597
  ...
# Subtest: plugin config rejects unsupported modes
ok 3 - plugin config rejects unsupported modes
  ---
  duration_ms: 0.380013
  ...
1..3
# tests 3
# suites 0
# pass 3
# fail 0
# cancelled 0
# skipped 0
# todo 0
# duration_ms 319.096307
=== [TEST] Backend library ===
============================= test session starts ==============================
platform linux -- Python 3.11.4, pytest-9.1.1, pluggy-1.6.0
rootdir: /home/cyrusleung/st-annotator/core/backend
configfile: pyproject.toml
testpaths: test
plugins: xdist-3.8.0, anyio-4.14.2, cov-7.1.0, hypothesis-6.165.10, dash-4.4.1
created: 8/8 workers
8 workers [823 items]

........................................................................ [  8%]
........................................................................ [ 17%]
........................................................................ [ 26%]
........................................................................ [ 34%]
........................................................................ [ 43%]
........................................................................ [ 52%]
........................................................................ [ 61%]
........................................................................ [ 69%]
........................................................................ [ 78%]
........................................................................ [ 87%]
........................................................................ [ 96%]
...............................                                          [100%]sys:1: DeprecationWarning: builtin type swigvarlink has no __module__ attribute
sys:1: DeprecationWarning: builtin type swigvarlink has no __module__ attribute
sys:1: DeprecationWarning: builtin type swigvarlink has no __module__ attribute

=============================== warnings summary ===============================
../../.venv/lib/python3.11/site-packages/passlib/utils/__init__.py:854
../../.venv/lib/python3.11/site-packages/passlib/utils/__init__.py:854
../../.venv/lib/python3.11/site-packages/passlib/utils/__init__.py:854
../../.venv/lib/python3.11/site-packages/passlib/utils/__init__.py:854
../../.venv/lib/python3.11/site-packages/passlib/utils/__init__.py:854
../../.venv/lib/python3.11/site-packages/passlib/utils/__init__.py:854
../../.venv/lib/python3.11/site-packages/passlib/utils/__init__.py:854
../../.venv/lib/python3.11/site-packages/passlib/utils/__init__.py:854
../../.venv/lib/python3.11/site-packages/passlib/utils/__init__.py:854
  /home/cyrusleung/st-annotator/.venv/lib/python3.11/site-packages/passlib/utils/__init__.py:854: DeprecationWarning: 'crypt' is deprecated and slated for removal in Python 3.13
    from crypt import crypt as _crypt

../../.venv/lib/python3.11/site-packages/passlib/handlers/argon2.py:716
../../.venv/lib/python3.11/site-packages/passlib/handlers/argon2.py:716
../../.venv/lib/python3.11/site-packages/passlib/handlers/argon2.py:716
../../.venv/lib/python3.11/site-packages/passlib/handlers/argon2.py:716
../../.venv/lib/python3.11/site-packages/passlib/handlers/argon2.py:716
../../.venv/lib/python3.11/site-packages/passlib/handlers/argon2.py:716
../../.venv/lib/python3.11/site-packages/passlib/handlers/argon2.py:716
../../.venv/lib/python3.11/site-packages/passlib/handlers/argon2.py:716
../../.venv/lib/python3.11/site-packages/passlib/handlers/argon2.py:716
  /home/cyrusleung/st-annotator/.venv/lib/python3.11/site-packages/passlib/handlers/argon2.py:716: DeprecationWarning: Accessing argon2.__version__ is deprecated and will be removed in a future release. Use importlib.metadata directly to query for argon2-cffi's packaging metadata.
    _argon2_cffi.__version__, max_version)

sta/testing/config.py:12
sta/testing/config.py:12
sta/testing/config.py:12
sta/testing/config.py:12
sta/testing/config.py:12
sta/testing/config.py:12
sta/testing/config.py:12
sta/testing/config.py:12
  /home/cyrusleung/st-annotator/core/backend/sta/testing/config.py:12: PytestCollectionWarning: cannot collect test class 'TestApp' because it has a __init__ constructor (from: test/api/test_editor.py)
    @dataclass(frozen=True)

test/common/spatial/test_vectors.py: 12 warnings
  /home/cyrusleung/st-annotator/.venv/lib/python3.11/site-packages/_pytest/fixtures.py:1313: PytestRemovedIn10Warning: Class-scoped fixture defined as instance method is deprecated.
  Instance attributes set in this fixture will NOT be visible to test methods,
  as each test gets a new instance while the fixture runs only once per class.
  Use @classmethod decorator and set attributes on cls instead.
  See https://docs.pytest.org/en/stable/deprecations.html#class-scoped-fixture-as-instance-method
    fixturefunc = resolve_fixture_function(fixturedef, request)

test/common/spatial/test_vectors.py::TestVector3_Array::test_sub
test/common/spatial/test_vectors.py::TestVector3_Array::test_sub
test/common/spatial/test_vectors.py::TestVector3_Array::test_sub
test/common/spatial/test_vectors.py::TestVector3_Array::test_sub
test/common/spatial/test_vectors.py::TestOptionalVector3_Array::test_sub
  /home/cyrusleung/st-annotator/core/backend/test/common/spatial/test_vectors.py:180: RuntimeWarning: invalid value encountered in subtract
    x, y, z = (arr1 - arr2).tolist()

test/common/spatial/test_vectors.py: 31 warnings
  /home/cyrusleung/st-annotator/core/backend/test/common/spatial/test_vectors.py:189: RuntimeWarning: overflow encountered in multiply
    x, y, z = (arr1 * arr2).tolist()

test/domain/test_auth.py::test_missing_user_still_verifies_against_dummy_hash
test/test_entrypoints.py::test_app_ctx_debug_flag_sets_logger_level
test/test_entrypoints.py::test_app_ctx_sets_up_config_and_filesystem_contexts
  <frozen importlib._bootstrap>:241: DeprecationWarning: builtin type SwigPyPacked has no __module__ attribute

test/domain/test_auth.py::test_missing_user_still_verifies_against_dummy_hash
test/test_entrypoints.py::test_app_ctx_debug_flag_sets_logger_level
test/test_entrypoints.py::test_app_ctx_sets_up_config_and_filesystem_contexts
  <frozen importlib._bootstrap>:241: DeprecationWarning: builtin type SwigPyObject has no __module__ attribute

test/domain/test_auth.py: 8 warnings
test/test_entrypoints.py: 16 warnings
  /home/cyrusleung/st-annotator/.venv/lib/python3.11/site-packages/sqlmodel/main.py:582: PydanticDeprecatedSince211: Annotation 'srid' is marked as final and has a default value. Pydantic treats 'srid' as a class variable, but it will be considered as a normal field in V3 to be aligned with dataclasses. If you still want 'srid' to be considered as a class variable, annotate it as: `ClassVar[<type>] = <default>.`. Deprecated in Pydantic V2.11 to be removed in V3.0.
    "SQLModel", super().__new__(cls, name, bases, dict_used, **config_kwargs)

test/domain/test_auth.py: 8 warnings
test/test_entrypoints.py: 16 warnings
  /home/cyrusleung/st-annotator/.venv/lib/python3.11/site-packages/sqlmodel/main.py:582: PydanticDeprecatedSince211: Annotation 'output_dimension' is marked as final and has a default value. Pydantic treats 'output_dimension' as a class variable, but it will be considered as a normal field in V3 to be aligned with dataclasses. If you still want 'output_dimension' to be considered as a class variable, annotate it as: `ClassVar[<type>] = <default>.`. Deprecated in Pydantic V2.11 to be removed in V3.0.
    "SQLModel", super().__new__(cls, name, bases, dict_used, **config_kwargs)

test/domain/test_auth.py: 8 warnings
test/test_entrypoints.py: 16 warnings
  /home/cyrusleung/st-annotator/.venv/lib/python3.11/site-packages/sqlmodel/main.py:582: PydanticDeprecatedSince211: Annotation 'include_z' is marked as final and has a default value. Pydantic treats 'include_z' as a class variable, but it will be considered as a normal field in V3 to be aligned with dataclasses. If you still want 'include_z' to be considered as a class variable, annotate it as: `ClassVar[<type>] = <default>.`. Deprecated in Pydantic V2.11 to be removed in V3.0.
    "SQLModel", super().__new__(cls, name, bases, dict_used, **config_kwargs)

test/domain/test_projects.py::test_delete_project_cascades_with_loaded_task_tree_collections
  /home/cyrusleung/st-annotator/core/backend/test/domain/test_projects.py:386: SAWarning: DELETE statement on table 'task' expected to delete 1 row(s); 0 were matched.  Please set confirm_deleted_rows=False within the mapper configuration to prevent this warning.
    session.commit()

-- Docs: https://docs.pytest.org/en/stable/how-to/capture-warnings.html
================================ tests coverage ================================
_______________ coverage: platform linux, python 3.11.4-final-0 ________________

Name                                              Stmts   Miss Branch BrPart  Cover   Missing
---------------------------------------------------------------------------------------------
sta/__init__.py                                       0      0      0      0   100%
sta/__main__.py                                       1      1      0      0     0%   3
sta/api/__init__.py                                   0      0      0      0   100%
sta/api/accounts.py                                  43      7      0      0    84%   37-46, 154-162
sta/api/auth.py                                     134      4     18      3    95%   106, 237, 246, 325
sta/api/body_limit.py                                58      5     16      1    92%   58-60, 62-63
sta/api/cors.py                                      27      0      8      0   100%
sta/api/crud.py                                      21      2      0      0    90%   50-51
sta/api/editor.py                                   121     29     12      4    74%   61-67, 173, 191, 200, 235-244, 262-271, 286, 300, 342-352, 363-376, 383, 393-402, 423
sta/api/files.py                                    148     13     44      6    90%   44-45, 93, 101-105, 123-125, 127->exit, 131-132, 143, 219->222, 270
sta/api/frames.py                                    66     30      0      0    55%   32-41, 68-119, 143, 188-237, 248-256, 268-277, 287-295, 305, 321-331, 341-349
sta/api/jobs.py                                      18      0      0      0   100%
sta/api/label/__init__.py                            11      0      0      0   100%
sta/api/label/data/__init__.py                        2      0      0      0   100%
sta/api/label/groups.py                              39     13      0      0    67%   30-36, 54-87, 100-107, 117, 133-140, 150-156
sta/api/label/repo/__init__.py                       37     11      0      0    70%   37-47, 58-67, 81-95, 105
sta/api/label/repo/branches.py                       38     16      0      0    58%   30-39, 61-102, 112, 128-138, 148-156
sta/api/label/repo/commits.py                        20      5      0      0    75%   26-47, 58
sta/api/label/spec/__init__.py                        4      0      0      0   100%
sta/api/label/spec/objclass/__init__.py               5      0      0      0   100%
sta/api/label/spec/objclass/definitions.py           44     19      0      0    57%   29-38, 55-86, 99-108, 118, 134-144, 154-162
sta/api/label/spec/objclass/selections.py            44     19      0      0    57%   29-38, 56-89, 102-111, 121, 137-147, 157-165
sta/api/lifespan.py                                  15      0      4      1    95%   15->exit
sta/api/projects.py                                  45     15      0      0    67%   30-39, 58-93, 141-151, 161-169
sta/api/rate_limit.py                                64     10     22      3    83%   20-27, 117, 120
sta/api/responses.py                                 15      0      0      0   100%
sta/api/root.py                                      94     23     38      5    68%   50, 56, 62, 82, 85-105, 145-153
sta/api/source/__init__.py                           10      0      0      0   100%
sta/api/source/data/__init__.py                       2      0      0      0   100%
sta/api/source/groups.py                             39     13      0      0    67%   30-36, 54-87, 100-107, 117, 133-140, 150-156
sta/api/source/spec/__init__.py                       2      0      0      0   100%
sta/api/tasks.py                                     45     15      0      0    67%   30-39, 52-75, 132-142, 152-160
sta/api/users.py                                     60     16      0      0    73%   32-41, 63-104, 123, 155-177, 245-253
sta/benchmarks/__init__.py                            0      0      0      0   100%
sta/benchmarks/database_utils.py                     28     12      2      0    53%   15-18, 23-28, 35-42, 58
sta/benchmarks/perf_label_queries.py                533    344     82      0    31%   123, 139, 143, 147, 160, 186, 214, 242, 263, 271, 279, 335-365, 380-405, 429-453, 477-510, 526-552, 577-601, 623-624, 628-662, 683-716, 737-742, 752-768, 777-795, 802-808, 814, 823-865, 874-917, 921-931, 943-950, 965-1009, 1021-1037, 1053-1230, 1250-1286, 1307-1340, 1362-1372, 1408-1600
sta/benchmarks/plot_utils.py                        234    234     48      0     0%   1-543
sta/cli/__init__.py                                  35      0      2      0   100%
sta/cli/base.py                                       5      0      0      0   100%
sta/cli/bench.py                                     26      0      0      0   100%
sta/cli/init.py                                      29      0      4      0   100%
sta/cli/plugin.py                                    11      0      2      0   100%
sta/cli/porter.py                                    76      0      0      0   100%
sta/cli/prompts.py                                   87      0      6      0   100%
sta/cli/serve.py                                     91      0     12      0   100%
sta/common/__init__.py                                0      0      0      0   100%
sta/common/database/__init__.py                       2      0      0      0   100%
sta/common/database/config.py                       159      2     18      2    98%   279->282, 283-284
sta/common/database/execution.py                     17      0      2      0   100%
sta/common/database/types.py                        113      6     32      1    95%   60-61, 69-70, 116, 177
sta/common/filesystem/__init__.py                     4      0      0      0   100%
sta/common/filesystem/base.py                        34      0      8      0   100%
sta/common/filesystem/config.py                      33      0      6      0   100%
sta/common/filesystem/io/__init__.py                  6      0      0      0   100%
sta/common/filesystem/io/base.py                     47      0      6      0   100%
sta/common/filesystem/io/csv.py                      22      0      2      0   100%
sta/common/filesystem/io/json.py                     18      0      0      0   100%
sta/common/filesystem/io/numpy.py                    23      0      2      0   100%
sta/common/filesystem/io/yaml.py                     18      0      0      0   100%
sta/common/filesystem/path.py                       110      0     14      0   100%
sta/common/logging/__init__.py                        1      0      0      0   100%
sta/common/logging/logger.py                         15      0      2      0   100%
sta/common/perf.py                                   27     15      4      0    39%   15-17, 21, 24-28, 55-60
sta/common/spatial/__init__.py                        4      0      0      0   100%
sta/common/spatial/boundaries.py                    105      1     38      3    97%   67, 68->72, 148->151
sta/common/spatial/transform.py                      61      0     10      0   100%
sta/common/spatial/units.py                          21      3      2      1    83%   15-16, 19
sta/common/spatial/vectors.py                       244     14     42      2    94%   133, 144-145, 157, 243, 250-251, 263, 267, 292-293, 465, 478, 491
sta/common/testing/__init__.py                        2      0      0      0   100%
sta/common/testing/database/__init__.py               2      0      0      0   100%
sta/common/testing/database/strategies.py            71     39     32      1    36%   51-65, 95-114, 126, 162-186, 235->238
sta/common/testing/database/tests.py                  3      0      0      0   100%
sta/common/testing/strategies.py                    191     70     58      3    55%   49-59, 73-79, 105-126, 145-146, 153-154, 195, 238-239, 262, 271-312, 316-324, 328-343, 347-350
sta/common/testing/tests.py                          42      0      6      0   100%
sta/common/utils/__init__.py                          0      0      0      0   100%
sta/common/utils/collections.py                      34      0      6      0   100%
sta/common/utils/datetime.py                         13      0      2      0   100%
sta/common/utils/env_path.py                         14      0      6      0   100%
sta/common/utils/func.py                             46      1     10      0    98%   93
sta/common/utils/json.py                             96     11     54      5    87%   33, 35, 44-46, 107-110, 111->117, 141, 168
sta/common/utils/registry.py                         40      5      4      2    84%   28-29, 36-37, 42
sta/config.py                                        70      2     12      1    96%   106-107
sta/domain/__init__.py                                0      0      0      0   100%
sta/domain/accounts.py                               79      1     22      1    98%   157
sta/domain/auth.py                                  135      2     28      0    99%   271-272
sta/domain/editor/__init__.py                         0      0      0      0   100%
sta/domain/editor/loader.py                          25      0      4      0   100%
sta/domain/frames.py                                203     16     62     14    88%   48, 56-59, 95, 165, 278, 282, 287, 490, 605, 609, 623, 640, 653, 702->706, 711
sta/domain/jobs/__init__.py                           1      0      0      0   100%
sta/domain/jobs/base.py                             133      9     32      6    91%   68, 72, 77, 86, 96->99, 101, 298->307, 335, 408, 412-415
sta/domain/jobs/worker.py                            60      6      8      1    90%   77->exit, 83-84, 117-123
sta/domain/label/__init__.py                          0      0      0      0   100%
sta/domain/label/data/__init__.py                     1      0      0      0   100%
sta/domain/label/data/base.py                       354      7    104      6    97%   102-105, 533, 542, 564, 892, 1170->1181, 1220->1231
sta/domain/label/groups.py                           91      0     26      1    99%   242->exit
sta/domain/label/repo/__init__.py                     0      0      0      0   100%
sta/domain/label/repo/branches.py                   126      1     46      1    99%   317
sta/domain/label/repo/commits.py                     70      0     20      0   100%
sta/domain/label/repo/graph.py                      181      9     52      4    94%   52-53, 64, 79, 93-94, 298-299, 324
sta/domain/label/repo/ops/__init__.py                 7      0      0      0   100%
sta/domain/label/repo/ops/base/__init__.py            4      0      0      0   100%
sta/domain/label/repo/ops/base/create.py             16      0      0      0   100%
sta/domain/label/repo/ops/base/delete.py             15      2      0      0    87%   36-44
sta/domain/label/repo/ops/base/operation.py          26      0      0      0   100%
sta/domain/label/repo/ops/base/update.py             18      3      0      0    83%   44-55
sta/domain/label/repo/ops/registry.py                54      0      4      0   100%
sta/domain/label/repo/ops/special/__init__.py        15      0      0      0   100%
sta/domain/label/repo/ops/special/checkpoint.py      15      0      2      0   100%
sta/domain/label/repo/ops/special/import_.py         21      0      0      0   100%
sta/domain/label/repo/ops/special/init_.py           13      0      0      0   100%
sta/domain/label/repo/placeholder.py                 81      0     16      0   100%
sta/domain/label/spec/__init__.py                     1      0      0      0   100%
sta/domain/label/spec/base.py                       174      5     52      6    95%   323->326, 336, 361->370, 364, 416, 419-420, 423->exit
sta/domain/label/spec/objclass/__init__.py            3      0      0      0   100%
sta/domain/label/spec/objclass/definitions.py        78      0     20      1    99%   221->exit
sta/domain/label/spec/objclass/selections.py        114      7     30      3    92%   204-210, 215, 221->exit
sta/domain/ops.py                                    18      4      6      3    71%   14, 21-32, 48
sta/domain/projects.py                              123      1     34      1    99%   254
sta/domain/querying.py                               54      1     16      1    97%   102
sta/domain/source/__init__.py                         0      0      0      0   100%
sta/domain/source/data/__init__.py                    1      0      0      0   100%
sta/domain/source/data/base.py                      234    108     72     13    51%   95, 120-122, 153-156, 227, 233-234, 236-237, 239-240, 242-243, 245-246, 248-249, 251-252, 254-255, 277-294, 312-327, 340, 364-374, 386, 390-414, 425, 429-430, 486-515, 524-528, 542-544, 565-570, 596-616, 632-637, 653-658, 668-681, 691-699, 749, 754-755, 818-838, 889
sta/domain/source/groups.py                          92      0     28      1    99%   248->exit
sta/domain/source/spec/__init__.py                    1      0      0      0   100%
sta/domain/source/spec/base.py                      174     36     50     14    74%   51-55, 59, 69, 112, 231, 233, 235, 290-306, 324, 331->340, 334, 363, 399, 402-410, 425-435
sta/domain/tasks.py                                 304     14    126     12    93%   76, 224-227, 236->239, 243, 352, 397, 420, 428, 438, 450, 655, 663, 728
sta/domain/users.py                                 194      2     62      4    98%   124->128, 242->245, 362, 378
sta/entrypoints.py                                   43      0      6      1    98%   87->92
sta/envs.py                                          36      0      0      0   100%
sta/filesystem.py                                     7      0      0      0   100%
sta/models/__init__.py                                0      0      0      0   100%
sta/models/account.py                                32      2      0      0    94%   46, 62
sta/models/base.py                                  214      0     12      0   100%
sta/models/configs/__init__.py                        1      0      0      0   100%
sta/models/configs/project.py                        15      0      0      0   100%
sta/models/frame.py                                  59      1      0      0    98%   74
sta/models/job.py                                    65      3      0      0    95%   93, 97, 146
sta/models/label/__init__.py                          0      0      0      0   100%
sta/models/label/data/__init__.py                     1      0      0      0   100%
sta/models/label/data/base.py                        54      1      0      0    98%   128
sta/models/label/group.py                            25      1      0      0    96%   41
sta/models/label/repo.py                            145      3      0      0    98%   112, 131, 295
sta/models/label/spec/__init__.py                     2      0      0      0   100%
sta/models/label/spec/base.py                        58      1      0      0    98%   159
sta/models/label/spec/objclass.py                   100      4      0      0    96%   59, 62-65
sta/models/project.py                                44      1      0      0    98%   79
sta/models/source/__init__.py                         0      0      0      0   100%
sta/models/source/data/__init__.py                    1      0      0      0   100%
sta/models/source/data/base.py                       64      1      0      0    98%   143
sta/models/source/group.py                           25      1      0      0    96%   41
sta/models/source/spec/__init__.py                    1      0      0      0   100%
sta/models/source/spec/base.py                       58      1      0      0    98%   158
sta/models/task.py                                   92      1      0      0    99%   147
sta/models/types/__init__.py                         15      2      0      0    87%   30-31
sta/models/types/name.py                             20      5      6      3    69%   18-19, 22, 25-26
sta/models/types/quality.py                           4      0      0      0   100%
sta/models/types/uri.py                              25      0      6      0   100%
sta/models/user.py                                   96      7      8      4    89%   37-38, 41, 68-69, 72, 163
sta/plugin.py                                        13      0      4      0   100%
sta/porter/__init__.py                                0      0      0      0   100%
sta/porter/st_metadata.py                            97      2     20      1    97%   98-99
sta/session.py                                       52      0      8      1    98%   89->exit
sta/testing/__init__.py                               0      0      0      0   100%
sta/testing/config.py                                26      0      2      0   100%
sta/testing/domain/__init__.py                        0      0      0      0   100%
sta/testing/domain/frames.py                         23     10      0      0    57%   21-37, 48-64
sta/testing/domain/label/__init__.py                  0      0      0      0   100%
sta/testing/domain/label/groups.py                   13      0      0      0   100%
sta/testing/domain/label/repo/__init__.py             0      0      0      0   100%
sta/testing/domain/label/repo/branches.py            21      0      0      0   100%
sta/testing/domain/label/spec/__init__.py             0      0      0      0   100%
sta/testing/domain/label/spec/objclass.py            16      7      0      0    56%   25-46
sta/testing/domain/projects.py                       20     10      0      0    50%   12-22, 27-37
sta/testing/domain/source/__init__.py                 0      0      0      0   100%
sta/testing/domain/source/groups.py                  13      0      0      0   100%
sta/testing/domain/tasks.py                          28     15      0      0    46%   17-30, 39-53, 62-76
sta/testing/domain/users.py                           6      0      0      0   100%
sta/testing/keys.py                                  13      0      0      0   100%
sta/testing/plugin_import.py                         56     25      2      0    53%   32, 36-50, 54-57, 76-84, 96-104
sta/testing/pytest_fixtures.py                       13      0      0      0   100%
sta/testing/pytest_plugin.py                          3      3      0      0     0%   1-5
sta/testing/session.py                                7      0      0      0   100%
---------------------------------------------------------------------------------------------
TOTAL                                              9166   1366   1694    147    84%
Coverage HTML written to dir coverage
================ 823 passed, 153 warnings in 136.87s (0:02:16) =================
[TEST backend:bbox] === [TEST] Backend of bbox plugin ===
[TEST backend:gmesh] === [TEST] Backend of gmesh plugin ===
[TEST backend:pcd] === [TEST] Backend of pcd plugin ===
[TEST backend:segmentation] === [TEST] Backend of segmentation plugin ===
[TEST backend:vector] === [TEST] Backend of vector plugin ===
[TEST backend:segmentation] ============================= test session starts ==============================
[TEST backend:segmentation] platform linux -- Python 3.11.4, pytest-9.1.1, pluggy-1.6.0
[TEST backend:segmentation] rootdir: /home/cyrusleung/st-annotator/plugins/segmentation/backend
[TEST backend:segmentation] configfile: pyproject.toml
[TEST backend:segmentation] testpaths: test
[TEST backend:segmentation] plugins: xdist-3.8.0, anyio-4.14.2, cov-7.1.0, hypothesis-6.165.10, dash-4.4.1
[TEST backend:segmentation] created: 2/2 workers
[TEST backend:segmentation] 2 workers [37 items]
[TEST backend:segmentation] 
[TEST backend:vector] ============================= test session starts ==============================
[TEST backend:vector] platform linux -- Python 3.11.4, pytest-9.1.1, pluggy-1.6.0
[TEST backend:vector] rootdir: /home/cyrusleung/st-annotator/plugins/vector/backend
[TEST backend:vector] configfile: pyproject.toml
[TEST backend:vector] testpaths: test
[TEST backend:vector] plugins: xdist-3.8.0, anyio-4.14.2, cov-7.1.0, hypothesis-6.165.10, dash-4.4.1
[TEST backend:vector] created: 2/2 workers
[TEST backend:vector] 2 workers [24 items]
[TEST backend:vector] 
[TEST backend:bbox] ============================= test session starts ==============================
[TEST backend:bbox] platform linux -- Python 3.11.4, pytest-9.1.1, pluggy-1.6.0
[TEST backend:bbox] rootdir: /home/cyrusleung/st-annotator/plugins/bbox/backend
[TEST backend:bbox] configfile: pyproject.toml
[TEST backend:bbox] testpaths: test
[TEST backend:bbox] plugins: xdist-3.8.0, anyio-4.14.2, cov-7.1.0, hypothesis-6.165.10, dash-4.4.1
[TEST backend:bbox] created: 2/2 workers
[TEST backend:bbox] 2 workers [31 items]
[TEST backend:bbox] 
[TEST backend:pcd] ============================= test session starts ==============================
[TEST backend:pcd] platform linux -- Python 3.11.4, pytest-9.1.1, pluggy-1.6.0
[TEST backend:pcd] rootdir: /home/cyrusleung/st-annotator/plugins/pcd/backend
[TEST backend:pcd] configfile: pyproject.toml
[TEST backend:pcd] testpaths: test
[TEST backend:pcd] plugins: xdist-3.8.0, anyio-4.14.2, cov-7.1.0, hypothesis-6.165.10, dash-4.4.1
[TEST backend:pcd] created: 2/2 workers
[TEST backend:pcd] 2 workers [116 items]
[TEST backend:pcd] 
[TEST backend:gmesh] ============================= test session starts ==============================
[TEST backend:gmesh] platform linux -- Python 3.11.4, pytest-9.1.1, pluggy-1.6.0
[TEST backend:gmesh] rootdir: /home/cyrusleung/st-annotator/plugins/gmesh/backend
[TEST backend:gmesh] configfile: pyproject.toml
[TEST backend:gmesh] testpaths: test
[TEST backend:gmesh] plugins: xdist-3.8.0, anyio-4.14.2, cov-7.1.0, hypothesis-6.165.10, dash-4.4.1
[TEST backend:gmesh] created: 2/2 workers
[TEST backend:gmesh] 2 workers [13 items]
[TEST backend:gmesh] 
[TEST backend:vector] ........................                                                 [100%]sys:1: DeprecationWarning: builtin type swigvarlink has no __module__ attribute
[TEST backend:vector] sys:1: DeprecationWarning: builtin type swigvarlink has no __module__ attribute
[TEST backend:vector] 
[TEST backend:vector] =============================== warnings summary ===============================
[TEST backend:vector] ../../../.venv/lib/python3.11/site-packages/passlib/utils/__init__.py:854
[TEST backend:vector] ../../../.venv/lib/python3.11/site-packages/passlib/utils/__init__.py:854
[TEST backend:vector] ../../../.venv/lib/python3.11/site-packages/passlib/utils/__init__.py:854
[TEST backend:vector]   /home/cyrusleung/st-annotator/.venv/lib/python3.11/site-packages/passlib/utils/__init__.py:854: DeprecationWarning: 'crypt' is deprecated and slated for removal in Python 3.13
[TEST backend:vector]     from crypt import crypt as _crypt
[TEST backend:vector] 
[TEST backend:vector] ../../../.venv/lib/python3.11/site-packages/passlib/handlers/argon2.py:716
[TEST backend:vector] ../../../.venv/lib/python3.11/site-packages/passlib/handlers/argon2.py:716
[TEST backend:vector] ../../../.venv/lib/python3.11/site-packages/passlib/handlers/argon2.py:716
[TEST backend:vector]   /home/cyrusleung/st-annotator/.venv/lib/python3.11/site-packages/passlib/handlers/argon2.py:716: DeprecationWarning: Accessing argon2.__version__ is deprecated and will be removed in a future release. Use importlib.metadata directly to query for argon2-cffi's packaging metadata.
[TEST backend:vector]     _argon2_cffi.__version__, max_version)
[TEST backend:vector] 
[TEST backend:vector] ../../../core/backend/sta/testing/config.py:12
[TEST backend:vector] ../../../core/backend/sta/testing/config.py:12
[TEST backend:vector]   /home/cyrusleung/st-annotator/core/backend/sta/testing/config.py:12: PytestCollectionWarning: cannot collect test class 'TestApp' because it has a __init__ constructor (from: test/api/test_element_api.py)
[TEST backend:vector]     @dataclass(frozen=True)
[TEST backend:vector] 
[TEST backend:vector] ../../../.venv/lib/python3.11/site-packages/sqlmodel/main.py:582: 8 warnings
[TEST backend:vector] test/cli/test_export_by_src.py: 4 warnings
[TEST backend:vector] test/api/test_element_api.py: 4 warnings
[TEST backend:vector]   /home/cyrusleung/st-annotator/.venv/lib/python3.11/site-packages/sqlmodel/main.py:582: PydanticDeprecatedSince211: Annotation 'srid' is marked as final and has a default value. Pydantic treats 'srid' as a class variable, but it will be considered as a normal field in V3 to be aligned with dataclasses. If you still want 'srid' to be considered as a class variable, annotate it as: `ClassVar[<type>] = <default>.`. Deprecated in Pydantic V2.11 to be removed in V3.0.
[TEST backend:vector]     "SQLModel", super().__new__(cls, name, bases, dict_used, **config_kwargs)
[TEST backend:vector] 
[TEST backend:vector] ../../../.venv/lib/python3.11/site-packages/sqlmodel/main.py:582: 8 warnings
[TEST backend:vector] test/cli/test_export_by_src.py: 4 warnings
[TEST backend:vector] test/api/test_element_api.py: 4 warnings
[TEST backend:vector]   /home/cyrusleung/st-annotator/.venv/lib/python3.11/site-packages/sqlmodel/main.py:582: PydanticDeprecatedSince211: Annotation 'output_dimension' is marked as final and has a default value. Pydantic treats 'output_dimension' as a class variable, but it will be considered as a normal field in V3 to be aligned with dataclasses. If you still want 'output_dimension' to be considered as a class variable, annotate it as: `ClassVar[<type>] = <default>.`. Deprecated in Pydantic V2.11 to be removed in V3.0.
[TEST backend:vector]     "SQLModel", super().__new__(cls, name, bases, dict_used, **config_kwargs)
[TEST backend:vector] 
[TEST backend:vector] ../../../.venv/lib/python3.11/site-packages/sqlmodel/main.py:582: 8 warnings
[TEST backend:vector] test/cli/test_export_by_src.py: 4 warnings
[TEST backend:vector] test/api/test_element_api.py: 4 warnings
[TEST backend:vector]   /home/cyrusleung/st-annotator/.venv/lib/python3.11/site-packages/sqlmodel/main.py:582: PydanticDeprecatedSince211: Annotation 'include_z' is marked as final and has a default value. Pydantic treats 'include_z' as a class variable, but it will be considered as a normal field in V3 to be aligned with dataclasses. If you still want 'include_z' to be considered as a class variable, annotate it as: `ClassVar[<type>] = <default>.`. Deprecated in Pydantic V2.11 to be removed in V3.0.
[TEST backend:vector]     "SQLModel", super().__new__(cls, name, bases, dict_used, **config_kwargs)
[TEST backend:vector] 
[TEST backend:vector] test/cli/test_export_by_src.py::test_export_by_src_errors_when_destination_exists
[TEST backend:vector] test/api/test_element_api.py::test_committed_vector_data_has_no_direct_write_routes
[TEST backend:vector]   <frozen importlib._bootstrap>:241: DeprecationWarning: builtin type SwigPyPacked has no __module__ attribute
[TEST backend:vector] 
[TEST backend:vector] test/cli/test_export_by_src.py::test_export_by_src_errors_when_destination_exists
[TEST backend:vector] test/api/test_element_api.py::test_committed_vector_data_has_no_direct_write_routes
[TEST backend:vector]   <frozen importlib._bootstrap>:241: DeprecationWarning: builtin type SwigPyObject has no __module__ attribute
[TEST backend:vector] 
[TEST backend:vector] -- Docs: https://docs.pytest.org/en/stable/how-to/capture-warnings.html
[TEST backend:vector] ================================ tests coverage ================================
[TEST backend:vector] _______________ coverage: platform linux, python 3.11.4-final-0 ________________
[TEST backend:vector] 
[TEST backend:vector] Name                                                                                         Stmts   Miss Branch BrPart  Cover   Missing
[TEST backend:vector] ----------------------------------------------------------------------------------------------------------------------------------------
[TEST backend:vector] /home/cyrusleung/st-annotator/core/backend/sta/__init__.py                                       0      0      0      0   100%
[TEST backend:vector] /home/cyrusleung/st-annotator/core/backend/sta/__main__.py                                       1      1      0      0     0%   3
[TEST backend:vector] /home/cyrusleung/st-annotator/core/backend/sta/api/__init__.py                                   0      0      0      0   100%
[TEST backend:vector] /home/cyrusleung/st-annotator/core/backend/sta/api/accounts.py                                  43     19      0      0    56%   37-46, 58-79, 92-101, 117, 133-143, 154-162
[TEST backend:vector] /home/cyrusleung/st-annotator/core/backend/sta/api/auth.py                                     134     78     18      2    39%   56-60, 80-88, 96-97, 105-133, 145, 171-189, 194-195, 205-209, 220-256, 267-279, 289-298, 303, 317-325
[TEST backend:vector] /home/cyrusleung/st-annotator/core/backend/sta/api/body_limit.py                                58     28     16      4    49%   16-23, 35-46, 50-51, 58-60, 62-63, 65-68, 74-79, 83-84
[TEST backend:vector] /home/cyrusleung/st-annotator/core/backend/sta/api/cors.py                                      27     13      8      0    40%   14-18, 23-30
[TEST backend:vector] /home/cyrusleung/st-annotator/core/backend/sta/api/crud.py                                      21     10      0      0    52%   14, 19-21, 26-27, 35-36, 50-51
[TEST backend:vector] /home/cyrusleung/st-annotator/core/backend/sta/api/editor.py                                   121     48     12      2    58%   61-67, 78-89, 100-117, 132-149, 167-173, 189-211, 216-219, 235-244, 262-271, 286, 300, 318-332, 342-352, 363-376, 381, 422->425
[TEST backend:vector] /home/cyrusleung/st-annotator/core/backend/sta/api/files.py                                    148    108     44      0    21%   36-49, 56-70, 88-90, 93, 96-106, 110-146, 167-198, 207-229, 242-276
[TEST backend:vector] /home/cyrusleung/st-annotator/core/backend/sta/api/frames.py                                    66     30      0      0    55%   32-41, 68-119, 143, 188-237, 248-256, 268-277, 287-295, 305, 321-331, 341-349
[TEST backend:vector] /home/cyrusleung/st-annotator/core/backend/sta/api/jobs.py                                      18      4      0      0    78%   42-69
[TEST backend:vector] /home/cyrusleung/st-annotator/core/backend/sta/api/label/__init__.py                            11      0      0      0   100%
[TEST backend:vector] /home/cyrusleung/st-annotator/core/backend/sta/api/label/data/__init__.py                        2      0      0      0   100%
[TEST backend:vector] /home/cyrusleung/st-annotator/core/backend/sta/api/label/groups.py                              39     13      0      0    67%   30-36, 54-87, 100-107, 117, 133-140, 150-156
[TEST backend:vector] /home/cyrusleung/st-annotator/core/backend/sta/api/label/repo/__init__.py                       37     11      0      0    70%   37-47, 58-67, 81-95, 105
[TEST backend:vector] /home/cyrusleung/st-annotator/core/backend/sta/api/label/repo/branches.py                       38     16      0      0    58%   30-39, 61-102, 112, 128-138, 148-156
[TEST backend:vector] /home/cyrusleung/st-annotator/core/backend/sta/api/label/repo/commits.py                        20      5      0      0    75%   26-47, 58
[TEST backend:vector] /home/cyrusleung/st-annotator/core/backend/sta/api/label/spec/__init__.py                        4      0      0      0   100%
[TEST backend:vector] /home/cyrusleung/st-annotator/core/backend/sta/api/label/spec/objclass/__init__.py               5      0      0      0   100%
[TEST backend:vector] /home/cyrusleung/st-annotator/core/backend/sta/api/label/spec/objclass/definitions.py           44     19      0      0    57%   29-38, 55-86, 99-108, 118, 134-144, 154-162
[TEST backend:vector] /home/cyrusleung/st-annotator/core/backend/sta/api/label/spec/objclass/selections.py            44     19      0      0    57%   29-38, 56-89, 102-111, 121, 137-147, 157-165
[TEST backend:vector] /home/cyrusleung/st-annotator/core/backend/sta/api/lifespan.py                                  15      4      4      1    63%   15->exit, 21-24
[TEST backend:vector] /home/cyrusleung/st-annotator/core/backend/sta/api/projects.py                                  45     19      0      0    58%   30-39, 58-93, 106-115, 125, 141-151, 161-169
[TEST backend:vector] /home/cyrusleung/st-annotator/core/backend/sta/api/rate_limit.py                                64     36     22      1    34%   20-27, 60-98, 105-106, 114-120
[TEST backend:vector] /home/cyrusleung/st-annotator/core/backend/sta/api/responses.py                                 15      3      0      0    80%   17-18, 30
[TEST backend:vector] /home/cyrusleung/st-annotator/core/backend/sta/api/root.py                                      94     46     38      0    36%   37, 41-50, 54-62, 66-109, 145-153
[TEST backend:vector] /home/cyrusleung/st-annotator/core/backend/sta/api/source/__init__.py                           10      0      0      0   100%
[TEST backend:vector] /home/cyrusleung/st-annotator/core/backend/sta/api/source/data/__init__.py                       2      0      0      0   100%
[TEST backend:vector] /home/cyrusleung/st-annotator/core/backend/sta/api/source/groups.py                             39     13      0      0    67%   30-36, 54-87, 100-107, 117, 133-140, 150-156
[TEST backend:vector] /home/cyrusleung/st-annotator/core/backend/sta/api/source/spec/__init__.py                       2      0      0      0   100%
[TEST backend:vector] /home/cyrusleung/st-annotator/core/backend/sta/api/tasks.py                                     45     19      0      0    58%   30-39, 52-75, 97-106, 116, 132-142, 152-160
[TEST backend:vector] /home/cyrusleung/st-annotator/core/backend/sta/api/users.py                                     60     24      0      0    60%   32-41, 63-104, 123, 155-177, 190-199, 209, 225-235, 245-253
[TEST backend:vector] /home/cyrusleung/st-annotator/core/backend/sta/benchmarks/__init__.py                            0      0      0      0   100%
[TEST backend:vector] /home/cyrusleung/st-annotator/core/backend/sta/benchmarks/database_utils.py                     28     12      2      0    53%   15-18, 23-28, 35-42, 58
[TEST backend:vector] /home/cyrusleung/st-annotator/core/backend/sta/benchmarks/perf_label_queries.py                533    344     82      0    31%   123, 139, 143, 147, 160, 186, 214, 242, 263, 271, 279, 335-365, 380-405, 429-453, 477-510, 526-552, 577-601, 623-624, 628-662, 683-716, 737-742, 752-768, 777-795, 802-808, 814, 823-865, 874-917, 921-931, 943-950, 965-1009, 1021-1037, 1053-1230, 1250-1286, 1307-1340, 1362-1372, 1408-1600
[TEST backend:vector] /home/cyrusleung/st-annotator/core/backend/sta/benchmarks/plot_utils.py                        234    234     48      0     0%   1-543
[TEST backend:vector] /home/cyrusleung/st-annotator/core/backend/sta/cli/__init__.py                                  35     12      2      0    62%   34-41, 44-45, 48-49, 52-53, 59
[TEST backend:vector] /home/cyrusleung/st-annotator/core/backend/sta/cli/base.py                                       5      0      0      0   100%
[TEST backend:vector] /home/cyrusleung/st-annotator/core/backend/sta/cli/bench.py                                     26      1      0      0    96%   120
[TEST backend:vector] /home/cyrusleung/st-annotator/core/backend/sta/cli/init.py                                      29     19      4      0    30%   23-50
[TEST backend:vector] /home/cyrusleung/st-annotator/core/backend/sta/cli/plugin.py                                    11      3      2      0    62%   19-22
[TEST backend:vector] /home/cyrusleung/st-annotator/core/backend/sta/cli/porter.py                                    76     12      0      0    84%   75-89, 124-137
[TEST backend:vector] /home/cyrusleung/st-annotator/core/backend/sta/cli/prompts.py                                   87     69      6      0    19%   20-34, 41-70, 77-106, 114-144, 151-152
[TEST backend:vector] /home/cyrusleung/st-annotator/core/backend/sta/cli/serve.py                                     91     50     12      0    40%   34-40, 53-60, 64-75, 84-85, 158-219
[TEST backend:vector] /home/cyrusleung/st-annotator/core/backend/sta/common/__init__.py                                0      0      0      0   100%
[TEST backend:vector] /home/cyrusleung/st-annotator/core/backend/sta/common/database/__init__.py                       2      0      0      0   100%
[TEST backend:vector] /home/cyrusleung/st-annotator/core/backend/sta/common/database/config.py                       159     48     18      5    66%   82-85, 98-101, 108-109, 114-116, 121, 124, 135, 147-148, 152-153, 170, 173-183, 188, 192, 196, 199, 206, 218-226, 229, 279->282, 283-284, 295, 365->368, 375-379, 396->399, 435-436
[TEST backend:vector] /home/cyrusleung/st-annotator/core/backend/sta/common/database/execution.py                     17      5      2      0    63%   43-49
[TEST backend:vector] /home/cyrusleung/st-annotator/core/backend/sta/common/database/types.py                        113     20     32      9    79%   45-46, 60-61, 69-70, 94, 97, 100-101, 113, 116, 133, 157, 165-168, 175, 198-199
[TEST backend:vector] /home/cyrusleung/st-annotator/core/backend/sta/common/filesystem/__init__.py                     4      0      0      0   100%
[TEST backend:vector] /home/cyrusleung/st-annotator/core/backend/sta/common/filesystem/base.py                        34     11      8      3    62%   19-21, 42-43, 46-47, 52-54, 59-62
[TEST backend:vector] /home/cyrusleung/st-annotator/core/backend/sta/common/filesystem/config.py                      33      5      6      2    77%   24->27, 28-29, 47-49
[TEST backend:vector] /home/cyrusleung/st-annotator/core/backend/sta/common/filesystem/io/__init__.py                  6      0      0      0   100%
[TEST backend:vector] /home/cyrusleung/st-annotator/core/backend/sta/common/filesystem/io/base.py                     47      3      6      2    91%   77, 138-141
[TEST backend:vector] /home/cyrusleung/st-annotator/core/backend/sta/common/filesystem/io/csv.py                      22      8      2      0    58%   17, 27-32, 37-38
[TEST backend:vector] /home/cyrusleung/st-annotator/core/backend/sta/common/filesystem/io/json.py                     18      0      0      0   100%
[TEST backend:vector] /home/cyrusleung/st-annotator/core/backend/sta/common/filesystem/io/numpy.py                    23      9      2      0    56%   17, 21-27, 31-32
[TEST backend:vector] /home/cyrusleung/st-annotator/core/backend/sta/common/filesystem/io/yaml.py                     18      5      0      0    72%   15, 19-20, 24-25
[TEST backend:vector] /home/cyrusleung/st-annotator/core/backend/sta/common/filesystem/path.py                       110     37     14      1    61%   29, 40, 44, 48, 52, 64, 68, 71, 74-78, 81, 84, 87, 90, 93-97, 103, 111, 123-124, 127-128, 137-138, 143, 156-163, 166
[TEST backend:vector] /home/cyrusleung/st-annotator/core/backend/sta/common/logging/__init__.py                        1      0      0      0   100%
[TEST backend:vector] /home/cyrusleung/st-annotator/core/backend/sta/common/logging/logger.py                         15      0      2      0   100%
[TEST backend:vector] /home/cyrusleung/st-annotator/core/backend/sta/common/perf.py                                   27     15      4      0    39%   15-17, 21, 24-28, 55-60
[TEST backend:vector] /home/cyrusleung/st-annotator/core/backend/sta/common/spatial/__init__.py                        4      0      0      0   100%
[TEST backend:vector] /home/cyrusleung/st-annotator/core/backend/sta/common/spatial/boundaries.py                    105     31     38     10    63%   23-24, 33-34, 67, 68->72, 87, 93, 107, 148-172, 179->182, 191, 199, 201
[TEST backend:vector] /home/cyrusleung/st-annotator/core/backend/sta/common/spatial/transform.py                      61     11     10      2    76%   47->51, 83-91, 94-100, 104
[TEST backend:vector] /home/cyrusleung/st-annotator/core/backend/sta/common/spatial/units.py                          21      6      2      1    70%   15-16, 19, 23-25
[TEST backend:vector] /home/cyrusleung/st-annotator/core/backend/sta/common/spatial/vectors.py                       244     93     42      5    58%   31-38, 45-48, 69, 81-84, 102, 109-110, 117, 144-145, 157, 164-167, 170-171, 174-175, 178-179, 182-183, 186-187, 190-191, 194-195, 198-199, 202-203, 206-207, 217, 229, 243, 246, 250-251, 254, 263, 267, 292-293, 305, 325-328, 333-334, 339-340, 345-346, 351-352, 357-358, 363-364, 369-370, 375-376, 381-382, 387-388, 391-397, 400-403, 410, 437, 478, 491
[TEST backend:vector] /home/cyrusleung/st-annotator/core/backend/sta/common/testing/__init__.py                        2      2      0      0     0%   3-4
[TEST backend:vector] /home/cyrusleung/st-annotator/core/backend/sta/common/testing/database/__init__.py               2      2      0      0     0%   1-2
[TEST backend:vector] /home/cyrusleung/st-annotator/core/backend/sta/common/testing/database/strategies.py            71     71     32      0     0%   1-262
[TEST backend:vector] /home/cyrusleung/st-annotator/core/backend/sta/common/testing/database/tests.py                  3      3      0      0     0%   1-5
[TEST backend:vector] /home/cyrusleung/st-annotator/core/backend/sta/common/testing/strategies.py                    191    191     58      0     0%   1-515
[TEST backend:vector] /home/cyrusleung/st-annotator/core/backend/sta/common/testing/tests.py                          42     42      6      0     0%   1-86
[TEST backend:vector] /home/cyrusleung/st-annotator/core/backend/sta/common/utils/__init__.py                          0      0      0      0   100%
[TEST backend:vector] /home/cyrusleung/st-annotator/core/backend/sta/common/utils/collections.py                      34     34      6      0     0%   1-73
[TEST backend:vector] /home/cyrusleung/st-annotator/core/backend/sta/common/utils/datetime.py                         13     13      2      0     0%   1-47
[TEST backend:vector] /home/cyrusleung/st-annotator/core/backend/sta/common/utils/env_path.py                         14      3      6      3    70%   35, 38, 41
[TEST backend:vector] /home/cyrusleung/st-annotator/core/backend/sta/common/utils/func.py                             46     46     10      0     0%   1-93
[TEST backend:vector] /home/cyrusleung/st-annotator/core/backend/sta/common/utils/json.py                             96     69     54      0    18%   32-46, 58-65, 101, 104-132, 135-136, 139-143, 146-157, 168
[TEST backend:vector] /home/cyrusleung/st-annotator/core/backend/sta/common/utils/registry.py                         40     13      4      1    64%   28-29, 34-39, 42, 47-49, 52, 55
[TEST backend:vector] /home/cyrusleung/st-annotator/core/backend/sta/config.py                                        70     30     12      3    52%   40-61, 72-78, 81, 106-107, 122-123, 135-136
[TEST backend:vector] /home/cyrusleung/st-annotator/core/backend/sta/domain/__init__.py                                0      0      0      0   100%
[TEST backend:vector] /home/cyrusleung/st-annotator/core/backend/sta/domain/accounts.py                               79     59     22      0    20%   26-29, 33-36, 45-57, 68-81, 90-96, 105-111, 120-126, 136-168, 177-184, 194-203
[TEST backend:vector] /home/cyrusleung/st-annotator/core/backend/sta/domain/auth.py                                  135     82     28      1    33%   35, 64, 76-83, 88-90, 104-118, 132-149, 160-168, 181, 186, 213-220, 232-249, 259-278, 295, 304-309, 313-322
[TEST backend:vector] /home/cyrusleung/st-annotator/core/backend/sta/domain/editor/__init__.py                         0      0      0      0   100%
[TEST backend:vector] /home/cyrusleung/st-annotator/core/backend/sta/domain/editor/loader.py                          25      6      4      1    69%   24-29
[TEST backend:vector] /home/cyrusleung/st-annotator/core/backend/sta/domain/frames.py                                203    130     62      8    32%   45-48, 56-59, 73-83, 95, 102, 116->128, 123, 129-135, 165, 173, 178, 197-199, 241, 276-317, 344-368, 391-412, 435-455, 478-506, 532-554, 576-594, 603-611, 621-642, 651-658, 667-685, 695-715, 724-729
[TEST backend:vector] /home/cyrusleung/st-annotator/core/backend/sta/domain/jobs/__init__.py                           1      0      0      0   100%
[TEST backend:vector] /home/cyrusleung/st-annotator/core/backend/sta/domain/jobs/base.py                             133     91     32      1    26%   58-64, 68, 72, 77, 86, 95-101, 105-106, 127-131, 153-176, 188-217, 238-276, 296-307, 332-341, 357-369, 380-390, 407-422
[TEST backend:vector] /home/cyrusleung/st-annotator/core/backend/sta/domain/jobs/worker.py                            60     38      8      0    32%   48-62, 72-73, 77-87, 98-125
[TEST backend:vector] /home/cyrusleung/st-annotator/core/backend/sta/domain/label/__init__.py                          0      0      0      0   100%
[TEST backend:vector] /home/cyrusleung/st-annotator/core/backend/sta/domain/label/data/__init__.py                     1      0      0      0   100%
[TEST backend:vector] /home/cyrusleung/st-annotator/core/backend/sta/domain/label/data/base.py                       354    131    104     19    58%   51, 69, 99, 102-105, 130, 203-204, 217-226, 236-250, 263-264, 289, 309-323, 388->390, 392, 394, 396, 409-411, 419-421, 441-454, 466-478, 495, 501, 527-546, 559-566, 598->606, 646->654, 707-742, 754-787, 798-821, 872-883, 893-912, 970, 1039-1060, 1160-1172, 1204-1231
[TEST backend:vector] /home/cyrusleung/st-annotator/core/backend/sta/domain/label/groups.py                           91     59     26      0    27%   31-34, 38-41, 49-60, 94-109, 127-143, 157-170, 179-187, 197-211, 220-227, 237-244
[TEST backend:vector] /home/cyrusleung/st-annotator/core/backend/sta/domain/label/repo/__init__.py                     0      0      0      0   100%
[TEST backend:vector] /home/cyrusleung/st-annotator/core/backend/sta/domain/label/repo/branches.py                   126     73     46      6    37%   44-53, 63-73, 96-118, 132, 153, 162-170, 218-238, 257-275, 287, 293, 305-335, 344-359
[TEST backend:vector] /home/cyrusleung/st-annotator/core/backend/sta/domain/label/repo/commits.py                     70     39     20      0    37%   26-29, 37-40, 67-79, 108-116, 127-147, 156-164, 174-184, 205-231
[TEST backend:vector] /home/cyrusleung/st-annotator/core/backend/sta/domain/label/repo/graph.py                      181     35     52     13    77%   41, 48-50, 64, 71, 78-88, 90->67, 93-94, 98, 208, 284->295, 290, 298-299, 311-314, 318, 324, 388, 467-481, 491-505, 594-615
[TEST backend:vector] /home/cyrusleung/st-annotator/core/backend/sta/domain/label/repo/ops/__init__.py                 7      0      0      0   100%
[TEST backend:vector] /home/cyrusleung/st-annotator/core/backend/sta/domain/label/repo/ops/base/__init__.py            4      0      0      0   100%
[TEST backend:vector] /home/cyrusleung/st-annotator/core/backend/sta/domain/label/repo/ops/base/create.py             16      0      0      0   100%
[TEST backend:vector] /home/cyrusleung/st-annotator/core/backend/sta/domain/label/repo/ops/base/delete.py             15      0      0      0   100%
[TEST backend:vector] /home/cyrusleung/st-annotator/core/backend/sta/domain/label/repo/ops/base/operation.py          26      0      0      0   100%
[TEST backend:vector] /home/cyrusleung/st-annotator/core/backend/sta/domain/label/repo/ops/base/update.py             18      0      0      0   100%
[TEST backend:vector] /home/cyrusleung/st-annotator/core/backend/sta/domain/label/repo/ops/registry.py                54     13      4      1    76%   19, 24, 41, 50, 53, 56, 61-62, 68-69, 73-74, 86
[TEST backend:vector] /home/cyrusleung/st-annotator/core/backend/sta/domain/label/repo/ops/special/__init__.py        15      0      0      0   100%
[TEST backend:vector] /home/cyrusleung/st-annotator/core/backend/sta/domain/label/repo/ops/special/checkpoint.py      15      2      2      0    76%   29-30
[TEST backend:vector] /home/cyrusleung/st-annotator/core/backend/sta/domain/label/repo/ops/special/import_.py         21      2      0      0    90%   29, 41
[TEST backend:vector] /home/cyrusleung/st-annotator/core/backend/sta/domain/label/repo/ops/special/init_.py           13      0      0      0   100%
[TEST backend:vector] /home/cyrusleung/st-annotator/core/backend/sta/domain/label/repo/placeholder.py                 81     26     16      2    67%   47, 51, 56-59, 63, 66-69, 72-75, 98, 105-109, 126-127, 144-145, 158-160, 163
[TEST backend:vector] /home/cyrusleung/st-annotator/core/backend/sta/domain/label/spec/__init__.py                     1      0      0      0   100%
[TEST backend:vector] /home/cyrusleung/st-annotator/core/backend/sta/domain/label/spec/base.py                       174    104     52      7    35%   52-56, 62-66, 72-76, 114, 132, 142, 152-161, 170-185, 188-190, 211-228, 246-265, 279-292, 301-313, 323-324, 336, 352-376, 385-398, 408-425
[TEST backend:vector] /home/cyrusleung/st-annotator/core/backend/sta/domain/label/spec/objclass/__init__.py            3      0      0      0   100%
[TEST backend:vector] /home/cyrusleung/st-annotator/core/backend/sta/domain/label/spec/objclass/definitions.py        78     52     20      0    27%   26, 63-77, 94-109, 122-134, 143-154, 167-184, 193-201, 213-223
[TEST backend:vector] /home/cyrusleung/st-annotator/core/backend/sta/domain/label/spec/objclass/selections.py        114     70     30      1    33%   69, 78-87, 122-160, 169-183, 195-223, 226, 237-239, 248-256, 265-273
[TEST backend:vector] /home/cyrusleung/st-annotator/core/backend/sta/domain/ops.py                                    18     14      6      0    17%   13-48
[TEST backend:vector] /home/cyrusleung/st-annotator/core/backend/sta/domain/projects.py                              123     84     34      1    25%   37-43, 47-50, 70, 79-88, 130-148, 165-187, 202-214, 223-232, 242-265, 274-302, 312-327
[TEST backend:vector] /home/cyrusleung/st-annotator/core/backend/sta/domain/querying.py                               54     27     16      0    39%   44, 52, 57-61, 66, 71, 76-79, 84-87, 99-106, 121-131
[TEST backend:vector] /home/cyrusleung/st-annotator/core/backend/sta/domain/source/__init__.py                         0      0      0      0   100%
[TEST backend:vector] /home/cyrusleung/st-annotator/core/backend/sta/domain/source/data/__init__.py                    1      0      0      0   100%
[TEST backend:vector] /home/cyrusleung/st-annotator/core/backend/sta/domain/source/data/base.py                      234    141     72     15    35%   69-73, 95, 117-122, 150, 153-156, 169, 188-201, 225, 227, 229, 230->232, 233-234, 236-237, 239-240, 242-243, 245-246, 248-249, 251-252, 254-255, 277-294, 312-327, 340, 364-374, 384-414, 423-430, 445-467, 486-515, 524-528, 542-544, 565-570, 596-616, 632-637, 653-658, 668-681, 691-699, 749, 754-755, 818-838, 858-875, 889
[TEST backend:vector] /home/cyrusleung/st-annotator/core/backend/sta/domain/source/groups.py                          92     61     28      0    26%   30-33, 37-40, 48-59, 94-110, 129-147, 162-176, 185-193, 203-217, 226-233, 243-250
[TEST backend:vector] /home/cyrusleung/st-annotator/core/backend/sta/domain/source/spec/__init__.py                    1      0      0      0   100%
[TEST backend:vector] /home/cyrusleung/st-annotator/core/backend/sta/domain/source/spec/base.py                      174    130     50      0    20%   51-55, 58-65, 68-75, 82-83, 96, 104-114, 128-140, 150-157, 173-188, 200-211, 223-237, 247-256, 265-277, 286-306, 322-346, 361-376, 391-410, 425-435
[TEST backend:vector] /home/cyrusleung/st-annotator/core/backend/sta/domain/tasks.py                                 304    208    126     10    25%   31-48, 75-115, 119-122, 127, 142-166, 171-188, 204-217, 224-227, 236-243, 254-289, 306-307, 314, 322-327, 344-345, 352, 360-363, 371-414, 418-420, 427-430, 437-440, 450, 497, 504-513, 529, 538-542, 582-593, 603-612, 621-633, 643-679, 688-708, 718-760
[TEST backend:vector] /home/cyrusleung/st-annotator/core/backend/sta/domain/users.py                                 194    145     62      2    20%   56-59, 63-66, 70, 93, 102-111, 120-142, 165-187, 205-221, 242-263, 282-298, 307-313, 323-386, 395-411, 421-442, 452-453, 475-497, 506-525
[TEST backend:vector] /home/cyrusleung/st-annotator/core/backend/sta/entrypoints.py                                   43      7      6      3    80%   17-18, 23-27, 46->55, 48, 87->92
[TEST backend:vector] /home/cyrusleung/st-annotator/core/backend/sta/envs.py                                          36      0      0      0   100%
[TEST backend:vector] /home/cyrusleung/st-annotator/core/backend/sta/filesystem.py                                     7      0      0      0   100%
[TEST backend:vector] /home/cyrusleung/st-annotator/core/backend/sta/models/__init__.py                                0      0      0      0   100%
[TEST backend:vector] /home/cyrusleung/st-annotator/core/backend/sta/models/account.py                                32      2      0      0    94%   46, 62
[TEST backend:vector] /home/cyrusleung/st-annotator/core/backend/sta/models/base.py                                  214     19     12      3    89%   61, 81, 146-147, 393, 406-410, 562, 566, 570, 574, 613-615, 618-620, 623-625
[TEST backend:vector] /home/cyrusleung/st-annotator/core/backend/sta/models/configs/__init__.py                        1      0      0      0   100%
[TEST backend:vector] /home/cyrusleung/st-annotator/core/backend/sta/models/configs/project.py                        15      0      0      0   100%
[TEST backend:vector] /home/cyrusleung/st-annotator/core/backend/sta/models/frame.py                                  59      2      0      0    97%   31, 74
[TEST backend:vector] /home/cyrusleung/st-annotator/core/backend/sta/models/job.py                                    65      3      0      0    95%   93, 97, 146
[TEST backend:vector] /home/cyrusleung/st-annotator/core/backend/sta/models/label/__init__.py                          0      0      0      0   100%
[TEST backend:vector] /home/cyrusleung/st-annotator/core/backend/sta/models/label/data/__init__.py                     1      0      0      0   100%
[TEST backend:vector] /home/cyrusleung/st-annotator/core/backend/sta/models/label/data/base.py                        54      3      0      0    94%   112-119, 128
[TEST backend:vector] /home/cyrusleung/st-annotator/core/backend/sta/models/label/group.py                            25      1      0      0    96%   41
[TEST backend:vector] /home/cyrusleung/st-annotator/core/backend/sta/models/label/repo.py                            145      5      0      0    97%   112, 116, 120, 131, 295
[TEST backend:vector] /home/cyrusleung/st-annotator/core/backend/sta/models/label/spec/__init__.py                     2      0      0      0   100%
[TEST backend:vector] /home/cyrusleung/st-annotator/core/backend/sta/models/label/spec/base.py                        58     13      0      0    78%   114-143, 159
[TEST backend:vector] /home/cyrusleung/st-annotator/core/backend/sta/models/label/spec/objclass.py                   100      4      0      0    96%   59, 62-65
[TEST backend:vector] /home/cyrusleung/st-annotator/core/backend/sta/models/project.py                                44      1      0      0    98%   79
[TEST backend:vector] /home/cyrusleung/st-annotator/core/backend/sta/models/source/__init__.py                         0      0      0      0   100%
[TEST backend:vector] /home/cyrusleung/st-annotator/core/backend/sta/models/source/data/__init__.py                    1      0      0      0   100%
[TEST backend:vector] /home/cyrusleung/st-annotator/core/backend/sta/models/source/data/base.py                       64      1      0      0    98%   143
[TEST backend:vector] /home/cyrusleung/st-annotator/core/backend/sta/models/source/group.py                           25      1      0      0    96%   41
[TEST backend:vector] /home/cyrusleung/st-annotator/core/backend/sta/models/source/spec/__init__.py                    1      0      0      0   100%
[TEST backend:vector] /home/cyrusleung/st-annotator/core/backend/sta/models/source/spec/base.py                       58      3      0      0    95%   129, 133, 158
[TEST backend:vector] /home/cyrusleung/st-annotator/core/backend/sta/models/task.py                                   92      3      0      0    97%   118, 127, 147
[TEST backend:vector] /home/cyrusleung/st-annotator/core/backend/sta/models/types/__init__.py                         15      2      0      0    87%   30-31
[TEST backend:vector] /home/cyrusleung/st-annotator/core/backend/sta/models/types/name.py                             20      5      6      3    69%   18-19, 22, 25-26
[TEST backend:vector] /home/cyrusleung/st-annotator/core/backend/sta/models/types/quality.py                           4      0      0      0   100%
[TEST backend:vector] /home/cyrusleung/st-annotator/core/backend/sta/models/types/uri.py                              25     13      6      0    39%   18-38
[TEST backend:vector] /home/cyrusleung/st-annotator/core/backend/sta/models/user.py                                   96     10      8      2    85%   37-38, 41, 67-74, 163
[TEST backend:vector] /home/cyrusleung/st-annotator/core/backend/sta/plugin.py                                        13      0      4      0   100%
[TEST backend:vector] /home/cyrusleung/st-annotator/core/backend/sta/porter/__init__.py                                0      0      0      0   100%
[TEST backend:vector] /home/cyrusleung/st-annotator/core/backend/sta/porter/st_metadata.py                            97     29     20      7    64%   59-60, 63-64, 80-82, 89-99, 104-108, 117-118, 127, 136-140, 181-182
[TEST backend:vector] /home/cyrusleung/st-annotator/core/backend/sta/session.py                                       52      3      8      3    90%   20, 30, 89->exit, 102
[TEST backend:vector] /home/cyrusleung/st-annotator/core/backend/sta/testing/__init__.py                               0      0      0      0   100%
[TEST backend:vector] /home/cyrusleung/st-annotator/core/backend/sta/testing/config.py                                26      1      2      1    93%   29
[TEST backend:vector] /home/cyrusleung/st-annotator/core/backend/sta/testing/domain/__init__.py                        0      0      0      0   100%
[TEST backend:vector] /home/cyrusleung/st-annotator/core/backend/sta/testing/domain/frames.py                         23     10      0      0    57%   21-37, 48-64
[TEST backend:vector] /home/cyrusleung/st-annotator/core/backend/sta/testing/domain/label/__init__.py                  0      0      0      0   100%
[TEST backend:vector] /home/cyrusleung/st-annotator/core/backend/sta/testing/domain/label/groups.py                   13      0      0      0   100%
[TEST backend:vector] /home/cyrusleung/st-annotator/core/backend/sta/testing/domain/label/repo/__init__.py             0      0      0      0   100%
[TEST backend:vector] /home/cyrusleung/st-annotator/core/backend/sta/testing/domain/label/repo/branches.py            21      0      0      0   100%
[TEST backend:vector] /home/cyrusleung/st-annotator/core/backend/sta/testing/domain/label/spec/__init__.py             0      0      0      0   100%
[TEST backend:vector] /home/cyrusleung/st-annotator/core/backend/sta/testing/domain/label/spec/objclass.py            16      0      0      0   100%
[TEST backend:vector] /home/cyrusleung/st-annotator/core/backend/sta/testing/domain/projects.py                       20      5      0      0    75%   12-22
[TEST backend:vector] /home/cyrusleung/st-annotator/core/backend/sta/testing/domain/source/__init__.py                 0      0      0      0   100%
[TEST backend:vector] /home/cyrusleung/st-annotator/core/backend/sta/testing/domain/source/groups.py                  13      0      0      0   100%
[TEST backend:vector] /home/cyrusleung/st-annotator/core/backend/sta/testing/domain/tasks.py                          28     10      0      0    64%   17-30, 39-53
[TEST backend:vector] /home/cyrusleung/st-annotator/core/backend/sta/testing/domain/users.py                           6      0      0      0   100%
[TEST backend:vector] /home/cyrusleung/st-annotator/core/backend/sta/testing/keys.py                                  13      2      0      0    85%   41-43
[TEST backend:vector] /home/cyrusleung/st-annotator/core/backend/sta/testing/plugin_import.py                         56      8      2      1    84%   55, 76-84
[TEST backend:vector] /home/cyrusleung/st-annotator/core/backend/sta/testing/pytest_fixtures.py                       13      0      0      0   100%
[TEST backend:vector] /home/cyrusleung/st-annotator/core/backend/sta/testing/pytest_plugin.py                          3      3      0      0     0%   1-5
[TEST backend:vector] /home/cyrusleung/st-annotator/core/backend/sta/testing/session.py                                7      2      0      0    71%   9-10
[TEST backend:vector] sta_vector/__init__.py                                                                           0      0      0      0   100%
[TEST backend:vector] sta_vector/api/__init__.py                                                                       0      0      0      0   100%
[TEST backend:vector] sta_vector/api/label/__init__.py                                                                 0      0      0      0   100%
[TEST backend:vector] sta_vector/api/label/data/__init__.py                                                            4      0      0      0   100%
[TEST backend:vector] sta_vector/api/label/data/element.py                                                            85     33      0      0    61%   55, 80, 108-119, 142-185, 208-268, 280-288, 302-313, 326-336, 348-355, 370-382, 395-405
[TEST backend:vector] sta_vector/domain/__init__.py                                                                    0      0      0      0   100%
[TEST backend:vector] sta_vector/domain/editor/__init__.py                                                             0      0      0      0   100%
[TEST backend:vector] sta_vector/domain/editor/loader.py                                                              41      2      6      1    94%   85-86
[TEST backend:vector] sta_vector/domain/label/__init__.py                                                              0      0      0      0   100%
[TEST backend:vector] sta_vector/domain/label/data/__init__.py                                                         3      0      0      0   100%
[TEST backend:vector] sta_vector/domain/label/repo/__init__.py                                                         0      0      0      0   100%
[TEST backend:vector] sta_vector/domain/label/repo/ops/__init__.py                                                     0      0      0      0   100%
[TEST backend:vector] sta_vector/domain/label/repo/ops/vector/__init__.py                                             22      0      2      0   100%
[TEST backend:vector] sta_vector/domain/label/repo/ops/vector/assign_class.py                                         20      0      0      0   100%
[TEST backend:vector] sta_vector/domain/label/repo/ops/vector/create.py                                               21      0      0      0   100%
[TEST backend:vector] sta_vector/domain/label/repo/ops/vector/delete.py                                               15      0      0      0   100%
[TEST backend:vector] sta_vector/domain/label/repo/ops/vector/edit.py                                                 23      0      0      0   100%
[TEST backend:vector] sta_vector/filesystem.py                                                                       144     14     32      6    89%   38-39, 112-113, 115-116, 118-119, 142-143, 146-147, 151-152
[TEST backend:vector] sta_vector/models/__init__.py                                                                    0      0      0      0   100%
[TEST backend:vector] sta_vector/models/label/__init__.py                                                              0      0      0      0   100%
[TEST backend:vector] sta_vector/models/label/data.py                                                                114      5      2      1    95%   82, 177-179, 182-184
[TEST backend:vector] sta_vector/plugin.py                                                                           116      6     32      3    94%   68, 111-112, 119-120, 239
[TEST backend:vector] ----------------------------------------------------------------------------------------------------------------------------------------
[TEST backend:vector] TOTAL                                                                                         9774   4221   1768    179    51%
[TEST backend:vector] Coverage HTML written to dir coverage
[TEST backend:vector] ================== 24 passed, 60 warnings in 67.75s (0:01:07) ==================
[TEST backend:gmesh] .............                                                            [100%]sys:1: DeprecationWarning: builtin type swigvarlink has no __module__ attribute
[TEST backend:gmesh] sys:1: DeprecationWarning: builtin type swigvarlink has no __module__ attribute
[TEST backend:gmesh] 
[TEST backend:gmesh] =============================== warnings summary ===============================
[TEST backend:gmesh] ../../../.venv/lib/python3.11/site-packages/passlib/utils/__init__.py:854
[TEST backend:gmesh] ../../../.venv/lib/python3.11/site-packages/passlib/utils/__init__.py:854
[TEST backend:gmesh] ../../../.venv/lib/python3.11/site-packages/passlib/utils/__init__.py:854
[TEST backend:gmesh]   /home/cyrusleung/st-annotator/.venv/lib/python3.11/site-packages/passlib/utils/__init__.py:854: DeprecationWarning: 'crypt' is deprecated and slated for removal in Python 3.13
[TEST backend:gmesh]     from crypt import crypt as _crypt
[TEST backend:gmesh] 
[TEST backend:gmesh] ../../../.venv/lib/python3.11/site-packages/passlib/handlers/argon2.py:716
[TEST backend:gmesh] ../../../.venv/lib/python3.11/site-packages/passlib/handlers/argon2.py:716
[TEST backend:gmesh] ../../../.venv/lib/python3.11/site-packages/passlib/handlers/argon2.py:716
[TEST backend:gmesh]   /home/cyrusleung/st-annotator/.venv/lib/python3.11/site-packages/passlib/handlers/argon2.py:716: DeprecationWarning: Accessing argon2.__version__ is deprecated and will be removed in a future release. Use importlib.metadata directly to query for argon2-cffi's packaging metadata.
[TEST backend:gmesh]     _argon2_cffi.__version__, max_version)
[TEST backend:gmesh] 
[TEST backend:gmesh] <frozen importlib._bootstrap>:241
[TEST backend:gmesh] <frozen importlib._bootstrap>:241
[TEST backend:gmesh]   <frozen importlib._bootstrap>:241: DeprecationWarning: builtin type SwigPyPacked has no __module__ attribute
[TEST backend:gmesh] 
[TEST backend:gmesh] <frozen importlib._bootstrap>:241
[TEST backend:gmesh] <frozen importlib._bootstrap>:241
[TEST backend:gmesh]   <frozen importlib._bootstrap>:241: DeprecationWarning: builtin type SwigPyObject has no __module__ attribute
[TEST backend:gmesh] 
[TEST backend:gmesh] test/cli/test_generate_from_pcd.py: 8 warnings
[TEST backend:gmesh] test/api/test_metadata.py: 8 warnings
[TEST backend:gmesh]   /home/cyrusleung/st-annotator/.venv/lib/python3.11/site-packages/sqlmodel/main.py:582: PydanticDeprecatedSince211: Annotation 'srid' is marked as final and has a default value. Pydantic treats 'srid' as a class variable, but it will be considered as a normal field in V3 to be aligned with dataclasses. If you still want 'srid' to be considered as a class variable, annotate it as: `ClassVar[<type>] = <default>.`. Deprecated in Pydantic V2.11 to be removed in V3.0.
[TEST backend:gmesh]     "SQLModel", super().__new__(cls, name, bases, dict_used, **config_kwargs)
[TEST backend:gmesh] 
[TEST backend:gmesh] test/cli/test_generate_from_pcd.py: 8 warnings
[TEST backend:gmesh] test/api/test_metadata.py: 8 warnings
[TEST backend:gmesh]   /home/cyrusleung/st-annotator/.venv/lib/python3.11/site-packages/sqlmodel/main.py:582: PydanticDeprecatedSince211: Annotation 'output_dimension' is marked as final and has a default value. Pydantic treats 'output_dimension' as a class variable, but it will be considered as a normal field in V3 to be aligned with dataclasses. If you still want 'output_dimension' to be considered as a class variable, annotate it as: `ClassVar[<type>] = <default>.`. Deprecated in Pydantic V2.11 to be removed in V3.0.
[TEST backend:gmesh]     "SQLModel", super().__new__(cls, name, bases, dict_used, **config_kwargs)
[TEST backend:gmesh] 
[TEST backend:gmesh] test/cli/test_generate_from_pcd.py: 8 warnings
[TEST backend:gmesh] test/api/test_metadata.py: 8 warnings
[TEST backend:gmesh]   /home/cyrusleung/st-annotator/.venv/lib/python3.11/site-packages/sqlmodel/main.py:582: PydanticDeprecatedSince211: Annotation 'include_z' is marked as final and has a default value. Pydantic treats 'include_z' as a class variable, but it will be considered as a normal field in V3 to be aligned with dataclasses. If you still want 'include_z' to be considered as a class variable, annotate it as: `ClassVar[<type>] = <default>.`. Deprecated in Pydantic V2.11 to be removed in V3.0.
[TEST backend:gmesh]     "SQLModel", super().__new__(cls, name, bases, dict_used, **config_kwargs)
[TEST backend:gmesh] 
[TEST backend:gmesh] -- Docs: https://docs.pytest.org/en/stable/how-to/capture-warnings.html
[TEST backend:gmesh] ================================ tests coverage ================================
[TEST backend:gmesh] _______________ coverage: platform linux, python 3.11.4-final-0 ________________
[TEST backend:gmesh] 
[TEST backend:gmesh] Name                                                                                         Stmts   Miss Branch BrPart  Cover   Missing
[TEST backend:gmesh] ----------------------------------------------------------------------------------------------------------------------------------------
[TEST backend:gmesh] /home/cyrusleung/st-annotator/core/backend/sta/__init__.py                                       0      0      0      0   100%
[TEST backend:gmesh] /home/cyrusleung/st-annotator/core/backend/sta/__main__.py                                       1      1      0      0     0%   3
[TEST backend:gmesh] /home/cyrusleung/st-annotator/core/backend/sta/api/__init__.py                                   0      0      0      0   100%
[TEST backend:gmesh] /home/cyrusleung/st-annotator/core/backend/sta/api/accounts.py                                  43     19      0      0    56%   37-46, 58-79, 92-101, 117, 133-143, 154-162
[TEST backend:gmesh] /home/cyrusleung/st-annotator/core/backend/sta/api/auth.py                                     134     46     18      5    62%   56-60, 80-88, 106, 145, 181-189, 229, 232-238, 246, 267-279, 289-298, 303, 317-325
[TEST backend:gmesh] /home/cyrusleung/st-annotator/core/backend/sta/api/body_limit.py                                58     23     16      6    58%   16-23, 35-46, 50-51, 58-60, 62-63, 65-68, 75->79, 78, 83-84
[TEST backend:gmesh] /home/cyrusleung/st-annotator/core/backend/sta/api/cors.py                                      27     13      8      0    40%   14-18, 23-30
[TEST backend:gmesh] /home/cyrusleung/st-annotator/core/backend/sta/api/crud.py                                      21      0      0      0   100%
[TEST backend:gmesh] /home/cyrusleung/st-annotator/core/backend/sta/api/editor.py                                   121     48     12      2    58%   61-67, 78-89, 100-117, 132-149, 167-173, 189-211, 216-219, 235-244, 262-271, 286, 300, 318-332, 342-352, 363-376, 381, 422->425
[TEST backend:gmesh] /home/cyrusleung/st-annotator/core/backend/sta/api/files.py                                    148    108     44      0    21%   36-49, 56-70, 88-90, 93, 96-106, 110-146, 167-198, 207-229, 242-276
[TEST backend:gmesh] /home/cyrusleung/st-annotator/core/backend/sta/api/frames.py                                    66     30      0      0    55%   32-41, 68-119, 143, 188-237, 248-256, 268-277, 287-295, 305, 321-331, 341-349
[TEST backend:gmesh] /home/cyrusleung/st-annotator/core/backend/sta/api/jobs.py                                      18      4      0      0    78%   42-69
[TEST backend:gmesh] /home/cyrusleung/st-annotator/core/backend/sta/api/label/__init__.py                            11      0      0      0   100%
[TEST backend:gmesh] /home/cyrusleung/st-annotator/core/backend/sta/api/label/data/__init__.py                        2      0      0      0   100%
[TEST backend:gmesh] /home/cyrusleung/st-annotator/core/backend/sta/api/label/groups.py                              39     13      0      0    67%   30-36, 54-87, 100-107, 117, 133-140, 150-156
[TEST backend:gmesh] /home/cyrusleung/st-annotator/core/backend/sta/api/label/repo/__init__.py                       37     11      0      0    70%   37-47, 58-67, 81-95, 105
[TEST backend:gmesh] /home/cyrusleung/st-annotator/core/backend/sta/api/label/repo/branches.py                       38     16      0      0    58%   30-39, 61-102, 112, 128-138, 148-156
[TEST backend:gmesh] /home/cyrusleung/st-annotator/core/backend/sta/api/label/repo/commits.py                        20      5      0      0    75%   26-47, 58
[TEST backend:gmesh] /home/cyrusleung/st-annotator/core/backend/sta/api/label/spec/__init__.py                        4      0      0      0   100%
[TEST backend:gmesh] /home/cyrusleung/st-annotator/core/backend/sta/api/label/spec/objclass/__init__.py               5      0      0      0   100%
[TEST backend:gmesh] /home/cyrusleung/st-annotator/core/backend/sta/api/label/spec/objclass/definitions.py           44     19      0      0    57%   29-38, 55-86, 99-108, 118, 134-144, 154-162
[TEST backend:gmesh] /home/cyrusleung/st-annotator/core/backend/sta/api/label/spec/objclass/selections.py            44     19      0      0    57%   29-38, 56-89, 102-111, 121, 137-147, 157-165
[TEST backend:gmesh] /home/cyrusleung/st-annotator/core/backend/sta/api/lifespan.py                                  15      4      4      1    63%   15->exit, 21-24
[TEST backend:gmesh] /home/cyrusleung/st-annotator/core/backend/sta/api/projects.py                                  45     19      0      0    58%   30-39, 58-93, 106-115, 125, 141-151, 161-169
[TEST backend:gmesh] /home/cyrusleung/st-annotator/core/backend/sta/api/rate_limit.py                                64     22     22      6    56%   20-27, 68->82, 72-75, 90, 93, 98, 114-120
[TEST backend:gmesh] /home/cyrusleung/st-annotator/core/backend/sta/api/responses.py                                 15      0      0      0   100%
[TEST backend:gmesh] /home/cyrusleung/st-annotator/core/backend/sta/api/root.py                                      94     22     38      9    67%   37, 50, 56, 62, 69-82, 96-109, 151-153
[TEST backend:gmesh] /home/cyrusleung/st-annotator/core/backend/sta/api/source/__init__.py                           10      0      0      0   100%
[TEST backend:gmesh] /home/cyrusleung/st-annotator/core/backend/sta/api/source/data/__init__.py                       2      0      0      0   100%
[TEST backend:gmesh] /home/cyrusleung/st-annotator/core/backend/sta/api/source/groups.py                             39     13      0      0    67%   30-36, 54-87, 100-107, 117, 133-140, 150-156
[TEST backend:gmesh] /home/cyrusleung/st-annotator/core/backend/sta/api/source/spec/__init__.py                       2      0      0      0   100%
[TEST backend:gmesh] /home/cyrusleung/st-annotator/core/backend/sta/api/tasks.py                                     45     19      0      0    58%   30-39, 52-75, 97-106, 116, 132-142, 152-160
[TEST backend:gmesh] /home/cyrusleung/st-annotator/core/backend/sta/api/users.py                                     60     24      0      0    60%   32-41, 63-104, 123, 155-177, 190-199, 209, 225-235, 245-253
[TEST backend:gmesh] /home/cyrusleung/st-annotator/core/backend/sta/benchmarks/__init__.py                            0      0      0      0   100%
[TEST backend:gmesh] /home/cyrusleung/st-annotator/core/backend/sta/benchmarks/database_utils.py                     28     12      2      0    53%   15-18, 23-28, 35-42, 58
[TEST backend:gmesh] /home/cyrusleung/st-annotator/core/backend/sta/benchmarks/perf_label_queries.py                533    344     82      0    31%   123, 139, 143, 147, 160, 186, 214, 242, 263, 271, 279, 335-365, 380-405, 429-453, 477-510, 526-552, 577-601, 623-624, 628-662, 683-716, 737-742, 752-768, 777-795, 802-808, 814, 823-865, 874-917, 921-931, 943-950, 965-1009, 1021-1037, 1053-1230, 1250-1286, 1307-1340, 1362-1372, 1408-1600
[TEST backend:gmesh] /home/cyrusleung/st-annotator/core/backend/sta/benchmarks/plot_utils.py                        234    234     48      0     0%   1-543
[TEST backend:gmesh] /home/cyrusleung/st-annotator/core/backend/sta/cli/__init__.py                                  35     12      2      0    62%   34-41, 44-45, 48-49, 52-53, 59
[TEST backend:gmesh] /home/cyrusleung/st-annotator/core/backend/sta/cli/base.py                                       5      0      0      0   100%
[TEST backend:gmesh] /home/cyrusleung/st-annotator/core/backend/sta/cli/bench.py                                     26      1      0      0    96%   120
[TEST backend:gmesh] /home/cyrusleung/st-annotator/core/backend/sta/cli/init.py                                      29     19      4      0    30%   23-50
[TEST backend:gmesh] /home/cyrusleung/st-annotator/core/backend/sta/cli/plugin.py                                    11      3      2      0    62%   19-22
[TEST backend:gmesh] /home/cyrusleung/st-annotator/core/backend/sta/cli/porter.py                                    76     12      0      0    84%   183-197, 232-245
[TEST backend:gmesh] /home/cyrusleung/st-annotator/core/backend/sta/cli/prompts.py                                   87     69      6      0    19%   20-34, 41-70, 77-106, 114-144, 151-152
[TEST backend:gmesh] /home/cyrusleung/st-annotator/core/backend/sta/cli/serve.py                                     91     50     12      0    40%   34-40, 53-60, 64-75, 84-85, 158-219
[TEST backend:gmesh] /home/cyrusleung/st-annotator/core/backend/sta/common/__init__.py                                0      0      0      0   100%
[TEST backend:gmesh] /home/cyrusleung/st-annotator/core/backend/sta/common/database/__init__.py                       2      0      0      0   100%
[TEST backend:gmesh] /home/cyrusleung/st-annotator/core/backend/sta/common/database/config.py                       159     48     18      5    66%   82-85, 98-101, 108-109, 114-116, 121, 124, 135, 147-148, 152-153, 170, 173-183, 188, 192, 196, 199, 206, 218-226, 229, 279->282, 283-284, 295, 365->368, 375-379, 396->399, 435-436
[TEST backend:gmesh] /home/cyrusleung/st-annotator/core/backend/sta/common/database/execution.py                     17      0      2      1    95%   46->49
[TEST backend:gmesh] /home/cyrusleung/st-annotator/core/backend/sta/common/database/types.py                        113     29     32      9    67%   45-46, 60-61, 69-70, 89, 94, 97, 100-101, 107, 116, 133, 157, 160-168, 171-177, 198-199
[TEST backend:gmesh] /home/cyrusleung/st-annotator/core/backend/sta/common/filesystem/__init__.py                     4      0      0      0   100%
[TEST backend:gmesh] /home/cyrusleung/st-annotator/core/backend/sta/common/filesystem/base.py                        34      9      8      4    69%   19-21, 42-43, 46-47, 52-54, 62
[TEST backend:gmesh] /home/cyrusleung/st-annotator/core/backend/sta/common/filesystem/config.py                      33      5      6      2    77%   24->27, 28-29, 47-49
[TEST backend:gmesh] /home/cyrusleung/st-annotator/core/backend/sta/common/filesystem/io/__init__.py                  6      0      0      0   100%
[TEST backend:gmesh] /home/cyrusleung/st-annotator/core/backend/sta/common/filesystem/io/base.py                     47      5      6      3    85%   77, 115-118, 138-141
[TEST backend:gmesh] /home/cyrusleung/st-annotator/core/backend/sta/common/filesystem/io/csv.py                      22      8      2      0    58%   17, 27-32, 37-38
[TEST backend:gmesh] /home/cyrusleung/st-annotator/core/backend/sta/common/filesystem/io/json.py                     18      5      0      0    72%   15, 19-20, 24-25
[TEST backend:gmesh] /home/cyrusleung/st-annotator/core/backend/sta/common/filesystem/io/numpy.py                    23      9      2      0    56%   17, 21-27, 31-32
[TEST backend:gmesh] /home/cyrusleung/st-annotator/core/backend/sta/common/filesystem/io/yaml.py                     18      5      0      0    72%   15, 19-20, 24-25
[TEST backend:gmesh] /home/cyrusleung/st-annotator/core/backend/sta/common/filesystem/path.py                       110     32     14      2    68%   40, 44, 48, 52, 56, 64, 68, 71, 74-78, 81, 84, 87, 93-97, 103, 111, 123-124, 137-138, 143, 157-161, 166
[TEST backend:gmesh] /home/cyrusleung/st-annotator/core/backend/sta/common/logging/__init__.py                        1      0      0      0   100%
[TEST backend:gmesh] /home/cyrusleung/st-annotator/core/backend/sta/common/logging/logger.py                         15      0      2      0   100%
[TEST backend:gmesh] /home/cyrusleung/st-annotator/core/backend/sta/common/perf.py                                   27     15      4      0    39%   15-17, 21, 24-28, 55-60
[TEST backend:gmesh] /home/cyrusleung/st-annotator/core/backend/sta/common/spatial/__init__.py                        4      0      0      0   100%
[TEST backend:gmesh] /home/cyrusleung/st-annotator/core/backend/sta/common/spatial/boundaries.py                    105     64     38      2    31%   23-24, 33-34, 66-72, 79-95, 107, 114, 127-132, 136-141, 148-172, 179-203
[TEST backend:gmesh] /home/cyrusleung/st-annotator/core/backend/sta/common/spatial/transform.py                      61      8     10      0    83%   94-100, 103-106
[TEST backend:gmesh] /home/cyrusleung/st-annotator/core/backend/sta/common/spatial/units.py                          21      6      2      1    70%   15-16, 19, 23-25
[TEST backend:gmesh] /home/cyrusleung/st-annotator/core/backend/sta/common/spatial/vectors.py                       244    114     42      1    47%   30-40, 44-50, 69, 81-84, 102, 105, 113, 125, 129, 133, 137-145, 157, 164-167, 170-171, 174-175, 178-179, 182-183, 186-187, 190-191, 194-195, 198-199, 202-203, 206-207, 210-213, 216-219, 226, 229, 243, 246, 250-251, 254, 263, 267, 292-293, 305, 325-328, 333-334, 339-340, 345-346, 351-352, 357-358, 363-364, 369-370, 375-376, 381-382, 387-388, 391-397, 400-403, 410, 413, 423, 437, 465, 478, 491
[TEST backend:gmesh] /home/cyrusleung/st-annotator/core/backend/sta/common/testing/__init__.py                        2      2      0      0     0%   3-4
[TEST backend:gmesh] /home/cyrusleung/st-annotator/core/backend/sta/common/testing/database/__init__.py               2      2      0      0     0%   1-2
[TEST backend:gmesh] /home/cyrusleung/st-annotator/core/backend/sta/common/testing/database/strategies.py            71     71     32      0     0%   1-262
[TEST backend:gmesh] /home/cyrusleung/st-annotator/core/backend/sta/common/testing/database/tests.py                  3      3      0      0     0%   1-5
[TEST backend:gmesh] /home/cyrusleung/st-annotator/core/backend/sta/common/testing/strategies.py                    191    191     58      0     0%   1-515
[TEST backend:gmesh] /home/cyrusleung/st-annotator/core/backend/sta/common/testing/tests.py                          42     42      6      0     0%   1-86
[TEST backend:gmesh] /home/cyrusleung/st-annotator/core/backend/sta/common/utils/__init__.py                          0      0      0      0   100%
[TEST backend:gmesh] /home/cyrusleung/st-annotator/core/backend/sta/common/utils/collections.py                      34     34      6      0     0%   1-73
[TEST backend:gmesh] /home/cyrusleung/st-annotator/core/backend/sta/common/utils/datetime.py                         13     13      2      0     0%   1-47
[TEST backend:gmesh] /home/cyrusleung/st-annotator/core/backend/sta/common/utils/env_path.py                         14      2      6      2    80%   35, 41
[TEST backend:gmesh] /home/cyrusleung/st-annotator/core/backend/sta/common/utils/func.py                             46     46     10      0     0%   1-93
[TEST backend:gmesh] /home/cyrusleung/st-annotator/core/backend/sta/common/utils/json.py                             96     69     54      0    18%   32-46, 58-65, 101, 104-132, 135-136, 139-143, 146-157, 168
[TEST backend:gmesh] /home/cyrusleung/st-annotator/core/backend/sta/common/utils/registry.py                         40     13      4      1    64%   28-29, 34-39, 42, 47-49, 52, 55
[TEST backend:gmesh] /home/cyrusleung/st-annotator/core/backend/sta/config.py                                        70     30     12      3    52%   40-61, 72-78, 81, 106-107, 122-123, 135-136
[TEST backend:gmesh] /home/cyrusleung/st-annotator/core/backend/sta/domain/__init__.py                                0      0      0      0   100%
[TEST backend:gmesh] /home/cyrusleung/st-annotator/core/backend/sta/domain/accounts.py                               79     59     22      0    20%   26-29, 33-36, 45-57, 68-81, 90-96, 105-111, 120-126, 136-168, 177-184, 194-203
[TEST backend:gmesh] /home/cyrusleung/st-annotator/core/backend/sta/domain/auth.py                                  135     32     28     12    72%   64, 77, 83, 88-90, 106-110, 115-116, 138, 142-144, 160-168, 217->220, 238-239, 244, 248-249, 262, 271-272, 276, 295, 307, 316-317, 320
[TEST backend:gmesh] /home/cyrusleung/st-annotator/core/backend/sta/domain/editor/__init__.py                         0      0      0      0   100%
[TEST backend:gmesh] /home/cyrusleung/st-annotator/core/backend/sta/domain/editor/loader.py                          25      6      4      1    69%   24-29
[TEST backend:gmesh] /home/cyrusleung/st-annotator/core/backend/sta/domain/frames.py                                203    162     62      0    15%   45-48, 56-59, 65, 73-83, 91-135, 150-178, 194-199, 211-222, 241, 276-317, 344-368, 391-412, 435-455, 478-506, 532-554, 576-594, 603-611, 621-642, 651-658, 667-685, 695-715, 724-729
[TEST backend:gmesh] /home/cyrusleung/st-annotator/core/backend/sta/domain/jobs/__init__.py                           1      0      0      0   100%
[TEST backend:gmesh] /home/cyrusleung/st-annotator/core/backend/sta/domain/jobs/base.py                             133     36     32      9    69%   72, 101, 105-106, 127-131, 153->164, 215, 241, 247-253, 257-259, 265-269, 298->307, 332-341, 357-369, 380-390, 408, 412-415
[TEST backend:gmesh] /home/cyrusleung/st-annotator/core/backend/sta/domain/jobs/worker.py                            60     38      8      0    32%   48-62, 72-73, 77-87, 98-125
[TEST backend:gmesh] /home/cyrusleung/st-annotator/core/backend/sta/domain/label/__init__.py                          0      0      0      0   100%
[TEST backend:gmesh] /home/cyrusleung/st-annotator/core/backend/sta/domain/label/data/__init__.py                     1      0      0      0   100%
[TEST backend:gmesh] /home/cyrusleung/st-annotator/core/backend/sta/domain/label/data/base.py                       354    258    104      0    21%   47-51, 69, 96-99, 102-105, 116-134, 137, 154-191, 203-204, 217-226, 236-250, 260-264, 286-289, 309-323, 343-368, 381-398, 408-426, 441-454, 466-478, 491-514, 527-546, 559-566, 580-615, 628-659, 673-690, 707-742, 754-787, 798-821, 869-883, 891-912, 934-972, 996-1018, 1039-1060, 1077, 1107-1117, 1133-1136, 1159-1181, 1204-1231
[TEST backend:gmesh] /home/cyrusleung/st-annotator/core/backend/sta/domain/label/groups.py                           91     65     26      0    22%   31-34, 38-41, 45, 49-60, 69-76, 94-109, 127-143, 157-170, 179-187, 197-211, 220-227, 237-244
[TEST backend:gmesh] /home/cyrusleung/st-annotator/core/backend/sta/domain/label/repo/__init__.py                     0      0      0      0   100%
[TEST backend:gmesh] /home/cyrusleung/st-annotator/core/backend/sta/domain/label/repo/branches.py                   126    102     46      0    14%   42-53, 61-73, 96-118, 128-137, 145-155, 162-170, 179-195, 218-238, 257-275, 285-295, 305-335, 344-359
[TEST backend:gmesh] /home/cyrusleung/st-annotator/core/backend/sta/domain/label/repo/commits.py                     70     50     20      0    22%   26-29, 37-40, 49-59, 67-79, 88-97, 108-116, 127-147, 156-164, 174-184, 205-231
[TEST backend:gmesh] /home/cyrusleung/st-annotator/core/backend/sta/domain/label/repo/graph.py                      181    136     52      0    19%   35-53, 62-98, 109-121, 145-162, 174-185, 203-247, 271-334, 381-455, 467-481, 491-505, 529, 559-569, 594-615
[TEST backend:gmesh] /home/cyrusleung/st-annotator/core/backend/sta/domain/label/repo/ops/__init__.py                 7      0      0      0   100%
[TEST backend:gmesh] /home/cyrusleung/st-annotator/core/backend/sta/domain/label/repo/ops/base/__init__.py            4      0      0      0   100%
[TEST backend:gmesh] /home/cyrusleung/st-annotator/core/backend/sta/domain/label/repo/ops/base/create.py             16      2      0      0    88%   38-44
[TEST backend:gmesh] /home/cyrusleung/st-annotator/core/backend/sta/domain/label/repo/ops/base/delete.py             15      2      0      0    87%   36-44
[TEST backend:gmesh] /home/cyrusleung/st-annotator/core/backend/sta/domain/label/repo/ops/base/operation.py          26      5      0      0    81%   31-34, 38, 42
[TEST backend:gmesh] /home/cyrusleung/st-annotator/core/backend/sta/domain/label/repo/ops/base/update.py             18      3      0      0    83%   44-55
[TEST backend:gmesh] /home/cyrusleung/st-annotator/core/backend/sta/domain/label/repo/ops/registry.py                54     23      4      1    55%   19, 24, 41, 44, 47, 50, 53, 56, 59-74, 86
[TEST backend:gmesh] /home/cyrusleung/st-annotator/core/backend/sta/domain/label/repo/ops/special/__init__.py        15      0      0      0   100%
[TEST backend:gmesh] /home/cyrusleung/st-annotator/core/backend/sta/domain/label/repo/ops/special/checkpoint.py      15      2      2      0    76%   29-30
[TEST backend:gmesh] /home/cyrusleung/st-annotator/core/backend/sta/domain/label/repo/ops/special/import_.py         21      2      0      0    90%   29, 41
[TEST backend:gmesh] /home/cyrusleung/st-annotator/core/backend/sta/domain/label/repo/ops/special/init_.py           13      1      0      0    92%   28
[TEST backend:gmesh] /home/cyrusleung/st-annotator/core/backend/sta/domain/label/repo/placeholder.py                 81     49     16      0    33%   31-38, 47, 51, 56-59, 63, 66-69, 72-75, 88-90, 94, 98, 102, 105-109, 112-113, 116-153, 156-160, 163
[TEST backend:gmesh] /home/cyrusleung/st-annotator/core/backend/sta/domain/label/spec/__init__.py                     1      0      0      0   100%
[TEST backend:gmesh] /home/cyrusleung/st-annotator/core/backend/sta/domain/label/spec/base.py                       174    129     52      0    20%   52-56, 59-66, 69-76, 83-84, 98, 106-116, 130-142, 152-161, 170-185, 188-190, 211-228, 246-265, 279-292, 301-313, 322-342, 352-376, 385-398, 408-425
[TEST backend:gmesh] /home/cyrusleung/st-annotator/core/backend/sta/domain/label/spec/objclass/__init__.py            3      0      0      0   100%
[TEST backend:gmesh] /home/cyrusleung/st-annotator/core/backend/sta/domain/label/spec/objclass/definitions.py        78     58     20      0    20%   26, 30, 39-46, 63-77, 94-109, 122-134, 143-154, 167-184, 193-201, 213-223
[TEST backend:gmesh] /home/cyrusleung/st-annotator/core/backend/sta/domain/label/spec/objclass/selections.py        114     89     30      0    17%   34, 45-49, 61-71, 78-87, 96-112, 122-160, 169-183, 195-223, 226, 237-239, 248-256, 265-273
[TEST backend:gmesh] /home/cyrusleung/st-annotator/core/backend/sta/domain/ops.py                                    18      7      6      2    54%   14, 34-48
[TEST backend:gmesh] /home/cyrusleung/st-annotator/core/backend/sta/domain/projects.py                              123     98     34      0    16%   37-43, 47-50, 54, 62-72, 79-88, 97-111, 130-148, 165-187, 202-214, 223-232, 242-265, 274-302, 312-327
[TEST backend:gmesh] /home/cyrusleung/st-annotator/core/backend/sta/domain/querying.py                               54     26     16      0    40%   52, 57-61, 66, 71, 76-79, 84-87, 99-106, 121-131
[TEST backend:gmesh] /home/cyrusleung/st-annotator/core/backend/sta/domain/source/__init__.py                         0      0      0      0   100%
[TEST backend:gmesh] /home/cyrusleung/st-annotator/core/backend/sta/domain/source/data/__init__.py                    1      0      0      0   100%
[TEST backend:gmesh] /home/cyrusleung/st-annotator/core/backend/sta/domain/source/data/base.py                      234     47     72     28    74%   73, 120-122, 150, 153-156, 225, 227, 229, 230->232, 236-237, 239-240, 245-246, 248-249, 251-252, 254-255, 277-294, 312-327, 340, 368, 386, 399-400, 406->409, 425, 446, 497, 500->515, 509->515, 565-570, 597, 633, 654, 669, 697, 749, 754-755
[TEST backend:gmesh] /home/cyrusleung/st-annotator/core/backend/sta/domain/source/groups.py                          92     61     28      0    26%   30-33, 37-40, 48-59, 94-110, 129-147, 162-176, 185-193, 203-217, 226-233, 243-250
[TEST backend:gmesh] /home/cyrusleung/st-annotator/core/backend/sta/domain/source/spec/__init__.py                    1      0      0      0   100%
[TEST backend:gmesh] /home/cyrusleung/st-annotator/core/backend/sta/domain/source/spec/base.py                      174    130     50      0    20%   51-55, 58-65, 68-75, 82-83, 96, 104-114, 128-140, 150-157, 173-188, 200-211, 223-237, 247-256, 265-277, 286-306, 322-346, 361-376, 391-410, 425-435
[TEST backend:gmesh] /home/cyrusleung/st-annotator/core/backend/sta/domain/tasks.py                                 304    258    126      0    11%   31-48, 66, 75-115, 119-122, 127, 142-166, 171-188, 204-217, 224-227, 236-243, 250-289, 299-327, 337-363, 371-414, 418-420, 427-430, 437-440, 449-479, 487-497, 504-513, 521-531, 538-542, 551-570, 582-593, 603-612, 621-633, 643-679, 688-708, 718-760
[TEST backend:gmesh] /home/cyrusleung/st-annotator/core/backend/sta/domain/users.py                                 194    131     62      5    27%   57, 63-66, 70, 93, 102-111, 120-142, 165-187, 205-221, 242-263, 282-298, 307-313, 323-386, 395-411, 421-442, 452-453, 479, 483, 506-525
[TEST backend:gmesh] /home/cyrusleung/st-annotator/core/backend/sta/entrypoints.py                                   43      7      6      3    80%   17-18, 23-27, 46->55, 48, 87->92
[TEST backend:gmesh] /home/cyrusleung/st-annotator/core/backend/sta/envs.py                                          36      0      0      0   100%
[TEST backend:gmesh] /home/cyrusleung/st-annotator/core/backend/sta/filesystem.py                                     7      0      0      0   100%
[TEST backend:gmesh] /home/cyrusleung/st-annotator/core/backend/sta/models/__init__.py                                0      0      0      0   100%
[TEST backend:gmesh] /home/cyrusleung/st-annotator/core/backend/sta/models/account.py                                32      2      0      0    94%   46, 62
[TEST backend:gmesh] /home/cyrusleung/st-annotator/core/backend/sta/models/base.py                                  214     17     12      3    90%   61, 81, 146-147, 374, 385, 393, 406-410, 613-615, 618-620, 623-625
[TEST backend:gmesh] /home/cyrusleung/st-annotator/core/backend/sta/models/configs/__init__.py                        1      0      0      0   100%
[TEST backend:gmesh] /home/cyrusleung/st-annotator/core/backend/sta/models/configs/project.py                        15      1      0      0    93%   13
[TEST backend:gmesh] /home/cyrusleung/st-annotator/core/backend/sta/models/frame.py                                  59      2      0      0    97%   31, 74
[TEST backend:gmesh] /home/cyrusleung/st-annotator/core/backend/sta/models/job.py                                    65      3      0      0    95%   93, 97, 146
[TEST backend:gmesh] /home/cyrusleung/st-annotator/core/backend/sta/models/label/__init__.py                          0      0      0      0   100%
[TEST backend:gmesh] /home/cyrusleung/st-annotator/core/backend/sta/models/label/data/__init__.py                     1      0      0      0   100%
[TEST backend:gmesh] /home/cyrusleung/st-annotator/core/backend/sta/models/label/data/base.py                        54      3      0      0    94%   112-119, 128
[TEST backend:gmesh] /home/cyrusleung/st-annotator/core/backend/sta/models/label/group.py                            25      1      0      0    96%   41
[TEST backend:gmesh] /home/cyrusleung/st-annotator/core/backend/sta/models/label/repo.py                            145      8      0      0    94%   108, 112, 116, 120, 131, 274, 278, 295
[TEST backend:gmesh] /home/cyrusleung/st-annotator/core/backend/sta/models/label/spec/__init__.py                     2      0      0      0   100%
[TEST backend:gmesh] /home/cyrusleung/st-annotator/core/backend/sta/models/label/spec/base.py                        58     13      0      0    78%   114-143, 159
[TEST backend:gmesh] /home/cyrusleung/st-annotator/core/backend/sta/models/label/spec/objclass.py                   100      7      0      0    93%   59, 62-65, 163, 167, 174
[TEST backend:gmesh] /home/cyrusleung/st-annotator/core/backend/sta/models/project.py                                44      2      0      0    95%   63, 79
[TEST backend:gmesh] /home/cyrusleung/st-annotator/core/backend/sta/models/source/__init__.py                         0      0      0      0   100%
[TEST backend:gmesh] /home/cyrusleung/st-annotator/core/backend/sta/models/source/data/__init__.py                    1      0      0      0   100%
[TEST backend:gmesh] /home/cyrusleung/st-annotator/core/backend/sta/models/source/data/base.py                       64      1      0      0    98%   143
[TEST backend:gmesh] /home/cyrusleung/st-annotator/core/backend/sta/models/source/group.py                           25      1      0      0    96%   41
[TEST backend:gmesh] /home/cyrusleung/st-annotator/core/backend/sta/models/source/spec/__init__.py                    1      0      0      0   100%
[TEST backend:gmesh] /home/cyrusleung/st-annotator/core/backend/sta/models/source/spec/base.py                       58      3      0      0    95%   129, 133, 158
[TEST backend:gmesh] /home/cyrusleung/st-annotator/core/backend/sta/models/task.py                                   92      8      0      0    91%   106, 110, 114, 118, 122-123, 127, 147
[TEST backend:gmesh] /home/cyrusleung/st-annotator/core/backend/sta/models/types/__init__.py                         15      2      0      0    87%   30-31
[TEST backend:gmesh] /home/cyrusleung/st-annotator/core/backend/sta/models/types/name.py                             20      5      6      3    69%   18-19, 22, 25-26
[TEST backend:gmesh] /home/cyrusleung/st-annotator/core/backend/sta/models/types/quality.py                           4      0      0      0   100%
[TEST backend:gmesh] /home/cyrusleung/st-annotator/core/backend/sta/models/types/uri.py                              25      7      6      3    68%   19-20, 23, 26-27, 35-36
[TEST backend:gmesh] /home/cyrusleung/st-annotator/core/backend/sta/models/user.py                                   96     10      8      2    85%   37-38, 41, 67-74, 163
[TEST backend:gmesh] /home/cyrusleung/st-annotator/core/backend/sta/plugin.py                                        13      0      4      0   100%
[TEST backend:gmesh] /home/cyrusleung/st-annotator/core/backend/sta/porter/__init__.py                                0      0      0      0   100%
[TEST backend:gmesh] /home/cyrusleung/st-annotator/core/backend/sta/porter/st_metadata.py                            97     29     20      7    64%   59-60, 63-64, 80-82, 89-99, 104-108, 117-118, 127, 136-140, 181-182
[TEST backend:gmesh] /home/cyrusleung/st-annotator/core/backend/sta/session.py                                       52      3      8      3    90%   20, 30, 89->exit, 102
[TEST backend:gmesh] /home/cyrusleung/st-annotator/core/backend/sta/testing/__init__.py                               0      0      0      0   100%
[TEST backend:gmesh] /home/cyrusleung/st-annotator/core/backend/sta/testing/config.py                                26      1      2      1    93%   29
[TEST backend:gmesh] /home/cyrusleung/st-annotator/core/backend/sta/testing/domain/__init__.py                        0      0      0      0   100%
[TEST backend:gmesh] /home/cyrusleung/st-annotator/core/backend/sta/testing/domain/frames.py                         23     10      0      0    57%   21-37, 48-64
[TEST backend:gmesh] /home/cyrusleung/st-annotator/core/backend/sta/testing/domain/label/__init__.py                  0      0      0      0   100%
[TEST backend:gmesh] /home/cyrusleung/st-annotator/core/backend/sta/testing/domain/label/groups.py                   13      5      0      0    62%   12-22
[TEST backend:gmesh] /home/cyrusleung/st-annotator/core/backend/sta/testing/domain/label/repo/__init__.py             0      0      0      0   100%
[TEST backend:gmesh] /home/cyrusleung/st-annotator/core/backend/sta/testing/domain/label/repo/branches.py            21      8      0      0    62%   15-19, 29-43
[TEST backend:gmesh] /home/cyrusleung/st-annotator/core/backend/sta/testing/domain/label/spec/__init__.py             0      0      0      0   100%
[TEST backend:gmesh] /home/cyrusleung/st-annotator/core/backend/sta/testing/domain/label/spec/objclass.py            16      7      0      0    56%   25-46
[TEST backend:gmesh] /home/cyrusleung/st-annotator/core/backend/sta/testing/domain/projects.py                       20     10      0      0    50%   12-22, 27-37
[TEST backend:gmesh] /home/cyrusleung/st-annotator/core/backend/sta/testing/domain/source/__init__.py                 0      0      0      0   100%
[TEST backend:gmesh] /home/cyrusleung/st-annotator/core/backend/sta/testing/domain/source/groups.py                  13      0      0      0   100%
[TEST backend:gmesh] /home/cyrusleung/st-annotator/core/backend/sta/testing/domain/tasks.py                          28     15      0      0    46%   17-30, 39-53, 62-76
[TEST backend:gmesh] /home/cyrusleung/st-annotator/core/backend/sta/testing/domain/users.py                           6      0      0      0   100%
[TEST backend:gmesh] /home/cyrusleung/st-annotator/core/backend/sta/testing/keys.py                                  13      2      0      0    85%   41-43
[TEST backend:gmesh] /home/cyrusleung/st-annotator/core/backend/sta/testing/plugin_import.py                         56      8      2      1    84%   55, 96-104
[TEST backend:gmesh] /home/cyrusleung/st-annotator/core/backend/sta/testing/pytest_fixtures.py                       13      0      0      0   100%
[TEST backend:gmesh] /home/cyrusleung/st-annotator/core/backend/sta/testing/pytest_plugin.py                          3      3      0      0     0%   1-5
[TEST backend:gmesh] /home/cyrusleung/st-annotator/core/backend/sta/testing/session.py                                7      2      0      0    71%   9-10
[TEST backend:gmesh] sta_gmesh/__init__.py                                                                            0      0      0      0   100%
[TEST backend:gmesh] sta_gmesh/api/__init__.py                                                                        0      0      0      0   100%
[TEST backend:gmesh] sta_gmesh/api/source/__init__.py                                                                 0      0      0      0   100%
[TEST backend:gmesh] sta_gmesh/api/source/data/__init__.py                                                            4      0      0      0   100%
[TEST backend:gmesh] sta_gmesh/api/source/data/metadata.py                                                           51      0      0      0   100%
[TEST backend:gmesh] sta_gmesh/domain/__init__.py                                                                     0      0      0      0   100%
[TEST backend:gmesh] sta_gmesh/domain/editor/__init__.py                                                              0      0      0      0   100%
[TEST backend:gmesh] sta_gmesh/domain/editor/loader.py                                                               42      0     12      0   100%
[TEST backend:gmesh] sta_gmesh/domain/source/__init__.py                                                              0      0      0      0   100%
[TEST backend:gmesh] sta_gmesh/domain/source/data/__init__.py                                                         2      0      0      0   100%
[TEST backend:gmesh] sta_gmesh/domain/source/data/base.py                                                            62      1     14      1    97%   90
[TEST backend:gmesh] sta_gmesh/domain/source/data/data.py                                                            25      1      2      1    93%   53
[TEST backend:gmesh] sta_gmesh/filesystem/__init__.py                                                                 2      0      0      0   100%
[TEST backend:gmesh] sta_gmesh/filesystem/data.py                                                                    81      1      8      0    99%   178
[TEST backend:gmesh] sta_gmesh/filesystem/io.py                                                                      22      0      0      0   100%
[TEST backend:gmesh] sta_gmesh/models/__init__.py                                                                     0      0      0      0   100%
[TEST backend:gmesh] sta_gmesh/models/source/__init__.py                                                              0      0      0      0   100%
[TEST backend:gmesh] sta_gmesh/models/source/data.py                                                                 14      0      0      0   100%
[TEST backend:gmesh] sta_gmesh/plugin.py                                                                             79      2      8      1    97%   180-181
[TEST backend:gmesh] ----------------------------------------------------------------------------------------------------------------------------------------
[TEST backend:gmesh] TOTAL                                                                                         9550   4412   1738    152    48%
[TEST backend:gmesh] Coverage HTML written to dir coverage
[TEST backend:gmesh] ================== 13 passed, 58 warnings in 96.73s (0:01:36) ==================
[TEST backend:segmentation] .....................................                                    [100%]sys:1: DeprecationWarning: builtin type swigvarlink has no __module__ attribute
[TEST backend:segmentation] sys:1: DeprecationWarning: builtin type swigvarlink has no __module__ attribute
[TEST backend:segmentation] 
[TEST backend:segmentation] =============================== warnings summary ===============================
[TEST backend:segmentation] ../../../.venv/lib/python3.11/site-packages/passlib/utils/__init__.py:854
[TEST backend:segmentation] ../../../.venv/lib/python3.11/site-packages/passlib/utils/__init__.py:854
[TEST backend:segmentation] ../../../.venv/lib/python3.11/site-packages/passlib/utils/__init__.py:854
[TEST backend:segmentation]   /home/cyrusleung/st-annotator/.venv/lib/python3.11/site-packages/passlib/utils/__init__.py:854: DeprecationWarning: 'crypt' is deprecated and slated for removal in Python 3.13
[TEST backend:segmentation]     from crypt import crypt as _crypt
[TEST backend:segmentation] 
[TEST backend:segmentation] ../../../.venv/lib/python3.11/site-packages/passlib/handlers/argon2.py:716
[TEST backend:segmentation] ../../../.venv/lib/python3.11/site-packages/passlib/handlers/argon2.py:716
[TEST backend:segmentation] ../../../.venv/lib/python3.11/site-packages/passlib/handlers/argon2.py:716
[TEST backend:segmentation]   /home/cyrusleung/st-annotator/.venv/lib/python3.11/site-packages/passlib/handlers/argon2.py:716: DeprecationWarning: Accessing argon2.__version__ is deprecated and will be removed in a future release. Use importlib.metadata directly to query for argon2-cffi's packaging metadata.
[TEST backend:segmentation]     _argon2_cffi.__version__, max_version)
[TEST backend:segmentation] 
[TEST backend:segmentation] ../../../core/backend/sta/testing/config.py:12
[TEST backend:segmentation] ../../../core/backend/sta/testing/config.py:12
[TEST backend:segmentation]   /home/cyrusleung/st-annotator/core/backend/sta/testing/config.py:12: PytestCollectionWarning: cannot collect test class 'TestApp' because it has a __init__ constructor (from: test/api/test_editor.py)
[TEST backend:segmentation]     @dataclass(frozen=True)
[TEST backend:segmentation] 
[TEST backend:segmentation] ../../../core/backend/sta/testing/config.py:12
[TEST backend:segmentation] ../../../core/backend/sta/testing/config.py:12
[TEST backend:segmentation]   /home/cyrusleung/st-annotator/core/backend/sta/testing/config.py:12: PytestCollectionWarning: cannot collect test class 'TestApp' because it has a __init__ constructor (from: test/api/test_label_data_api.py)
[TEST backend:segmentation]     @dataclass(frozen=True)
[TEST backend:segmentation] 
[TEST backend:segmentation] ../../../.venv/lib/python3.11/site-packages/sqlmodel/main.py:582: 8 warnings
[TEST backend:segmentation] test/api/test_editor.py: 8 warnings
[TEST backend:segmentation]   /home/cyrusleung/st-annotator/.venv/lib/python3.11/site-packages/sqlmodel/main.py:582: PydanticDeprecatedSince211: Annotation 'srid' is marked as final and has a default value. Pydantic treats 'srid' as a class variable, but it will be considered as a normal field in V3 to be aligned with dataclasses. If you still want 'srid' to be considered as a class variable, annotate it as: `ClassVar[<type>] = <default>.`. Deprecated in Pydantic V2.11 to be removed in V3.0.
[TEST backend:segmentation]     "SQLModel", super().__new__(cls, name, bases, dict_used, **config_kwargs)
[TEST backend:segmentation] 
[TEST backend:segmentation] ../../../.venv/lib/python3.11/site-packages/sqlmodel/main.py:582: 8 warnings
[TEST backend:segmentation] test/api/test_editor.py: 8 warnings
[TEST backend:segmentation]   /home/cyrusleung/st-annotator/.venv/lib/python3.11/site-packages/sqlmodel/main.py:582: PydanticDeprecatedSince211: Annotation 'output_dimension' is marked as final and has a default value. Pydantic treats 'output_dimension' as a class variable, but it will be considered as a normal field in V3 to be aligned with dataclasses. If you still want 'output_dimension' to be considered as a class variable, annotate it as: `ClassVar[<type>] = <default>.`. Deprecated in Pydantic V2.11 to be removed in V3.0.
[TEST backend:segmentation]     "SQLModel", super().__new__(cls, name, bases, dict_used, **config_kwargs)
[TEST backend:segmentation] 
[TEST backend:segmentation] ../../../.venv/lib/python3.11/site-packages/sqlmodel/main.py:582: 8 warnings
[TEST backend:segmentation] test/api/test_editor.py: 8 warnings
[TEST backend:segmentation]   /home/cyrusleung/st-annotator/.venv/lib/python3.11/site-packages/sqlmodel/main.py:582: PydanticDeprecatedSince211: Annotation 'include_z' is marked as final and has a default value. Pydantic treats 'include_z' as a class variable, but it will be considered as a normal field in V3 to be aligned with dataclasses. If you still want 'include_z' to be considered as a class variable, annotate it as: `ClassVar[<type>] = <default>.`. Deprecated in Pydantic V2.11 to be removed in V3.0.
[TEST backend:segmentation]     "SQLModel", super().__new__(cls, name, bases, dict_used, **config_kwargs)
[TEST backend:segmentation] 
[TEST backend:segmentation] test/api/test_editor.py::test_assistant_public_routes_require_authentication[GET-/editor/segmentation/assistant/health-headers0]
[TEST backend:segmentation] test/api/test_editor.py::test_assistant_public_routes_forward_method_and_authenticated_headers[/editor/segmentation/encode_pcd-POST-encode_pcd-request_headers0-upstream_headers0]
[TEST backend:segmentation]   <frozen importlib._bootstrap>:241: DeprecationWarning: builtin type SwigPyPacked has no __module__ attribute
[TEST backend:segmentation] 
[TEST backend:segmentation] test/api/test_editor.py::test_assistant_public_routes_require_authentication[GET-/editor/segmentation/assistant/health-headers0]
[TEST backend:segmentation] test/api/test_editor.py::test_assistant_public_routes_forward_method_and_authenticated_headers[/editor/segmentation/encode_pcd-POST-encode_pcd-request_headers0-upstream_headers0]
[TEST backend:segmentation]   <frozen importlib._bootstrap>:241: DeprecationWarning: builtin type SwigPyObject has no __module__ attribute
[TEST backend:segmentation] 
[TEST backend:segmentation] -- Docs: https://docs.pytest.org/en/stable/how-to/capture-warnings.html
[TEST backend:segmentation] ================================ tests coverage ================================
[TEST backend:segmentation] _______________ coverage: platform linux, python 3.11.4-final-0 ________________
[TEST backend:segmentation] 
[TEST backend:segmentation] Name                                                                                         Stmts   Miss Branch BrPart  Cover   Missing
[TEST backend:segmentation] ----------------------------------------------------------------------------------------------------------------------------------------
[TEST backend:segmentation] /home/cyrusleung/st-annotator/core/backend/sta/__init__.py                                       0      0      0      0   100%
[TEST backend:segmentation] /home/cyrusleung/st-annotator/core/backend/sta/__main__.py                                       1      1      0      0     0%   3
[TEST backend:segmentation] /home/cyrusleung/st-annotator/core/backend/sta/api/__init__.py                                   0      0      0      0   100%
[TEST backend:segmentation] /home/cyrusleung/st-annotator/core/backend/sta/api/accounts.py                                  43     19      0      0    56%   37-46, 58-79, 92-101, 117, 133-143, 154-162
[TEST backend:segmentation] /home/cyrusleung/st-annotator/core/backend/sta/api/auth.py                                     134     78     18      2    39%   56-60, 80-88, 96-97, 105-133, 145, 171-189, 194-195, 205-209, 220-256, 267-279, 289-298, 303, 317-325
[TEST backend:segmentation] /home/cyrusleung/st-annotator/core/backend/sta/api/body_limit.py                                58     26     16      3    53%   16-23, 35-46, 58-60, 62-63, 65-68, 74-79, 83-84
[TEST backend:segmentation] /home/cyrusleung/st-annotator/core/backend/sta/api/cors.py                                      27     13      8      0    40%   14-18, 23-30
[TEST backend:segmentation] /home/cyrusleung/st-annotator/core/backend/sta/api/crud.py                                      21     10      0      0    52%   14, 19-21, 26-27, 35-36, 50-51
[TEST backend:segmentation] /home/cyrusleung/st-annotator/core/backend/sta/api/editor.py                                   121     48     12      2    58%   61-67, 78-89, 100-117, 132-149, 167-173, 189-211, 216-219, 235-244, 262-271, 286, 300, 318-332, 342-352, 363-376, 381, 422->425
[TEST backend:segmentation] /home/cyrusleung/st-annotator/core/backend/sta/api/files.py                                    148    108     44      0    21%   36-49, 56-70, 88-90, 93, 96-106, 110-146, 167-198, 207-229, 242-276
[TEST backend:segmentation] /home/cyrusleung/st-annotator/core/backend/sta/api/frames.py                                    66     30      0      0    55%   32-41, 68-119, 143, 188-237, 248-256, 268-277, 287-295, 305, 321-331, 341-349
[TEST backend:segmentation] /home/cyrusleung/st-annotator/core/backend/sta/api/jobs.py                                      18      4      0      0    78%   42-69
[TEST backend:segmentation] /home/cyrusleung/st-annotator/core/backend/sta/api/label/__init__.py                            11      0      0      0   100%
[TEST backend:segmentation] /home/cyrusleung/st-annotator/core/backend/sta/api/label/data/__init__.py                        2      0      0      0   100%
[TEST backend:segmentation] /home/cyrusleung/st-annotator/core/backend/sta/api/label/groups.py                              39     13      0      0    67%   30-36, 54-87, 100-107, 117, 133-140, 150-156
[TEST backend:segmentation] /home/cyrusleung/st-annotator/core/backend/sta/api/label/repo/__init__.py                       37     11      0      0    70%   37-47, 58-67, 81-95, 105
[TEST backend:segmentation] /home/cyrusleung/st-annotator/core/backend/sta/api/label/repo/branches.py                       38     16      0      0    58%   30-39, 61-102, 112, 128-138, 148-156
[TEST backend:segmentation] /home/cyrusleung/st-annotator/core/backend/sta/api/label/repo/commits.py                        20      5      0      0    75%   26-47, 58
[TEST backend:segmentation] /home/cyrusleung/st-annotator/core/backend/sta/api/label/spec/__init__.py                        4      0      0      0   100%
[TEST backend:segmentation] /home/cyrusleung/st-annotator/core/backend/sta/api/label/spec/objclass/__init__.py               5      0      0      0   100%
[TEST backend:segmentation] /home/cyrusleung/st-annotator/core/backend/sta/api/label/spec/objclass/definitions.py           44     19      0      0    57%   29-38, 55-86, 99-108, 118, 134-144, 154-162
[TEST backend:segmentation] /home/cyrusleung/st-annotator/core/backend/sta/api/label/spec/objclass/selections.py            44     19      0      0    57%   29-38, 56-89, 102-111, 121, 137-147, 157-165
[TEST backend:segmentation] /home/cyrusleung/st-annotator/core/backend/sta/api/lifespan.py                                  15      0      4      1    95%   15->exit
[TEST backend:segmentation] /home/cyrusleung/st-annotator/core/backend/sta/api/projects.py                                  45     19      0      0    58%   30-39, 58-93, 106-115, 125, 141-151, 161-169
[TEST backend:segmentation] /home/cyrusleung/st-annotator/core/backend/sta/api/rate_limit.py                                64     36     22      1    34%   20-27, 60-98, 105-106, 114-120
[TEST backend:segmentation] /home/cyrusleung/st-annotator/core/backend/sta/api/responses.py                                 15      3      0      0    80%   17-18, 30
[TEST backend:segmentation] /home/cyrusleung/st-annotator/core/backend/sta/api/root.py                                      94     46     38      0    36%   37, 41-50, 54-62, 66-109, 145-153
[TEST backend:segmentation] /home/cyrusleung/st-annotator/core/backend/sta/api/source/__init__.py                           10      0      0      0   100%
[TEST backend:segmentation] /home/cyrusleung/st-annotator/core/backend/sta/api/source/data/__init__.py                       2      0      0      0   100%
[TEST backend:segmentation] /home/cyrusleung/st-annotator/core/backend/sta/api/source/groups.py                             39     13      0      0    67%   30-36, 54-87, 100-107, 117, 133-140, 150-156
[TEST backend:segmentation] /home/cyrusleung/st-annotator/core/backend/sta/api/source/spec/__init__.py                       2      0      0      0   100%
[TEST backend:segmentation] /home/cyrusleung/st-annotator/core/backend/sta/api/tasks.py                                     45     19      0      0    58%   30-39, 52-75, 97-106, 116, 132-142, 152-160
[TEST backend:segmentation] /home/cyrusleung/st-annotator/core/backend/sta/api/users.py                                     60     24      0      0    60%   32-41, 63-104, 123, 155-177, 190-199, 209, 225-235, 245-253
[TEST backend:segmentation] /home/cyrusleung/st-annotator/core/backend/sta/benchmarks/__init__.py                            0      0      0      0   100%
[TEST backend:segmentation] /home/cyrusleung/st-annotator/core/backend/sta/benchmarks/database_utils.py                     28     12      2      0    53%   15-18, 23-28, 35-42, 58
[TEST backend:segmentation] /home/cyrusleung/st-annotator/core/backend/sta/benchmarks/perf_label_queries.py                533    344     82      0    31%   123, 139, 143, 147, 160, 186, 214, 242, 263, 271, 279, 335-365, 380-405, 429-453, 477-510, 526-552, 577-601, 623-624, 628-662, 683-716, 737-742, 752-768, 777-795, 802-808, 814, 823-865, 874-917, 921-931, 943-950, 965-1009, 1021-1037, 1053-1230, 1250-1286, 1307-1340, 1362-1372, 1408-1600
[TEST backend:segmentation] /home/cyrusleung/st-annotator/core/backend/sta/benchmarks/plot_utils.py                        234    234     48      0     0%   1-543
[TEST backend:segmentation] /home/cyrusleung/st-annotator/core/backend/sta/cli/__init__.py                                  35     12      2      0    62%   34-41, 44-45, 48-49, 52-53, 59
[TEST backend:segmentation] /home/cyrusleung/st-annotator/core/backend/sta/cli/base.py                                       5      0      0      0   100%
[TEST backend:segmentation] /home/cyrusleung/st-annotator/core/backend/sta/cli/bench.py                                     26      1      0      0    96%   120
[TEST backend:segmentation] /home/cyrusleung/st-annotator/core/backend/sta/cli/init.py                                      29     19      4      0    30%   23-50
[TEST backend:segmentation] /home/cyrusleung/st-annotator/core/backend/sta/cli/plugin.py                                    11      3      2      0    62%   19-22
[TEST backend:segmentation] /home/cyrusleung/st-annotator/core/backend/sta/cli/porter.py                                    76     12      0      0    84%   75-89, 124-137
[TEST backend:segmentation] /home/cyrusleung/st-annotator/core/backend/sta/cli/prompts.py                                   87     69      6      0    19%   20-34, 41-70, 77-106, 114-144, 151-152
[TEST backend:segmentation] /home/cyrusleung/st-annotator/core/backend/sta/cli/serve.py                                     91     50     12      0    40%   34-40, 53-60, 64-75, 84-85, 158-219
[TEST backend:segmentation] /home/cyrusleung/st-annotator/core/backend/sta/common/__init__.py                                0      0      0      0   100%
[TEST backend:segmentation] /home/cyrusleung/st-annotator/core/backend/sta/common/database/__init__.py                       2      0      0      0   100%
[TEST backend:segmentation] /home/cyrusleung/st-annotator/core/backend/sta/common/database/config.py                       159     48     18      5    66%   82-85, 98-101, 108-109, 114-116, 121, 124, 135, 147-148, 152-153, 170, 173-183, 188, 192, 196, 199, 206, 218-226, 229, 279->282, 283-284, 295, 365->368, 375-379, 396->399, 435-436
[TEST backend:segmentation] /home/cyrusleung/st-annotator/core/backend/sta/common/database/execution.py                     17      5      2      0    63%   43-49
[TEST backend:segmentation] /home/cyrusleung/st-annotator/core/backend/sta/common/database/types.py                        113     20     32      9    79%   45-46, 60-61, 69-70, 94, 97, 100-101, 113, 116, 133, 157, 165-168, 175, 198-199
[TEST backend:segmentation] /home/cyrusleung/st-annotator/core/backend/sta/common/filesystem/__init__.py                     4      0      0      0   100%
[TEST backend:segmentation] /home/cyrusleung/st-annotator/core/backend/sta/common/filesystem/base.py                        34     11      8      3    62%   19-21, 42-43, 46-47, 52-54, 59-62
[TEST backend:segmentation] /home/cyrusleung/st-annotator/core/backend/sta/common/filesystem/config.py                      33      5      6      2    77%   24->27, 28-29, 47-49
[TEST backend:segmentation] /home/cyrusleung/st-annotator/core/backend/sta/common/filesystem/io/__init__.py                  6      0      0      0   100%
[TEST backend:segmentation] /home/cyrusleung/st-annotator/core/backend/sta/common/filesystem/io/base.py                     47      3      6      2    91%   77, 138-141
[TEST backend:segmentation] /home/cyrusleung/st-annotator/core/backend/sta/common/filesystem/io/csv.py                      22      8      2      0    58%   17, 27-32, 37-38
[TEST backend:segmentation] /home/cyrusleung/st-annotator/core/backend/sta/common/filesystem/io/json.py                     18      0      0      0   100%
[TEST backend:segmentation] /home/cyrusleung/st-annotator/core/backend/sta/common/filesystem/io/numpy.py                    23      9      2      0    56%   17, 21-27, 31-32
[TEST backend:segmentation] /home/cyrusleung/st-annotator/core/backend/sta/common/filesystem/io/yaml.py                     18      5      0      0    72%   15, 19-20, 24-25
[TEST backend:segmentation] /home/cyrusleung/st-annotator/core/backend/sta/common/filesystem/path.py                       110     37     14      1    61%   29, 40, 44, 48, 52, 64, 68, 71, 74-78, 81, 84, 87, 90, 93-97, 103, 111, 123-124, 127-128, 137-138, 143, 156-163, 166
[TEST backend:segmentation] /home/cyrusleung/st-annotator/core/backend/sta/common/logging/__init__.py                        1      0      0      0   100%
[TEST backend:segmentation] /home/cyrusleung/st-annotator/core/backend/sta/common/logging/logger.py                         15      0      2      0   100%
[TEST backend:segmentation] /home/cyrusleung/st-annotator/core/backend/sta/common/perf.py                                   27     15      4      0    39%   15-17, 21, 24-28, 55-60
[TEST backend:segmentation] /home/cyrusleung/st-annotator/core/backend/sta/common/spatial/__init__.py                        4      0      0      0   100%
[TEST backend:segmentation] /home/cyrusleung/st-annotator/core/backend/sta/common/spatial/boundaries.py                    105     29     38      8    66%   23-24, 33-34, 67, 68->72, 107, 148-172, 179->182, 191, 199, 201
[TEST backend:segmentation] /home/cyrusleung/st-annotator/core/backend/sta/common/spatial/transform.py                      61      9     10      2    82%   85-89, 94-100, 104
[TEST backend:segmentation] /home/cyrusleung/st-annotator/core/backend/sta/common/spatial/units.py                          21      6      2      1    70%   15-16, 19, 23-25
[TEST backend:segmentation] /home/cyrusleung/st-annotator/core/backend/sta/common/spatial/vectors.py                       244     92     42      5    58%   31-38, 45-48, 69, 81-84, 102, 105, 144-145, 157, 164-167, 170-171, 174-175, 178-179, 182-183, 186-187, 190-191, 194-195, 198-199, 202-203, 206-207, 217, 229, 243, 246, 250-251, 254, 263, 267, 292-293, 305, 325-328, 333-334, 339-340, 345-346, 351-352, 357-358, 363-364, 369-370, 375-376, 381-382, 387-388, 391-397, 400-403, 410, 423, 437, 478, 491
[TEST backend:segmentation] /home/cyrusleung/st-annotator/core/backend/sta/common/testing/__init__.py                        2      2      0      0     0%   3-4
[TEST backend:segmentation] /home/cyrusleung/st-annotator/core/backend/sta/common/testing/database/__init__.py               2      2      0      0     0%   1-2
[TEST backend:segmentation] /home/cyrusleung/st-annotator/core/backend/sta/common/testing/database/strategies.py            71     71     32      0     0%   1-262
[TEST backend:segmentation] /home/cyrusleung/st-annotator/core/backend/sta/common/testing/database/tests.py                  3      3      0      0     0%   1-5
[TEST backend:segmentation] /home/cyrusleung/st-annotator/core/backend/sta/common/testing/strategies.py                    191    191     58      0     0%   1-515
[TEST backend:segmentation] /home/cyrusleung/st-annotator/core/backend/sta/common/testing/tests.py                          42     42      6      0     0%   1-86
[TEST backend:segmentation] /home/cyrusleung/st-annotator/core/backend/sta/common/utils/__init__.py                          0      0      0      0   100%
[TEST backend:segmentation] /home/cyrusleung/st-annotator/core/backend/sta/common/utils/collections.py                      34     34      6      0     0%   1-73
[TEST backend:segmentation] /home/cyrusleung/st-annotator/core/backend/sta/common/utils/datetime.py                         13     13      2      0     0%   1-47
[TEST backend:segmentation] /home/cyrusleung/st-annotator/core/backend/sta/common/utils/env_path.py                         14      3      6      3    70%   35, 38, 41
[TEST backend:segmentation] /home/cyrusleung/st-annotator/core/backend/sta/common/utils/func.py                             46     46     10      0     0%   1-93
[TEST backend:segmentation] /home/cyrusleung/st-annotator/core/backend/sta/common/utils/json.py                             96     69     54      0    18%   32-46, 58-65, 101, 104-132, 135-136, 139-143, 146-157, 168
[TEST backend:segmentation] /home/cyrusleung/st-annotator/core/backend/sta/common/utils/registry.py                         40     13      4      1    64%   28-29, 34-39, 42, 47-49, 52, 55
[TEST backend:segmentation] /home/cyrusleung/st-annotator/core/backend/sta/config.py                                        70     30     12      3    52%   40-61, 72-78, 81, 106-107, 122-123, 135-136
[TEST backend:segmentation] /home/cyrusleung/st-annotator/core/backend/sta/domain/__init__.py                                0      0      0      0   100%
[TEST backend:segmentation] /home/cyrusleung/st-annotator/core/backend/sta/domain/accounts.py                               79     59     22      0    20%   26-29, 33-36, 45-57, 68-81, 90-96, 105-111, 120-126, 136-168, 177-184, 194-203
[TEST backend:segmentation] /home/cyrusleung/st-annotator/core/backend/sta/domain/auth.py                                  135     82     28      1    33%   35, 64, 76-83, 88-90, 104-118, 132-149, 160-168, 181, 186, 213-220, 232-249, 259-278, 295, 304-309, 313-322
[TEST backend:segmentation] /home/cyrusleung/st-annotator/core/backend/sta/domain/editor/__init__.py                         0      0      0      0   100%
[TEST backend:segmentation] /home/cyrusleung/st-annotator/core/backend/sta/domain/editor/loader.py                          25      6      4      1    69%   24-29
[TEST backend:segmentation] /home/cyrusleung/st-annotator/core/backend/sta/domain/frames.py                                203    130     62      8    32%   45-48, 56-59, 73-83, 95, 102, 116->128, 123, 129-135, 165, 173, 178, 197-199, 241, 276-317, 344-368, 391-412, 435-455, 478-506, 532-554, 576-594, 603-611, 621-642, 651-658, 667-685, 695-715, 724-729
[TEST backend:segmentation] /home/cyrusleung/st-annotator/core/backend/sta/domain/jobs/__init__.py                           1      0      0      0   100%
[TEST backend:segmentation] /home/cyrusleung/st-annotator/core/backend/sta/domain/jobs/base.py                             133     91     32      1    26%   58-64, 68, 72, 77, 86, 95-101, 105-106, 127-131, 153-176, 188-217, 238-276, 296-307, 332-341, 357-369, 380-390, 407-422
[TEST backend:segmentation] /home/cyrusleung/st-annotator/core/backend/sta/domain/jobs/worker.py                            60     35      8      1    38%   48-62, 72-73, 77-87, 102-125
[TEST backend:segmentation] /home/cyrusleung/st-annotator/core/backend/sta/domain/label/__init__.py                          0      0      0      0   100%
[TEST backend:segmentation] /home/cyrusleung/st-annotator/core/backend/sta/domain/label/data/__init__.py                     1      0      0      0   100%
[TEST backend:segmentation] /home/cyrusleung/st-annotator/core/backend/sta/domain/label/data/base.py                       354     96    104     22    69%   51, 69, 99, 102-105, 130, 203-204, 217-226, 236-250, 263-264, 289, 309-323, 388->390, 392, 394, 396, 411, 421, 466-478, 495, 501, 533, 564, 598->606, 646->654, 707-742, 754-787, 798-821, 870, 892, 894, 911-912, 970, 1039-1060, 1159->1181, 1204-1231
[TEST backend:segmentation] /home/cyrusleung/st-annotator/core/backend/sta/domain/label/groups.py                           91     59     26      0    27%   31-34, 38-41, 49-60, 94-109, 127-143, 157-170, 179-187, 197-211, 220-227, 237-244
[TEST backend:segmentation] /home/cyrusleung/st-annotator/core/backend/sta/domain/label/repo/__init__.py                     0      0      0      0   100%
[TEST backend:segmentation] /home/cyrusleung/st-annotator/core/backend/sta/domain/label/repo/branches.py                   126     73     46      6    37%   44-53, 63-73, 96-118, 132, 153, 162-170, 218-238, 257-275, 287, 293, 305-335, 344-359
[TEST backend:segmentation] /home/cyrusleung/st-annotator/core/backend/sta/domain/label/repo/commits.py                     70     39     20      0    37%   26-29, 37-40, 67-79, 108-116, 127-147, 156-164, 174-184, 205-231
[TEST backend:segmentation] /home/cyrusleung/st-annotator/core/backend/sta/domain/label/repo/graph.py                      181     35     52     13    77%   41, 48-50, 64, 71, 78-88, 90->67, 93-94, 98, 208, 284->295, 290, 298-299, 311-314, 318, 324, 388, 467-481, 491-505, 594-615
[TEST backend:segmentation] /home/cyrusleung/st-annotator/core/backend/sta/domain/label/repo/ops/__init__.py                 7      0      0      0   100%
[TEST backend:segmentation] /home/cyrusleung/st-annotator/core/backend/sta/domain/label/repo/ops/base/__init__.py            4      0      0      0   100%
[TEST backend:segmentation] /home/cyrusleung/st-annotator/core/backend/sta/domain/label/repo/ops/base/create.py             16      0      0      0   100%
[TEST backend:segmentation] /home/cyrusleung/st-annotator/core/backend/sta/domain/label/repo/ops/base/delete.py             15      0      0      0   100%
[TEST backend:segmentation] /home/cyrusleung/st-annotator/core/backend/sta/domain/label/repo/ops/base/operation.py          26      0      0      0   100%
[TEST backend:segmentation] /home/cyrusleung/st-annotator/core/backend/sta/domain/label/repo/ops/base/update.py             18      0      0      0   100%
[TEST backend:segmentation] /home/cyrusleung/st-annotator/core/backend/sta/domain/label/repo/ops/registry.py                54     13      4      1    76%   19, 24, 41, 50, 53, 56, 61-62, 68-69, 73-74, 86
[TEST backend:segmentation] /home/cyrusleung/st-annotator/core/backend/sta/domain/label/repo/ops/special/__init__.py        15      0      0      0   100%
[TEST backend:segmentation] /home/cyrusleung/st-annotator/core/backend/sta/domain/label/repo/ops/special/checkpoint.py      15      2      2      0    76%   29-30
[TEST backend:segmentation] /home/cyrusleung/st-annotator/core/backend/sta/domain/label/repo/ops/special/import_.py         21      2      0      0    90%   29, 41
[TEST backend:segmentation] /home/cyrusleung/st-annotator/core/backend/sta/domain/label/repo/ops/special/init_.py           13      0      0      0   100%
[TEST backend:segmentation] /home/cyrusleung/st-annotator/core/backend/sta/domain/label/repo/placeholder.py                 81     26     16      2    67%   47, 51, 56-59, 63, 66-69, 72-75, 98, 105-109, 126-127, 144-145, 158-160, 163
[TEST backend:segmentation] /home/cyrusleung/st-annotator/core/backend/sta/domain/label/spec/__init__.py                     1      0      0      0   100%
[TEST backend:segmentation] /home/cyrusleung/st-annotator/core/backend/sta/domain/label/spec/base.py                       174    104     52      8    35%   52-56, 62-66, 72-76, 114, 132, 142, 152-161, 170-185, 188-190, 211-228, 246-265, 279-292, 301-313, 323-324, 336, 339->342, 352-376, 385-398, 408-425
[TEST backend:segmentation] /home/cyrusleung/st-annotator/core/backend/sta/domain/label/spec/objclass/__init__.py            3      0      0      0   100%
[TEST backend:segmentation] /home/cyrusleung/st-annotator/core/backend/sta/domain/label/spec/objclass/definitions.py        78     52     20      0    27%   26, 63-77, 94-109, 122-134, 143-154, 167-184, 193-201, 213-223
[TEST backend:segmentation] /home/cyrusleung/st-annotator/core/backend/sta/domain/label/spec/objclass/selections.py        114     70     30      1    33%   69, 78-87, 122-160, 169-183, 195-223, 226, 237-239, 248-256, 265-273
[TEST backend:segmentation] /home/cyrusleung/st-annotator/core/backend/sta/domain/ops.py                                    18     14      6      0    17%   13-48
[TEST backend:segmentation] /home/cyrusleung/st-annotator/core/backend/sta/domain/projects.py                              123     84     34      1    25%   37-43, 47-50, 70, 79-88, 130-148, 165-187, 202-214, 223-232, 242-265, 274-302, 312-327
[TEST backend:segmentation] /home/cyrusleung/st-annotator/core/backend/sta/domain/querying.py                               54     27     16      0    39%   44, 52, 57-61, 66, 71, 76-79, 84-87, 99-106, 121-131
[TEST backend:segmentation] /home/cyrusleung/st-annotator/core/backend/sta/domain/source/__init__.py                         0      0      0      0   100%
[TEST backend:segmentation] /home/cyrusleung/st-annotator/core/backend/sta/domain/source/data/__init__.py                    1      0      0      0   100%
[TEST backend:segmentation] /home/cyrusleung/st-annotator/core/backend/sta/domain/source/data/base.py                      234    119     72     19    44%   70, 73, 95, 120-122, 150, 153-156, 225, 227, 229, 230->232, 233-234, 236-237, 239-240, 242-243, 245-246, 248-249, 251-252, 254-255, 277-294, 312-327, 340, 364-374, 384-414, 423-430, 445-467, 486-515, 524-528, 566, 596-616, 632-637, 653-658, 669, 691-699, 749, 754-755, 818-838, 858-875, 889
[TEST backend:segmentation] /home/cyrusleung/st-annotator/core/backend/sta/domain/source/groups.py                          92     61     28      0    26%   30-33, 37-40, 48-59, 94-110, 129-147, 162-176, 185-193, 203-217, 226-233, 243-250
[TEST backend:segmentation] /home/cyrusleung/st-annotator/core/backend/sta/domain/source/spec/__init__.py                    1      0      0      0   100%
[TEST backend:segmentation] /home/cyrusleung/st-annotator/core/backend/sta/domain/source/spec/base.py                      174     95     50      8    39%   51-55, 61-65, 71-75, 112, 130, 140, 150-157, 200-211, 223-237, 247-256, 265-277, 287-288, 300, 303->306, 322-346, 361-376, 391-410, 425-435
[TEST backend:segmentation] /home/cyrusleung/st-annotator/core/backend/sta/domain/tasks.py                                 304    208    126     10    25%   31-48, 75-115, 119-122, 127, 142-166, 171-188, 204-217, 224-227, 236-243, 254-289, 306-307, 314, 322-327, 344-345, 352, 360-363, 371-414, 418-420, 427-430, 437-440, 450, 497, 504-513, 529, 538-542, 582-593, 603-612, 621-633, 643-679, 688-708, 718-760
[TEST backend:segmentation] /home/cyrusleung/st-annotator/core/backend/sta/domain/users.py                                 194    145     62      2    20%   56-59, 63-66, 70, 93, 102-111, 120-142, 165-187, 205-221, 242-263, 282-298, 307-313, 323-386, 395-411, 421-442, 452-453, 475-497, 506-525
[TEST backend:segmentation] /home/cyrusleung/st-annotator/core/backend/sta/entrypoints.py                                   43      7      6      3    80%   17-18, 23-27, 46->55, 48, 87->92
[TEST backend:segmentation] /home/cyrusleung/st-annotator/core/backend/sta/envs.py                                          36      0      0      0   100%
[TEST backend:segmentation] /home/cyrusleung/st-annotator/core/backend/sta/filesystem.py                                     7      0      0      0   100%
[TEST backend:segmentation] /home/cyrusleung/st-annotator/core/backend/sta/models/__init__.py                                0      0      0      0   100%
[TEST backend:segmentation] /home/cyrusleung/st-annotator/core/backend/sta/models/account.py                                32      2      0      0    94%   46, 62
[TEST backend:segmentation] /home/cyrusleung/st-annotator/core/backend/sta/models/base.py                                  214     15     12      3    91%   61, 81, 146-147, 393, 406-410, 613-615, 618-620, 623-625
[TEST backend:segmentation] /home/cyrusleung/st-annotator/core/backend/sta/models/configs/__init__.py                        1      0      0      0   100%
[TEST backend:segmentation] /home/cyrusleung/st-annotator/core/backend/sta/models/configs/project.py                        15      0      0      0   100%
[TEST backend:segmentation] /home/cyrusleung/st-annotator/core/backend/sta/models/frame.py                                  59      2      0      0    97%   31, 74
[TEST backend:segmentation] /home/cyrusleung/st-annotator/core/backend/sta/models/job.py                                    65      3      0      0    95%   93, 97, 146
[TEST backend:segmentation] /home/cyrusleung/st-annotator/core/backend/sta/models/label/__init__.py                          0      0      0      0   100%
[TEST backend:segmentation] /home/cyrusleung/st-annotator/core/backend/sta/models/label/data/__init__.py                     1      0      0      0   100%
[TEST backend:segmentation] /home/cyrusleung/st-annotator/core/backend/sta/models/label/data/base.py                        54      3      0      0    94%   112-119, 128
[TEST backend:segmentation] /home/cyrusleung/st-annotator/core/backend/sta/models/label/group.py                            25      1      0      0    96%   41
[TEST backend:segmentation] /home/cyrusleung/st-annotator/core/backend/sta/models/label/repo.py                            145      5      0      0    97%   112, 116, 120, 131, 295
[TEST backend:segmentation] /home/cyrusleung/st-annotator/core/backend/sta/models/label/spec/__init__.py                     2      0      0      0   100%
[TEST backend:segmentation] /home/cyrusleung/st-annotator/core/backend/sta/models/label/spec/base.py                        58     13      0      0    78%   114-143, 159
[TEST backend:segmentation] /home/cyrusleung/st-annotator/core/backend/sta/models/label/spec/objclass.py                   100      4      0      0    96%   59, 62-65
[TEST backend:segmentation] /home/cyrusleung/st-annotator/core/backend/sta/models/project.py                                44      1      0      0    98%   79
[TEST backend:segmentation] /home/cyrusleung/st-annotator/core/backend/sta/models/source/__init__.py                         0      0      0      0   100%
[TEST backend:segmentation] /home/cyrusleung/st-annotator/core/backend/sta/models/source/data/__init__.py                    1      0      0      0   100%
[TEST backend:segmentation] /home/cyrusleung/st-annotator/core/backend/sta/models/source/data/base.py                       64      1      0      0    98%   143
[TEST backend:segmentation] /home/cyrusleung/st-annotator/core/backend/sta/models/source/group.py                           25      1      0      0    96%   41
[TEST backend:segmentation] /home/cyrusleung/st-annotator/core/backend/sta/models/source/spec/__init__.py                    1      0      0      0   100%
[TEST backend:segmentation] /home/cyrusleung/st-annotator/core/backend/sta/models/source/spec/base.py                       58      1      0      0    98%   158
[TEST backend:segmentation] /home/cyrusleung/st-annotator/core/backend/sta/models/task.py                                   92      3      0      0    97%   118, 127, 147
[TEST backend:segmentation] /home/cyrusleung/st-annotator/core/backend/sta/models/types/__init__.py                         15      2      0      0    87%   30-31
[TEST backend:segmentation] /home/cyrusleung/st-annotator/core/backend/sta/models/types/name.py                             20      5      6      3    69%   18-19, 22, 25-26
[TEST backend:segmentation] /home/cyrusleung/st-annotator/core/backend/sta/models/types/quality.py                           4      0      0      0   100%
[TEST backend:segmentation] /home/cyrusleung/st-annotator/core/backend/sta/models/types/uri.py                              25      7      6      3    68%   19-20, 23, 26-27, 35-36
[TEST backend:segmentation] /home/cyrusleung/st-annotator/core/backend/sta/models/user.py                                   96     10      8      2    85%   37-38, 41, 67-74, 163
[TEST backend:segmentation] /home/cyrusleung/st-annotator/core/backend/sta/plugin.py                                        13      0      4      0   100%
[TEST backend:segmentation] /home/cyrusleung/st-annotator/core/backend/sta/porter/__init__.py                                0      0      0      0   100%
[TEST backend:segmentation] /home/cyrusleung/st-annotator/core/backend/sta/porter/st_metadata.py                            97     29     20      7    64%   59-60, 63-64, 80-82, 89-99, 104-108, 117-118, 127, 136-140, 181-182
[TEST backend:segmentation] /home/cyrusleung/st-annotator/core/backend/sta/session.py                                       52      3      8      3    90%   20, 30, 89->exit, 102
[TEST backend:segmentation] /home/cyrusleung/st-annotator/core/backend/sta/testing/__init__.py                               0      0      0      0   100%
[TEST backend:segmentation] /home/cyrusleung/st-annotator/core/backend/sta/testing/config.py                                26      1      2      1    93%   29
[TEST backend:segmentation] /home/cyrusleung/st-annotator/core/backend/sta/testing/domain/__init__.py                        0      0      0      0   100%
[TEST backend:segmentation] /home/cyrusleung/st-annotator/core/backend/sta/testing/domain/frames.py                         23     10      0      0    57%   21-37, 48-64
[TEST backend:segmentation] /home/cyrusleung/st-annotator/core/backend/sta/testing/domain/label/__init__.py                  0      0      0      0   100%
[TEST backend:segmentation] /home/cyrusleung/st-annotator/core/backend/sta/testing/domain/label/groups.py                   13      0      0      0   100%
[TEST backend:segmentation] /home/cyrusleung/st-annotator/core/backend/sta/testing/domain/label/repo/__init__.py             0      0      0      0   100%
[TEST backend:segmentation] /home/cyrusleung/st-annotator/core/backend/sta/testing/domain/label/repo/branches.py            21      0      0      0   100%
[TEST backend:segmentation] /home/cyrusleung/st-annotator/core/backend/sta/testing/domain/label/spec/__init__.py             0      0      0      0   100%
[TEST backend:segmentation] /home/cyrusleung/st-annotator/core/backend/sta/testing/domain/label/spec/objclass.py            16      0      0      0   100%
[TEST backend:segmentation] /home/cyrusleung/st-annotator/core/backend/sta/testing/domain/projects.py                       20      5      0      0    75%   12-22
[TEST backend:segmentation] /home/cyrusleung/st-annotator/core/backend/sta/testing/domain/source/__init__.py                 0      0      0      0   100%
[TEST backend:segmentation] /home/cyrusleung/st-annotator/core/backend/sta/testing/domain/source/groups.py                  13      0      0      0   100%
[TEST backend:segmentation] /home/cyrusleung/st-annotator/core/backend/sta/testing/domain/tasks.py                          28     10      0      0    64%   17-30, 39-53
[TEST backend:segmentation] /home/cyrusleung/st-annotator/core/backend/sta/testing/domain/users.py                           6      0      0      0   100%
[TEST backend:segmentation] /home/cyrusleung/st-annotator/core/backend/sta/testing/keys.py                                  13      2      0      0    85%   41-43
[TEST backend:segmentation] /home/cyrusleung/st-annotator/core/backend/sta/testing/plugin_import.py                         56      8      2      1    84%   55, 76-84
[TEST backend:segmentation] /home/cyrusleung/st-annotator/core/backend/sta/testing/pytest_fixtures.py                       13      0      0      0   100%
[TEST backend:segmentation] /home/cyrusleung/st-annotator/core/backend/sta/testing/pytest_plugin.py                          3      3      0      0     0%   1-5
[TEST backend:segmentation] /home/cyrusleung/st-annotator/core/backend/sta/testing/session.py                                7      2      0      0    71%   9-10
[TEST backend:segmentation] sta_segmentation/__init__.py                                                                     0      0      0      0   100%
[TEST backend:segmentation] sta_segmentation/api/__init__.py                                                                 0      0      0      0   100%
[TEST backend:segmentation] sta_segmentation/api/editor.py                                                                 122     24     32      8    78%   50-51, 53, 61, 95, 102-103, 105, 132-144, 164, 174-175, 177, 178->181, 203-204, 210-211
[TEST backend:segmentation] sta_segmentation/api/label/__init__.py                                                           0      0      0      0   100%
[TEST backend:segmentation] sta_segmentation/api/label/data/__init__.py                                                      5      0      0      0   100%
[TEST backend:segmentation] sta_segmentation/api/label/data/element.py                                                      87     33      0      0    62%   57, 82, 110-119, 142-185, 208-278, 290-298, 312-323, 336-346, 358-365, 380-392, 405-415
[TEST backend:segmentation] sta_segmentation/api/label/data/entity.py                                                       48     25      0      0    48%   33-42, 56-81, 93-101, 115-126, 139-149, 161, 182-194, 207-217
[TEST backend:segmentation] sta_segmentation/domain/__init__.py                                                              0      0      0      0   100%
[TEST backend:segmentation] sta_segmentation/domain/editor/__init__.py                                                       0      0      0      0   100%
[TEST backend:segmentation] sta_segmentation/domain/editor/loader.py                                                        53      2      6      1    95%   122-123
[TEST backend:segmentation] sta_segmentation/domain/label/__init__.py                                                        0      0      0      0   100%
[TEST backend:segmentation] sta_segmentation/domain/label/data/__init__.py                                                   4      0      0      0   100%
[TEST backend:segmentation] sta_segmentation/domain/label/repo/__init__.py                                                   0      0      0      0   100%
[TEST backend:segmentation] sta_segmentation/domain/label/repo/ops/__init__.py                                               0      0      0      0   100%
[TEST backend:segmentation] sta_segmentation/domain/label/repo/ops/instance/__init__.py                                     22      0      2      0   100%
[TEST backend:segmentation] sta_segmentation/domain/label/repo/ops/instance/assign_class.py                                 20      0      0      0   100%
[TEST backend:segmentation] sta_segmentation/domain/label/repo/ops/instance/assign_is_black.py                              21      0      0      0   100%
[TEST backend:segmentation] sta_segmentation/domain/label/repo/ops/instance/create.py                                       19      0      0      0   100%
[TEST backend:segmentation] sta_segmentation/domain/label/repo/ops/instance/delete.py                                       15      0      0      0   100%
[TEST backend:segmentation] sta_segmentation/domain/label/repo/ops/selection/__init__.py                                    31      0      2      0   100%
[TEST backend:segmentation] sta_segmentation/domain/label/repo/ops/selection/assign_class.py                                20      0      0      0   100%
[TEST backend:segmentation] sta_segmentation/domain/label/repo/ops/selection/assign_distinctive_lv.py                       20      0      0      0   100%
[TEST backend:segmentation] sta_segmentation/domain/label/repo/ops/selection/assign_entity.py                               20      0      0      0   100%
[TEST backend:segmentation] sta_segmentation/domain/label/repo/ops/selection/assign_occlusion_lv.py                         20      0      0      0   100%
[TEST backend:segmentation] sta_segmentation/domain/label/repo/ops/selection/create.py                                      32      0      0      0   100%
[TEST backend:segmentation] sta_segmentation/domain/label/repo/ops/selection/delete.py                                      15      0      0      0   100%
[TEST backend:segmentation] sta_segmentation/domain/label/repo/ops/selection/edit.py                                        24      0      0      0   100%
[TEST backend:segmentation] sta_segmentation/filesystem.py                                                                  85      0      4      0   100%
[TEST backend:segmentation] sta_segmentation/models/__init__.py                                                              0      0      0      0   100%
[TEST backend:segmentation] sta_segmentation/models/label/__init__.py                                                        0      0      0      0   100%
[TEST backend:segmentation] sta_segmentation/models/label/data.py                                                          144      5      4      1    96%   117, 211-213, 216-218
[TEST backend:segmentation] sta_segmentation/plugin.py                                                                     163     12     48      6    91%   82, 112-113, 126-127, 134-135, 329, 332-333, 346-347
[TEST backend:segmentation] ----------------------------------------------------------------------------------------------------------------------------------------
[TEST backend:segmentation] TOTAL                                                                                        10156   4144   1792    201    54%
[TEST backend:segmentation] Coverage HTML written to dir coverage
[TEST backend:segmentation] ================= 37 passed, 62 warnings in 104.85s (0:01:44) ==================
[TEST backend:pcd] ........................................................................ [ 62%]
[TEST backend:bbox] ...............................                                          [100%]sys:1: DeprecationWarning: builtin type swigvarlink has no __module__ attribute
[TEST backend:bbox] sys:1: DeprecationWarning: builtin type swigvarlink has no __module__ attribute
[TEST backend:bbox] 
[TEST backend:bbox] =============================== warnings summary ===============================
[TEST backend:bbox] ../../../.venv/lib/python3.11/site-packages/passlib/utils/__init__.py:854
[TEST backend:bbox] ../../../.venv/lib/python3.11/site-packages/passlib/utils/__init__.py:854
[TEST backend:bbox] ../../../.venv/lib/python3.11/site-packages/passlib/utils/__init__.py:854
[TEST backend:bbox]   /home/cyrusleung/st-annotator/.venv/lib/python3.11/site-packages/passlib/utils/__init__.py:854: DeprecationWarning: 'crypt' is deprecated and slated for removal in Python 3.13
[TEST backend:bbox]     from crypt import crypt as _crypt
[TEST backend:bbox] 
[TEST backend:bbox] ../../../.venv/lib/python3.11/site-packages/passlib/handlers/argon2.py:716
[TEST backend:bbox] ../../../.venv/lib/python3.11/site-packages/passlib/handlers/argon2.py:716
[TEST backend:bbox] ../../../.venv/lib/python3.11/site-packages/passlib/handlers/argon2.py:716
[TEST backend:bbox]   /home/cyrusleung/st-annotator/.venv/lib/python3.11/site-packages/passlib/handlers/argon2.py:716: DeprecationWarning: Accessing argon2.__version__ is deprecated and will be removed in a future release. Use importlib.metadata directly to query for argon2-cffi's packaging metadata.
[TEST backend:bbox]     _argon2_cffi.__version__, max_version)
[TEST backend:bbox] 
[TEST backend:bbox] test/api/test_label_data.py::test_production_api_does_not_register_direct_bbox_mutations[POST-/label/data/bbox/element/create]
[TEST backend:bbox] test/api/test_label_data.py::test_production_api_does_not_register_direct_bbox_mutations[DELETE-/label/data/bbox/element/bulk-delete]
[TEST backend:bbox]   <frozen importlib._bootstrap>:241: DeprecationWarning: builtin type SwigPyPacked has no __module__ attribute
[TEST backend:bbox] 
[TEST backend:bbox] test/api/test_label_data.py::test_production_api_does_not_register_direct_bbox_mutations[POST-/label/data/bbox/element/create]
[TEST backend:bbox] test/api/test_label_data.py::test_production_api_does_not_register_direct_bbox_mutations[DELETE-/label/data/bbox/element/bulk-delete]
[TEST backend:bbox]   <frozen importlib._bootstrap>:241: DeprecationWarning: builtin type SwigPyObject has no __module__ attribute
[TEST backend:bbox] 
[TEST backend:bbox] test/api/test_label_data.py: 16 warnings
[TEST backend:bbox]   /home/cyrusleung/st-annotator/.venv/lib/python3.11/site-packages/sqlmodel/main.py:582: PydanticDeprecatedSince211: Annotation 'srid' is marked as final and has a default value. Pydantic treats 'srid' as a class variable, but it will be considered as a normal field in V3 to be aligned with dataclasses. If you still want 'srid' to be considered as a class variable, annotate it as: `ClassVar[<type>] = <default>.`. Deprecated in Pydantic V2.11 to be removed in V3.0.
[TEST backend:bbox]     "SQLModel", super().__new__(cls, name, bases, dict_used, **config_kwargs)
[TEST backend:bbox] 
[TEST backend:bbox] test/api/test_label_data.py: 16 warnings
[TEST backend:bbox]   /home/cyrusleung/st-annotator/.venv/lib/python3.11/site-packages/sqlmodel/main.py:582: PydanticDeprecatedSince211: Annotation 'output_dimension' is marked as final and has a default value. Pydantic treats 'output_dimension' as a class variable, but it will be considered as a normal field in V3 to be aligned with dataclasses. If you still want 'output_dimension' to be considered as a class variable, annotate it as: `ClassVar[<type>] = <default>.`. Deprecated in Pydantic V2.11 to be removed in V3.0.
[TEST backend:bbox]     "SQLModel", super().__new__(cls, name, bases, dict_used, **config_kwargs)
[TEST backend:bbox] 
[TEST backend:bbox] test/api/test_label_data.py: 16 warnings
[TEST backend:bbox]   /home/cyrusleung/st-annotator/.venv/lib/python3.11/site-packages/sqlmodel/main.py:582: PydanticDeprecatedSince211: Annotation 'include_z' is marked as final and has a default value. Pydantic treats 'include_z' as a class variable, but it will be considered as a normal field in V3 to be aligned with dataclasses. If you still want 'include_z' to be considered as a class variable, annotate it as: `ClassVar[<type>] = <default>.`. Deprecated in Pydantic V2.11 to be removed in V3.0.
[TEST backend:bbox]     "SQLModel", super().__new__(cls, name, bases, dict_used, **config_kwargs)
[TEST backend:bbox] 
[TEST backend:bbox] -- Docs: https://docs.pytest.org/en/stable/how-to/capture-warnings.html
[TEST backend:bbox] ================================ tests coverage ================================
[TEST backend:bbox] _______________ coverage: platform linux, python 3.11.4-final-0 ________________
[TEST backend:bbox] 
[TEST backend:bbox] Name                                                                                         Stmts   Miss Branch BrPart  Cover   Missing
[TEST backend:bbox] ----------------------------------------------------------------------------------------------------------------------------------------
[TEST backend:bbox] /home/cyrusleung/st-annotator/core/backend/sta/__init__.py                                       0      0      0      0   100%
[TEST backend:bbox] /home/cyrusleung/st-annotator/core/backend/sta/__main__.py                                       1      1      0      0     0%   3
[TEST backend:bbox] /home/cyrusleung/st-annotator/core/backend/sta/api/__init__.py                                   0      0      0      0   100%
[TEST backend:bbox] /home/cyrusleung/st-annotator/core/backend/sta/api/accounts.py                                  43     19      0      0    56%   37-46, 58-79, 92-101, 117, 133-143, 154-162
[TEST backend:bbox] /home/cyrusleung/st-annotator/core/backend/sta/api/auth.py                                     134     46     18      5    62%   56-60, 80-88, 106, 145, 181-189, 229, 232-238, 246, 267-279, 289-298, 303, 317-325
[TEST backend:bbox] /home/cyrusleung/st-annotator/core/backend/sta/api/body_limit.py                                58     21     16      5    62%   16-23, 35-46, 58-60, 62-63, 65-68, 75->79, 78, 83-84
[TEST backend:bbox] /home/cyrusleung/st-annotator/core/backend/sta/api/cors.py                                      27     13      8      0    40%   14-18, 23-30
[TEST backend:bbox] /home/cyrusleung/st-annotator/core/backend/sta/api/crud.py                                      21     10      0      0    52%   14, 19-21, 26-27, 35-36, 50-51
[TEST backend:bbox] /home/cyrusleung/st-annotator/core/backend/sta/api/editor.py                                   121     48     12      2    58%   61-67, 78-89, 100-117, 132-149, 167-173, 189-211, 216-219, 235-244, 262-271, 286, 300, 318-332, 342-352, 363-376, 381, 422->425
[TEST backend:bbox] /home/cyrusleung/st-annotator/core/backend/sta/api/files.py                                    148    108     44      0    21%   36-49, 56-70, 88-90, 93, 96-106, 110-146, 167-198, 207-229, 242-276
[TEST backend:bbox] /home/cyrusleung/st-annotator/core/backend/sta/api/frames.py                                    66     30      0      0    55%   32-41, 68-119, 143, 188-237, 248-256, 268-277, 287-295, 305, 321-331, 341-349
[TEST backend:bbox] /home/cyrusleung/st-annotator/core/backend/sta/api/jobs.py                                      18      4      0      0    78%   42-69
[TEST backend:bbox] /home/cyrusleung/st-annotator/core/backend/sta/api/label/__init__.py                            11      0      0      0   100%
[TEST backend:bbox] /home/cyrusleung/st-annotator/core/backend/sta/api/label/data/__init__.py                        2      0      0      0   100%
[TEST backend:bbox] /home/cyrusleung/st-annotator/core/backend/sta/api/label/groups.py                              39     13      0      0    67%   30-36, 54-87, 100-107, 117, 133-140, 150-156
[TEST backend:bbox] /home/cyrusleung/st-annotator/core/backend/sta/api/label/repo/__init__.py                       37     11      0      0    70%   37-47, 58-67, 81-95, 105
[TEST backend:bbox] /home/cyrusleung/st-annotator/core/backend/sta/api/label/repo/branches.py                       38     16      0      0    58%   30-39, 61-102, 112, 128-138, 148-156
[TEST backend:bbox] /home/cyrusleung/st-annotator/core/backend/sta/api/label/repo/commits.py                        20      5      0      0    75%   26-47, 58
[TEST backend:bbox] /home/cyrusleung/st-annotator/core/backend/sta/api/label/spec/__init__.py                        4      0      0      0   100%
[TEST backend:bbox] /home/cyrusleung/st-annotator/core/backend/sta/api/label/spec/objclass/__init__.py               5      0      0      0   100%
[TEST backend:bbox] /home/cyrusleung/st-annotator/core/backend/sta/api/label/spec/objclass/definitions.py           44     19      0      0    57%   29-38, 55-86, 99-108, 118, 134-144, 154-162
[TEST backend:bbox] /home/cyrusleung/st-annotator/core/backend/sta/api/label/spec/objclass/selections.py            44     19      0      0    57%   29-38, 56-89, 102-111, 121, 137-147, 157-165
[TEST backend:bbox] /home/cyrusleung/st-annotator/core/backend/sta/api/lifespan.py                                  15      0      4      1    95%   15->exit
[TEST backend:bbox] /home/cyrusleung/st-annotator/core/backend/sta/api/projects.py                                  45     19      0      0    58%   30-39, 58-93, 106-115, 125, 141-151, 161-169
[TEST backend:bbox] /home/cyrusleung/st-annotator/core/backend/sta/api/rate_limit.py                                64     22     22      5    57%   20-27, 72-75, 90, 93, 98, 114-120
[TEST backend:bbox] /home/cyrusleung/st-annotator/core/backend/sta/api/responses.py                                 15      0      0      0   100%
[TEST backend:bbox] /home/cyrusleung/st-annotator/core/backend/sta/api/root.py                                      94     46     38      0    36%   37, 41-50, 54-62, 66-109, 145-153
[TEST backend:bbox] /home/cyrusleung/st-annotator/core/backend/sta/api/source/__init__.py                           10      0      0      0   100%
[TEST backend:bbox] /home/cyrusleung/st-annotator/core/backend/sta/api/source/data/__init__.py                       2      0      0      0   100%
[TEST backend:bbox] /home/cyrusleung/st-annotator/core/backend/sta/api/source/groups.py                             39     13      0      0    67%   30-36, 54-87, 100-107, 117, 133-140, 150-156
[TEST backend:bbox] /home/cyrusleung/st-annotator/core/backend/sta/api/source/spec/__init__.py                       2      0      0      0   100%
[TEST backend:bbox] /home/cyrusleung/st-annotator/core/backend/sta/api/tasks.py                                     45     19      0      0    58%   30-39, 52-75, 97-106, 116, 132-142, 152-160
[TEST backend:bbox] /home/cyrusleung/st-annotator/core/backend/sta/api/users.py                                     60     24      0      0    60%   32-41, 63-104, 123, 155-177, 190-199, 209, 225-235, 245-253
[TEST backend:bbox] /home/cyrusleung/st-annotator/core/backend/sta/benchmarks/__init__.py                            0      0      0      0   100%
[TEST backend:bbox] /home/cyrusleung/st-annotator/core/backend/sta/benchmarks/database_utils.py                     28     12      2      0    53%   15-18, 23-28, 35-42, 58
[TEST backend:bbox] /home/cyrusleung/st-annotator/core/backend/sta/benchmarks/perf_label_queries.py                533    344     82      0    31%   123, 139, 143, 147, 160, 186, 214, 242, 263, 271, 279, 335-365, 380-405, 429-453, 477-510, 526-552, 577-601, 623-624, 628-662, 683-716, 737-742, 752-768, 777-795, 802-808, 814, 823-865, 874-917, 921-931, 943-950, 965-1009, 1021-1037, 1053-1230, 1250-1286, 1307-1340, 1362-1372, 1408-1600
[TEST backend:bbox] /home/cyrusleung/st-annotator/core/backend/sta/benchmarks/plot_utils.py                        234    234     48      0     0%   1-543
[TEST backend:bbox] /home/cyrusleung/st-annotator/core/backend/sta/cli/__init__.py                                  35     12      2      0    62%   34-41, 44-45, 48-49, 52-53, 59
[TEST backend:bbox] /home/cyrusleung/st-annotator/core/backend/sta/cli/base.py                                       5      0      0      0   100%
[TEST backend:bbox] /home/cyrusleung/st-annotator/core/backend/sta/cli/bench.py                                     26      1      0      0    96%   120
[TEST backend:bbox] /home/cyrusleung/st-annotator/core/backend/sta/cli/init.py                                      29     19      4      0    30%   23-50
[TEST backend:bbox] /home/cyrusleung/st-annotator/core/backend/sta/cli/plugin.py                                    11      3      2      0    62%   19-22
[TEST backend:bbox] /home/cyrusleung/st-annotator/core/backend/sta/cli/porter.py                                    76     12      0      0    84%   75-89, 124-137
[TEST backend:bbox] /home/cyrusleung/st-annotator/core/backend/sta/cli/prompts.py                                   87     69      6      0    19%   20-34, 41-70, 77-106, 114-144, 151-152
[TEST backend:bbox] /home/cyrusleung/st-annotator/core/backend/sta/cli/serve.py                                     91     50     12      0    40%   34-40, 53-60, 64-75, 84-85, 158-219
[TEST backend:bbox] /home/cyrusleung/st-annotator/core/backend/sta/common/__init__.py                                0      0      0      0   100%
[TEST backend:bbox] /home/cyrusleung/st-annotator/core/backend/sta/common/database/__init__.py                       2      0      0      0   100%
[TEST backend:bbox] /home/cyrusleung/st-annotator/core/backend/sta/common/database/config.py                       159     48     18      5    66%   82-85, 98-101, 108-109, 114-116, 121, 124, 135, 147-148, 152-153, 170, 173-183, 188, 192, 196, 199, 206, 218-226, 229, 279->282, 283-284, 295, 365->368, 375-379, 396->399, 435-436
[TEST backend:bbox] /home/cyrusleung/st-annotator/core/backend/sta/common/database/execution.py                     17      5      2      0    63%   43-49
[TEST backend:bbox] /home/cyrusleung/st-annotator/core/backend/sta/common/database/types.py                        113     20     32      9    79%   45-46, 60-61, 69-70, 94, 97, 100-101, 113, 116, 133, 157, 165-168, 175, 198-199
[TEST backend:bbox] /home/cyrusleung/st-annotator/core/backend/sta/common/filesystem/__init__.py                     4      0      0      0   100%
[TEST backend:bbox] /home/cyrusleung/st-annotator/core/backend/sta/common/filesystem/base.py                        34      9      8      4    69%   19-21, 42-43, 46-47, 52-54, 62
[TEST backend:bbox] /home/cyrusleung/st-annotator/core/backend/sta/common/filesystem/config.py                      33      5      6      2    77%   24->27, 28-29, 47-49
[TEST backend:bbox] /home/cyrusleung/st-annotator/core/backend/sta/common/filesystem/io/__init__.py                  6      0      0      0   100%
[TEST backend:bbox] /home/cyrusleung/st-annotator/core/backend/sta/common/filesystem/io/base.py                     47      5      6      3    85%   77, 115-118, 138-141
[TEST backend:bbox] /home/cyrusleung/st-annotator/core/backend/sta/common/filesystem/io/csv.py                      22      8      2      0    58%   17, 27-32, 37-38
[TEST backend:bbox] /home/cyrusleung/st-annotator/core/backend/sta/common/filesystem/io/json.py                     18      0      0      0   100%
[TEST backend:bbox] /home/cyrusleung/st-annotator/core/backend/sta/common/filesystem/io/numpy.py                    23      9      2      0    56%   17, 21-27, 31-32
[TEST backend:bbox] /home/cyrusleung/st-annotator/core/backend/sta/common/filesystem/io/yaml.py                     18      5      0      0    72%   15, 19-20, 24-25
[TEST backend:bbox] /home/cyrusleung/st-annotator/core/backend/sta/common/filesystem/path.py                       110     36     14      1    62%   40, 44, 48, 52, 64, 68, 71, 74-78, 81, 84, 87, 90, 93-97, 103, 111, 123-124, 127-128, 137-138, 143, 156-163, 166
[TEST backend:bbox] /home/cyrusleung/st-annotator/core/backend/sta/common/logging/__init__.py                        1      0      0      0   100%
[TEST backend:bbox] /home/cyrusleung/st-annotator/core/backend/sta/common/logging/logger.py                         15      0      2      0   100%
[TEST backend:bbox] /home/cyrusleung/st-annotator/core/backend/sta/common/perf.py                                   27     15      4      0    39%   15-17, 21, 24-28, 55-60
[TEST backend:bbox] /home/cyrusleung/st-annotator/core/backend/sta/common/spatial/__init__.py                        4      0      0      0   100%
[TEST backend:bbox] /home/cyrusleung/st-annotator/core/backend/sta/common/spatial/boundaries.py                    105     29     38     10    64%   23-24, 33-34, 67, 68->72, 83->90, 90->95, 107, 148-172, 179->182, 191, 199, 201
[TEST backend:bbox] /home/cyrusleung/st-annotator/core/backend/sta/common/spatial/transform.py                      61      9     10      2    82%   85-89, 95-98, 103-106
[TEST backend:bbox] /home/cyrusleung/st-annotator/core/backend/sta/common/spatial/units.py                          21      6      2      1    70%   15-16, 19, 23-25
[TEST backend:bbox] /home/cyrusleung/st-annotator/core/backend/sta/common/spatial/vectors.py                       244     85     42      6    61%   31-38, 45-48, 81-84, 102, 144-145, 157, 165, 170-171, 174-175, 182-183, 186-187, 190-191, 194-195, 198-199, 202-203, 206-207, 217, 229, 243, 246, 250-251, 254, 263, 267, 292-293, 305, 325-328, 333-334, 339-340, 345-346, 351-352, 357-358, 363-364, 369-370, 375-376, 381-382, 387-388, 391-397, 400-403, 410, 423, 437, 491
[TEST backend:bbox] /home/cyrusleung/st-annotator/core/backend/sta/common/testing/__init__.py                        2      2      0      0     0%   3-4
[TEST backend:bbox] /home/cyrusleung/st-annotator/core/backend/sta/common/testing/database/__init__.py               2      2      0      0     0%   1-2
[TEST backend:bbox] /home/cyrusleung/st-annotator/core/backend/sta/common/testing/database/strategies.py            71     71     32      0     0%   1-262
[TEST backend:bbox] /home/cyrusleung/st-annotator/core/backend/sta/common/testing/database/tests.py                  3      3      0      0     0%   1-5
[TEST backend:bbox] /home/cyrusleung/st-annotator/core/backend/sta/common/testing/strategies.py                    191    191     58      0     0%   1-515
[TEST backend:bbox] /home/cyrusleung/st-annotator/core/backend/sta/common/testing/tests.py                          42     42      6      0     0%   1-86
[TEST backend:bbox] /home/cyrusleung/st-annotator/core/backend/sta/common/utils/__init__.py                          0      0      0      0   100%
[TEST backend:bbox] /home/cyrusleung/st-annotator/core/backend/sta/common/utils/collections.py                      34     34      6      0     0%   1-73
[TEST backend:bbox] /home/cyrusleung/st-annotator/core/backend/sta/common/utils/datetime.py                         13     13      2      0     0%   1-47
[TEST backend:bbox] /home/cyrusleung/st-annotator/core/backend/sta/common/utils/env_path.py                         14      2      6      2    80%   35, 41
[TEST backend:bbox] /home/cyrusleung/st-annotator/core/backend/sta/common/utils/func.py                             46     46     10      0     0%   1-93
[TEST backend:bbox] /home/cyrusleung/st-annotator/core/backend/sta/common/utils/json.py                             96     69     54      0    18%   32-46, 58-65, 101, 104-132, 135-136, 139-143, 146-157, 168
[TEST backend:bbox] /home/cyrusleung/st-annotator/core/backend/sta/common/utils/registry.py                         40     13      4      1    64%   28-29, 34-39, 42, 47-49, 52, 55
[TEST backend:bbox] /home/cyrusleung/st-annotator/core/backend/sta/config.py                                        70     30     12      3    52%   40-61, 72-78, 81, 106-107, 122-123, 135-136
[TEST backend:bbox] /home/cyrusleung/st-annotator/core/backend/sta/domain/__init__.py                                0      0      0      0   100%
[TEST backend:bbox] /home/cyrusleung/st-annotator/core/backend/sta/domain/accounts.py                               79     59     22      0    20%   26-29, 33-36, 45-57, 68-81, 90-96, 105-111, 120-126, 136-168, 177-184, 194-203
[TEST backend:bbox] /home/cyrusleung/st-annotator/core/backend/sta/domain/auth.py                                  135     36     28     11    69%   64, 77, 83, 88-90, 106-110, 115-116, 138, 142-144, 160-168, 217->220, 238-239, 244, 248-249, 262, 271-272, 276, 295, 304-309, 316-317, 320
[TEST backend:bbox] /home/cyrusleung/st-annotator/core/backend/sta/domain/editor/__init__.py                         0      0      0      0   100%
[TEST backend:bbox] /home/cyrusleung/st-annotator/core/backend/sta/domain/editor/loader.py                          25      6      4      1    69%   24-29
[TEST backend:bbox] /home/cyrusleung/st-annotator/core/backend/sta/domain/frames.py                                203    130     62      8    32%   45-48, 56-59, 73-83, 95, 102, 116->128, 123, 129-135, 165, 173, 178, 197-199, 241, 276-317, 344-368, 391-412, 435-455, 478-506, 532-554, 576-594, 603-611, 621-642, 651-658, 667-685, 695-715, 724-729
[TEST backend:bbox] /home/cyrusleung/st-annotator/core/backend/sta/domain/jobs/__init__.py                           1      0      0      0   100%
[TEST backend:bbox] /home/cyrusleung/st-annotator/core/backend/sta/domain/jobs/base.py                             133     91     32      1    26%   58-64, 68, 72, 77, 86, 95-101, 105-106, 127-131, 153-176, 188-217, 238-276, 296-307, 332-341, 357-369, 380-390, 407-422
[TEST backend:bbox] /home/cyrusleung/st-annotator/core/backend/sta/domain/jobs/worker.py                            60     35      8      1    38%   48-62, 72-73, 77-87, 102-125
[TEST backend:bbox] /home/cyrusleung/st-annotator/core/backend/sta/domain/label/__init__.py                          0      0      0      0   100%
[TEST backend:bbox] /home/cyrusleung/st-annotator/core/backend/sta/domain/label/data/__init__.py                     1      0      0      0   100%
[TEST backend:bbox] /home/cyrusleung/st-annotator/core/backend/sta/domain/label/data/base.py                       354     17    104     14    93%   102-105, 241, 394, 421, 533, 564, 720->731, 732->exit, 767->778, 798-821, 870, 892, 894, 970, 1159->1181, 1204->1231
[TEST backend:bbox] /home/cyrusleung/st-annotator/core/backend/sta/domain/label/groups.py                           91     56     26      1    31%   31-34, 38-41, 50, 94-109, 127-143, 157-170, 179-187, 197-211, 220-227, 237-244
[TEST backend:bbox] /home/cyrusleung/st-annotator/core/backend/sta/domain/label/repo/__init__.py                     0      0      0      0   100%
[TEST backend:bbox] /home/cyrusleung/st-annotator/core/backend/sta/domain/label/repo/branches.py                   126     69     46      7    41%   45, 47, 63-73, 96-118, 132, 153, 162-170, 218-238, 257-275, 287, 293, 305-335, 344-359
[TEST backend:bbox] /home/cyrusleung/st-annotator/core/backend/sta/domain/label/repo/commits.py                     70     39     20      0    37%   26-29, 37-40, 67-79, 108-116, 127-147, 156-164, 174-184, 205-231
[TEST backend:bbox] /home/cyrusleung/st-annotator/core/backend/sta/domain/label/repo/graph.py                      181     37     52     14    75%   41, 48-50, 52-53, 64, 71, 78-88, 90->67, 93-94, 98, 208, 284->295, 290, 298-299, 311-314, 318, 324, 388, 467-481, 491-505, 594-615
[TEST backend:bbox] /home/cyrusleung/st-annotator/core/backend/sta/domain/label/repo/ops/__init__.py                 7      0      0      0   100%
[TEST backend:bbox] /home/cyrusleung/st-annotator/core/backend/sta/domain/label/repo/ops/base/__init__.py            4      0      0      0   100%
[TEST backend:bbox] /home/cyrusleung/st-annotator/core/backend/sta/domain/label/repo/ops/base/create.py             16      0      0      0   100%
[TEST backend:bbox] /home/cyrusleung/st-annotator/core/backend/sta/domain/label/repo/ops/base/delete.py             15      0      0      0   100%
[TEST backend:bbox] /home/cyrusleung/st-annotator/core/backend/sta/domain/label/repo/ops/base/operation.py          26      0      0      0   100%
[TEST backend:bbox] /home/cyrusleung/st-annotator/core/backend/sta/domain/label/repo/ops/base/update.py             18      0      0      0   100%
[TEST backend:bbox] /home/cyrusleung/st-annotator/core/backend/sta/domain/label/repo/ops/registry.py                54     13      4      1    76%   19, 24, 41, 50, 53, 56, 61-62, 68-69, 73-74, 86
[TEST backend:bbox] /home/cyrusleung/st-annotator/core/backend/sta/domain/label/repo/ops/special/__init__.py        15      0      0      0   100%
[TEST backend:bbox] /home/cyrusleung/st-annotator/core/backend/sta/domain/label/repo/ops/special/checkpoint.py      15      2      2      0    76%   29-30
[TEST backend:bbox] /home/cyrusleung/st-annotator/core/backend/sta/domain/label/repo/ops/special/import_.py         21      2      0      0    90%   29, 41
[TEST backend:bbox] /home/cyrusleung/st-annotator/core/backend/sta/domain/label/repo/ops/special/init_.py           13      0      0      0   100%
[TEST backend:bbox] /home/cyrusleung/st-annotator/core/backend/sta/domain/label/repo/placeholder.py                 81     28     16      3    64%   47, 51, 56-59, 63, 66-69, 72-75, 98, 105-109, 126-127, 134-135, 144-145, 158-160, 163
[TEST backend:bbox] /home/cyrusleung/st-annotator/core/backend/sta/domain/label/spec/__init__.py                     1      0      0      0   100%
[TEST backend:bbox] /home/cyrusleung/st-annotator/core/backend/sta/domain/label/spec/base.py                       174    104     52      8    35%   52-56, 62-66, 72-76, 114, 132, 142, 152-161, 170-185, 188-190, 211-228, 246-265, 279-292, 301-313, 323-324, 336, 339->342, 352-376, 385-398, 408-425
[TEST backend:bbox] /home/cyrusleung/st-annotator/core/backend/sta/domain/label/spec/objclass/__init__.py            3      0      0      0   100%
[TEST backend:bbox] /home/cyrusleung/st-annotator/core/backend/sta/domain/label/spec/objclass/definitions.py        78     52     20      0    27%   26, 63-77, 94-109, 122-134, 143-154, 167-184, 193-201, 213-223
[TEST backend:bbox] /home/cyrusleung/st-annotator/core/backend/sta/domain/label/spec/objclass/selections.py        114     70     30      1    33%   69, 78-87, 122-160, 169-183, 195-223, 226, 237-239, 248-256, 265-273
[TEST backend:bbox] /home/cyrusleung/st-annotator/core/backend/sta/domain/ops.py                                    18     14      6      0    17%   13-48
[TEST backend:bbox] /home/cyrusleung/st-annotator/core/backend/sta/domain/projects.py                              123     84     34      1    25%   37-43, 47-50, 70, 79-88, 130-148, 165-187, 202-214, 223-232, 242-265, 274-302, 312-327
[TEST backend:bbox] /home/cyrusleung/st-annotator/core/backend/sta/domain/querying.py                               54     26     16      0    40%   52, 57-61, 66, 71, 76-79, 84-87, 99-106, 121-131
[TEST backend:bbox] /home/cyrusleung/st-annotator/core/backend/sta/domain/source/__init__.py                         0      0      0      0   100%
[TEST backend:bbox] /home/cyrusleung/st-annotator/core/backend/sta/domain/source/data/__init__.py                    1      0      0      0   100%
[TEST backend:bbox] /home/cyrusleung/st-annotator/core/backend/sta/domain/source/data/base.py                      234    119     72     19    44%   70, 73, 95, 120-122, 150, 153-156, 225, 227, 229, 230->232, 233-234, 236-237, 239-240, 242-243, 245-246, 248-249, 251-252, 254-255, 277-294, 312-327, 340, 364-374, 384-414, 423-430, 445-467, 486-515, 524-528, 566, 596-616, 632-637, 653-658, 669, 691-699, 749, 754-755, 818-838, 858-875, 889
[TEST backend:bbox] /home/cyrusleung/st-annotator/core/backend/sta/domain/source/groups.py                          92     61     28      0    26%   30-33, 37-40, 48-59, 94-110, 129-147, 162-176, 185-193, 203-217, 226-233, 243-250
[TEST backend:bbox] /home/cyrusleung/st-annotator/core/backend/sta/domain/source/spec/__init__.py                    1      0      0      0   100%
[TEST backend:bbox] /home/cyrusleung/st-annotator/core/backend/sta/domain/source/spec/base.py                      174     95     50      8    39%   51-55, 61-65, 71-75, 112, 130, 140, 150-157, 200-211, 223-237, 247-256, 265-277, 287-288, 300, 303->306, 322-346, 361-376, 391-410, 425-435
[TEST backend:bbox] /home/cyrusleung/st-annotator/core/backend/sta/domain/tasks.py                                 304    193    126     16    30%   31-48, 76, 81-82, 88->96, 97, 101, 120, 127, 142-166, 171-188, 204-217, 224-227, 236-243, 254-289, 306-307, 314, 322-327, 344-345, 352, 360-363, 371-414, 418-420, 427-430, 437-440, 450, 497, 504-513, 529, 538-542, 582-593, 603-612, 621-633, 643-679, 688-708, 718-760
[TEST backend:bbox] /home/cyrusleung/st-annotator/core/backend/sta/domain/users.py                                 194    116     62      6    34%   57, 63-66, 93, 102-111, 124->128, 165-187, 205-221, 242-263, 282-298, 307-313, 323-386, 395-411, 421-442, 452-453, 479, 483, 506-525
[TEST backend:bbox] /home/cyrusleung/st-annotator/core/backend/sta/entrypoints.py                                   43      7      6      3    80%   17-18, 23-27, 46->55, 48, 87->92
[TEST backend:bbox] /home/cyrusleung/st-annotator/core/backend/sta/envs.py                                          36      0      0      0   100%
[TEST backend:bbox] /home/cyrusleung/st-annotator/core/backend/sta/filesystem.py                                     7      0      0      0   100%
[TEST backend:bbox] /home/cyrusleung/st-annotator/core/backend/sta/models/__init__.py                                0      0      0      0   100%
[TEST backend:bbox] /home/cyrusleung/st-annotator/core/backend/sta/models/account.py                                32      2      0      0    94%   46, 62
[TEST backend:bbox] /home/cyrusleung/st-annotator/core/backend/sta/models/base.py                                  214     15     12      3    91%   61, 81, 146-147, 393, 406-410, 613-615, 618-620, 623-625
[TEST backend:bbox] /home/cyrusleung/st-annotator/core/backend/sta/models/configs/__init__.py                        1      0      0      0   100%
[TEST backend:bbox] /home/cyrusleung/st-annotator/core/backend/sta/models/configs/project.py                        15      0      0      0   100%
[TEST backend:bbox] /home/cyrusleung/st-annotator/core/backend/sta/models/frame.py                                  59      2      0      0    97%   31, 74
[TEST backend:bbox] /home/cyrusleung/st-annotator/core/backend/sta/models/job.py                                    65      3      0      0    95%   93, 97, 146
[TEST backend:bbox] /home/cyrusleung/st-annotator/core/backend/sta/models/label/__init__.py                          0      0      0      0   100%
[TEST backend:bbox] /home/cyrusleung/st-annotator/core/backend/sta/models/label/data/__init__.py                     1      0      0      0   100%
[TEST backend:bbox] /home/cyrusleung/st-annotator/core/backend/sta/models/label/data/base.py                        54      3      0      0    94%   112-119, 128
[TEST backend:bbox] /home/cyrusleung/st-annotator/core/backend/sta/models/label/group.py                            25      1      0      0    96%   41
[TEST backend:bbox] /home/cyrusleung/st-annotator/core/backend/sta/models/label/repo.py                            145      5      0      0    97%   112, 116, 120, 131, 295
[TEST backend:bbox] /home/cyrusleung/st-annotator/core/backend/sta/models/label/spec/__init__.py                     2      0      0      0   100%
[TEST backend:bbox] /home/cyrusleung/st-annotator/core/backend/sta/models/label/spec/base.py                        58     13      0      0    78%   114-143, 159
[TEST backend:bbox] /home/cyrusleung/st-annotator/core/backend/sta/models/label/spec/objclass.py                   100      4      0      0    96%   59, 62-65
[TEST backend:bbox] /home/cyrusleung/st-annotator/core/backend/sta/models/project.py                                44      1      0      0    98%   79
[TEST backend:bbox] /home/cyrusleung/st-annotator/core/backend/sta/models/source/__init__.py                         0      0      0      0   100%
[TEST backend:bbox] /home/cyrusleung/st-annotator/core/backend/sta/models/source/data/__init__.py                    1      0      0      0   100%
[TEST backend:bbox] /home/cyrusleung/st-annotator/core/backend/sta/models/source/data/base.py                       64      1      0      0    98%   143
[TEST backend:bbox] /home/cyrusleung/st-annotator/core/backend/sta/models/source/group.py                           25      1      0      0    96%   41
[TEST backend:bbox] /home/cyrusleung/st-annotator/core/backend/sta/models/source/spec/__init__.py                    1      0      0      0   100%
[TEST backend:bbox] /home/cyrusleung/st-annotator/core/backend/sta/models/source/spec/base.py                       58      1      0      0    98%   158
[TEST backend:bbox] /home/cyrusleung/st-annotator/core/backend/sta/models/task.py                                   92      3      0      0    97%   118, 127, 147
[TEST backend:bbox] /home/cyrusleung/st-annotator/core/backend/sta/models/types/__init__.py                         15      2      0      0    87%   30-31
[TEST backend:bbox] /home/cyrusleung/st-annotator/core/backend/sta/models/types/name.py                             20      5      6      3    69%   18-19, 22, 25-26
[TEST backend:bbox] /home/cyrusleung/st-annotator/core/backend/sta/models/types/quality.py                           4      0      0      0   100%
[TEST backend:bbox] /home/cyrusleung/st-annotator/core/backend/sta/models/types/uri.py                              25      7      6      3    68%   19-20, 23, 26-27, 35-36
[TEST backend:bbox] /home/cyrusleung/st-annotator/core/backend/sta/models/user.py                                   96      7      8      4    89%   37-38, 41, 68-69, 72, 163
[TEST backend:bbox] /home/cyrusleung/st-annotator/core/backend/sta/plugin.py                                        13      0      4      0   100%
[TEST backend:bbox] /home/cyrusleung/st-annotator/core/backend/sta/porter/__init__.py                                0      0      0      0   100%
[TEST backend:bbox] /home/cyrusleung/st-annotator/core/backend/sta/porter/st_metadata.py                            97     29     20      7    64%   59-60, 63-64, 80-82, 89-99, 104-108, 117-118, 127, 136-140, 181-182
[TEST backend:bbox] /home/cyrusleung/st-annotator/core/backend/sta/session.py                                       52      3      8      3    90%   20, 30, 89->exit, 102
[TEST backend:bbox] /home/cyrusleung/st-annotator/core/backend/sta/testing/__init__.py                               0      0      0      0   100%
[TEST backend:bbox] /home/cyrusleung/st-annotator/core/backend/sta/testing/config.py                                26      1      2      1    93%   29
[TEST backend:bbox] /home/cyrusleung/st-annotator/core/backend/sta/testing/domain/__init__.py                        0      0      0      0   100%
[TEST backend:bbox] /home/cyrusleung/st-annotator/core/backend/sta/testing/domain/frames.py                         23     10      0      0    57%   21-37, 48-64
[TEST backend:bbox] /home/cyrusleung/st-annotator/core/backend/sta/testing/domain/label/__init__.py                  0      0      0      0   100%
[TEST backend:bbox] /home/cyrusleung/st-annotator/core/backend/sta/testing/domain/label/groups.py                   13      0      0      0   100%
[TEST backend:bbox] /home/cyrusleung/st-annotator/core/backend/sta/testing/domain/label/repo/__init__.py             0      0      0      0   100%
[TEST backend:bbox] /home/cyrusleung/st-annotator/core/backend/sta/testing/domain/label/repo/branches.py            21      0      0      0   100%
[TEST backend:bbox] /home/cyrusleung/st-annotator/core/backend/sta/testing/domain/label/spec/__init__.py             0      0      0      0   100%
[TEST backend:bbox] /home/cyrusleung/st-annotator/core/backend/sta/testing/domain/label/spec/objclass.py            16      0      0      0   100%
[TEST backend:bbox] /home/cyrusleung/st-annotator/core/backend/sta/testing/domain/projects.py                       20      5      0      0    75%   12-22
[TEST backend:bbox] /home/cyrusleung/st-annotator/core/backend/sta/testing/domain/source/__init__.py                 0      0      0      0   100%
[TEST backend:bbox] /home/cyrusleung/st-annotator/core/backend/sta/testing/domain/source/groups.py                  13      0      0      0   100%
[TEST backend:bbox] /home/cyrusleung/st-annotator/core/backend/sta/testing/domain/tasks.py                          28     10      0      0    64%   17-30, 39-53
[TEST backend:bbox] /home/cyrusleung/st-annotator/core/backend/sta/testing/domain/users.py                           6      0      0      0   100%
[TEST backend:bbox] /home/cyrusleung/st-annotator/core/backend/sta/testing/keys.py                                  13      2      0      0    85%   41-43
[TEST backend:bbox] /home/cyrusleung/st-annotator/core/backend/sta/testing/plugin_import.py                         56      8      2      1    84%   55, 76-84
[TEST backend:bbox] /home/cyrusleung/st-annotator/core/backend/sta/testing/pytest_fixtures.py                       13      0      0      0   100%
[TEST backend:bbox] /home/cyrusleung/st-annotator/core/backend/sta/testing/pytest_plugin.py                          3      3      0      0     0%   1-5
[TEST backend:bbox] /home/cyrusleung/st-annotator/core/backend/sta/testing/session.py                                7      0      0      0   100%
[TEST backend:bbox] sta_bbox/__init__.py                                                                             0      0      0      0   100%
[TEST backend:bbox] sta_bbox/api/__init__.py                                                                         0      0      0      0   100%
[TEST backend:bbox] sta_bbox/api/label/__init__.py                                                                   0      0      0      0   100%
[TEST backend:bbox] sta_bbox/api/label/data/__init__.py                                                              5      0      0      0   100%
[TEST backend:bbox] sta_bbox/api/label/data/element.py                                                              96      2      0      0    98%   296-298
[TEST backend:bbox] sta_bbox/api/label/data/entity.py                                                               48      6      0      0    88%   93-101, 208-218
[TEST backend:bbox] sta_bbox/domain/__init__.py                                                                      0      0      0      0   100%
[TEST backend:bbox] sta_bbox/domain/editor/__init__.py                                                               0      0      0      0   100%
[TEST backend:bbox] sta_bbox/domain/editor/loader.py                                                                57      2      6      1    95%   129-130
[TEST backend:bbox] sta_bbox/domain/label/__init__.py                                                                0      0      0      0   100%
[TEST backend:bbox] sta_bbox/domain/label/data/__init__.py                                                           4      0      0      0   100%
[TEST backend:bbox] sta_bbox/domain/label/repo/__init__.py                                                           0      0      0      0   100%
[TEST backend:bbox] sta_bbox/domain/label/repo/ops/__init__.py                                                       0      0      0      0   100%
[TEST backend:bbox] sta_bbox/domain/label/repo/ops/box/__init__.py                                                  34      0      2      0   100%
[TEST backend:bbox] sta_bbox/domain/label/repo/ops/box/assign_class.py                                              20      0      0      0   100%
[TEST backend:bbox] sta_bbox/domain/label/repo/ops/box/assign_distinctive_lv.py                                     20      0      0      0   100%
[TEST backend:bbox] sta_bbox/domain/label/repo/ops/box/assign_entity.py                                             20      0      0      0   100%
[TEST backend:bbox] sta_bbox/domain/label/repo/ops/box/assign_occlusion_lv.py                                       20      0      0      0   100%
[TEST backend:bbox] sta_bbox/domain/label/repo/ops/box/assign_type.py                                               20      0      0      0   100%
[TEST backend:bbox] sta_bbox/domain/label/repo/ops/box/create.py                                                    37      0      0      0   100%
[TEST backend:bbox] sta_bbox/domain/label/repo/ops/box/delete.py                                                    15      0      0      0   100%
[TEST backend:bbox] sta_bbox/domain/label/repo/ops/box/transform.py                                                 27      0      0      0   100%
[TEST backend:bbox] sta_bbox/domain/label/repo/ops/track/__init__.py                                                22      0      2      0   100%
[TEST backend:bbox] sta_bbox/domain/label/repo/ops/track/assign_class.py                                            20      0      0      0   100%
[TEST backend:bbox] sta_bbox/domain/label/repo/ops/track/assign_is_black.py                                         20      0      0      0   100%
[TEST backend:bbox] sta_bbox/domain/label/repo/ops/track/create.py                                                  19      0      0      0   100%
[TEST backend:bbox] sta_bbox/domain/label/repo/ops/track/delete.py                                                  15      0      0      0   100%
[TEST backend:bbox] sta_bbox/filesystem.py                                                                          43      0      2      0   100%
[TEST backend:bbox] sta_bbox/models/__init__.py                                                                      0      0      0      0   100%
[TEST backend:bbox] sta_bbox/models/label/__init__.py                                                                0      0      0      0   100%
[TEST backend:bbox] sta_bbox/models/label/data.py                                                                  190      6      0      0    97%   266-268, 271-273, 276-278
[TEST backend:bbox] sta_bbox/plugin.py                                                                             152     16     44      7    88%   74, 104-105, 115-116, 126-127, 254-259, 285-286, 297-298, 320, 331
[TEST backend:bbox] ----------------------------------------------------------------------------------------------------------------------------------------
[TEST backend:bbox] TOTAL                                                                                        10070   3834   1750    224    56%
[TEST backend:bbox] Coverage HTML written to dir coverage
[TEST backend:bbox] ================= 31 passed, 58 warnings in 124.72s (0:02:04) ==================
[TEST backend:pcd] ............................................                             [100%]sys:1: DeprecationWarning: builtin type swigvarlink has no __module__ attribute
[TEST backend:pcd] sys:1: DeprecationWarning: builtin type swigvarlink has no __module__ attribute
[TEST backend:pcd] 
[TEST backend:pcd] =============================== warnings summary ===============================
[TEST backend:pcd] ../../../.venv/lib/python3.11/site-packages/passlib/utils/__init__.py:854
[TEST backend:pcd] ../../../.venv/lib/python3.11/site-packages/passlib/utils/__init__.py:854
[TEST backend:pcd] ../../../.venv/lib/python3.11/site-packages/passlib/utils/__init__.py:854
[TEST backend:pcd]   /home/cyrusleung/st-annotator/.venv/lib/python3.11/site-packages/passlib/utils/__init__.py:854: DeprecationWarning: 'crypt' is deprecated and slated for removal in Python 3.13
[TEST backend:pcd]     from crypt import crypt as _crypt
[TEST backend:pcd] 
[TEST backend:pcd] ../../../.venv/lib/python3.11/site-packages/passlib/handlers/argon2.py:716
[TEST backend:pcd] ../../../.venv/lib/python3.11/site-packages/passlib/handlers/argon2.py:716
[TEST backend:pcd] ../../../.venv/lib/python3.11/site-packages/passlib/handlers/argon2.py:716
[TEST backend:pcd]   /home/cyrusleung/st-annotator/.venv/lib/python3.11/site-packages/passlib/handlers/argon2.py:716: DeprecationWarning: Accessing argon2.__version__ is deprecated and will be removed in a future release. Use importlib.metadata directly to query for argon2-cffi's packaging metadata.
[TEST backend:pcd]     _argon2_cffi.__version__, max_version)
[TEST backend:pcd] 
[TEST backend:pcd] ../../../core/backend/sta/testing/config.py:12
[TEST backend:pcd] ../../../core/backend/sta/testing/config.py:12
[TEST backend:pcd]   /home/cyrusleung/st-annotator/core/backend/sta/testing/config.py:12: PytestCollectionWarning: cannot collect test class 'TestApp' because it has a __init__ constructor (from: test/api/test_metadata_api.py)
[TEST backend:pcd]     @dataclass(frozen=True)
[TEST backend:pcd] 
[TEST backend:pcd] ../../../core/backend/sta/testing/config.py:12
[TEST backend:pcd] ../../../core/backend/sta/testing/config.py:12
[TEST backend:pcd]   /home/cyrusleung/st-annotator/core/backend/sta/testing/config.py:12: PytestCollectionWarning: cannot collect test class 'TestApp' because it has a __init__ constructor (from: test/api/test_spec_api.py)
[TEST backend:pcd]     @dataclass(frozen=True)
[TEST backend:pcd] 
[TEST backend:pcd] test/api/test_metadata_api.py::test_bulk_update_cannot_blank_a_required_column[scale_x]
[TEST backend:pcd] test/api/test_metadata_api.py::test_create_list_read_metadata
[TEST backend:pcd]   <frozen importlib._bootstrap>:241: DeprecationWarning: builtin type SwigPyPacked has no __module__ attribute
[TEST backend:pcd] 
[TEST backend:pcd] test/api/test_metadata_api.py::test_bulk_update_cannot_blank_a_required_column[scale_x]
[TEST backend:pcd] test/api/test_metadata_api.py::test_create_list_read_metadata
[TEST backend:pcd]   <frozen importlib._bootstrap>:241: DeprecationWarning: builtin type SwigPyObject has no __module__ attribute
[TEST backend:pcd] 
[TEST backend:pcd] test/api/test_metadata_api.py: 16 warnings
[TEST backend:pcd]   /home/cyrusleung/st-annotator/.venv/lib/python3.11/site-packages/sqlmodel/main.py:582: PydanticDeprecatedSince211: Annotation 'srid' is marked as final and has a default value. Pydantic treats 'srid' as a class variable, but it will be considered as a normal field in V3 to be aligned with dataclasses. If you still want 'srid' to be considered as a class variable, annotate it as: `ClassVar[<type>] = <default>.`. Deprecated in Pydantic V2.11 to be removed in V3.0.
[TEST backend:pcd]     "SQLModel", super().__new__(cls, name, bases, dict_used, **config_kwargs)
[TEST backend:pcd] 
[TEST backend:pcd] test/api/test_metadata_api.py: 16 warnings
[TEST backend:pcd]   /home/cyrusleung/st-annotator/.venv/lib/python3.11/site-packages/sqlmodel/main.py:582: PydanticDeprecatedSince211: Annotation 'output_dimension' is marked as final and has a default value. Pydantic treats 'output_dimension' as a class variable, but it will be considered as a normal field in V3 to be aligned with dataclasses. If you still want 'output_dimension' to be considered as a class variable, annotate it as: `ClassVar[<type>] = <default>.`. Deprecated in Pydantic V2.11 to be removed in V3.0.
[TEST backend:pcd]     "SQLModel", super().__new__(cls, name, bases, dict_used, **config_kwargs)
[TEST backend:pcd] 
[TEST backend:pcd] test/api/test_metadata_api.py: 16 warnings
[TEST backend:pcd]   /home/cyrusleung/st-annotator/.venv/lib/python3.11/site-packages/sqlmodel/main.py:582: PydanticDeprecatedSince211: Annotation 'include_z' is marked as final and has a default value. Pydantic treats 'include_z' as a class variable, but it will be considered as a normal field in V3 to be aligned with dataclasses. If you still want 'include_z' to be considered as a class variable, annotate it as: `ClassVar[<type>] = <default>.`. Deprecated in Pydantic V2.11 to be removed in V3.0.
[TEST backend:pcd]     "SQLModel", super().__new__(cls, name, bases, dict_used, **config_kwargs)
[TEST backend:pcd] 
[TEST backend:pcd] -- Docs: https://docs.pytest.org/en/stable/how-to/capture-warnings.html
[TEST backend:pcd] ================================ tests coverage ================================
[TEST backend:pcd] _______________ coverage: platform linux, python 3.11.4-final-0 ________________
[TEST backend:pcd] 
[TEST backend:pcd] Name                                                                                         Stmts   Miss Branch BrPart  Cover   Missing
[TEST backend:pcd] ----------------------------------------------------------------------------------------------------------------------------------------
[TEST backend:pcd] /home/cyrusleung/st-annotator/core/backend/sta/__init__.py                                       0      0      0      0   100%
[TEST backend:pcd] /home/cyrusleung/st-annotator/core/backend/sta/__main__.py                                       1      1      0      0     0%   3
[TEST backend:pcd] /home/cyrusleung/st-annotator/core/backend/sta/api/__init__.py                                   0      0      0      0   100%
[TEST backend:pcd] /home/cyrusleung/st-annotator/core/backend/sta/api/accounts.py                                  43     19      0      0    56%   37-46, 58-79, 92-101, 117, 133-143, 154-162
[TEST backend:pcd] /home/cyrusleung/st-annotator/core/backend/sta/api/auth.py                                     134     46     18      5    62%   56-60, 80-88, 106, 145, 181-189, 229, 232-238, 246, 267-279, 289-298, 303, 317-325
[TEST backend:pcd] /home/cyrusleung/st-annotator/core/backend/sta/api/body_limit.py                                58     21     16      5    62%   16-23, 35-46, 58-60, 62-63, 65-68, 75->79, 78, 83-84
[TEST backend:pcd] /home/cyrusleung/st-annotator/core/backend/sta/api/cors.py                                      27     13      8      0    40%   14-18, 23-30
[TEST backend:pcd] /home/cyrusleung/st-annotator/core/backend/sta/api/crud.py                                      21      0      0      0   100%
[TEST backend:pcd] /home/cyrusleung/st-annotator/core/backend/sta/api/editor.py                                   121     54     12      1    53%   61-67, 78-89, 100-117, 132-149, 167-173, 189-211, 216-219, 235-244, 262-271, 286, 300, 318-332, 342-352, 363-376, 393-402, 423
[TEST backend:pcd] /home/cyrusleung/st-annotator/core/backend/sta/api/files.py                                    148    108     44      0    21%   36-49, 56-70, 88-90, 93, 96-106, 110-146, 167-198, 207-229, 242-276
[TEST backend:pcd] /home/cyrusleung/st-annotator/core/backend/sta/api/frames.py                                    66     30      0      0    55%   32-41, 68-119, 143, 188-237, 248-256, 268-277, 287-295, 305, 321-331, 341-349
[TEST backend:pcd] /home/cyrusleung/st-annotator/core/backend/sta/api/jobs.py                                      18      0      0      0   100%
[TEST backend:pcd] /home/cyrusleung/st-annotator/core/backend/sta/api/label/__init__.py                            11      0      0      0   100%
[TEST backend:pcd] /home/cyrusleung/st-annotator/core/backend/sta/api/label/data/__init__.py                        2      0      0      0   100%
[TEST backend:pcd] /home/cyrusleung/st-annotator/core/backend/sta/api/label/groups.py                              39     13      0      0    67%   30-36, 54-87, 100-107, 117, 133-140, 150-156
[TEST backend:pcd] /home/cyrusleung/st-annotator/core/backend/sta/api/label/repo/__init__.py                       37     11      0      0    70%   37-47, 58-67, 81-95, 105
[TEST backend:pcd] /home/cyrusleung/st-annotator/core/backend/sta/api/label/repo/branches.py                       38     16      0      0    58%   30-39, 61-102, 112, 128-138, 148-156
[TEST backend:pcd] /home/cyrusleung/st-annotator/core/backend/sta/api/label/repo/commits.py                        20      5      0      0    75%   26-47, 58
[TEST backend:pcd] /home/cyrusleung/st-annotator/core/backend/sta/api/label/spec/__init__.py                        4      0      0      0   100%
[TEST backend:pcd] /home/cyrusleung/st-annotator/core/backend/sta/api/label/spec/objclass/__init__.py               5      0      0      0   100%
[TEST backend:pcd] /home/cyrusleung/st-annotator/core/backend/sta/api/label/spec/objclass/definitions.py           44     19      0      0    57%   29-38, 55-86, 99-108, 118, 134-144, 154-162
[TEST backend:pcd] /home/cyrusleung/st-annotator/core/backend/sta/api/label/spec/objclass/selections.py            44     19      0      0    57%   29-38, 56-89, 102-111, 121, 137-147, 157-165
[TEST backend:pcd] /home/cyrusleung/st-annotator/core/backend/sta/api/lifespan.py                                  15      0      4      1    95%   15->exit
[TEST backend:pcd] /home/cyrusleung/st-annotator/core/backend/sta/api/projects.py                                  45     19      0      0    58%   30-39, 58-93, 106-115, 125, 141-151, 161-169
[TEST backend:pcd] /home/cyrusleung/st-annotator/core/backend/sta/api/rate_limit.py                                64     22     22      5    57%   20-27, 72-75, 90, 93, 98, 114-120
[TEST backend:pcd] /home/cyrusleung/st-annotator/core/backend/sta/api/responses.py                                 15      0      0      0   100%
[TEST backend:pcd] /home/cyrusleung/st-annotator/core/backend/sta/api/root.py                                      94     46     38      0    36%   37, 41-50, 54-62, 66-109, 145-153
[TEST backend:pcd] /home/cyrusleung/st-annotator/core/backend/sta/api/source/__init__.py                           10      0      0      0   100%
[TEST backend:pcd] /home/cyrusleung/st-annotator/core/backend/sta/api/source/data/__init__.py                       2      0      0      0   100%
[TEST backend:pcd] /home/cyrusleung/st-annotator/core/backend/sta/api/source/groups.py                             39     13      0      0    67%   30-36, 54-87, 100-107, 117, 133-140, 150-156
[TEST backend:pcd] /home/cyrusleung/st-annotator/core/backend/sta/api/source/spec/__init__.py                       2      0      0      0   100%
[TEST backend:pcd] /home/cyrusleung/st-annotator/core/backend/sta/api/tasks.py                                     45     19      0      0    58%   30-39, 52-75, 97-106, 116, 132-142, 152-160
[TEST backend:pcd] /home/cyrusleung/st-annotator/core/backend/sta/api/users.py                                     60     24      0      0    60%   32-41, 63-104, 123, 155-177, 190-199, 209, 225-235, 245-253
[TEST backend:pcd] /home/cyrusleung/st-annotator/core/backend/sta/benchmarks/__init__.py                            0      0      0      0   100%
[TEST backend:pcd] /home/cyrusleung/st-annotator/core/backend/sta/benchmarks/database_utils.py                     28     12      2      0    53%   15-18, 23-28, 35-42, 58
[TEST backend:pcd] /home/cyrusleung/st-annotator/core/backend/sta/benchmarks/perf_label_queries.py                533    344     82      0    31%   123, 139, 143, 147, 160, 186, 214, 242, 263, 271, 279, 335-365, 380-405, 429-453, 477-510, 526-552, 577-601, 623-624, 628-662, 683-716, 737-742, 752-768, 777-795, 802-808, 814, 823-865, 874-917, 921-931, 943-950, 965-1009, 1021-1037, 1053-1230, 1250-1286, 1307-1340, 1362-1372, 1408-1600
[TEST backend:pcd] /home/cyrusleung/st-annotator/core/backend/sta/benchmarks/plot_utils.py                        234    234     48      0     0%   1-543
[TEST backend:pcd] /home/cyrusleung/st-annotator/core/backend/sta/cli/__init__.py                                  35     12      2      0    62%   34-41, 44-45, 48-49, 52-53, 59
[TEST backend:pcd] /home/cyrusleung/st-annotator/core/backend/sta/cli/base.py                                       5      0      0      0   100%
[TEST backend:pcd] /home/cyrusleung/st-annotator/core/backend/sta/cli/bench.py                                     26      1      0      0    96%   120
[TEST backend:pcd] /home/cyrusleung/st-annotator/core/backend/sta/cli/init.py                                      29     19      4      0    30%   23-50
[TEST backend:pcd] /home/cyrusleung/st-annotator/core/backend/sta/cli/plugin.py                                    11      3      2      0    62%   19-22
[TEST backend:pcd] /home/cyrusleung/st-annotator/core/backend/sta/cli/porter.py                                    76     12      0      0    84%   183-197, 232-245
[TEST backend:pcd] /home/cyrusleung/st-annotator/core/backend/sta/cli/prompts.py                                   87     69      6      0    19%   20-34, 41-70, 77-106, 114-144, 151-152
[TEST backend:pcd] /home/cyrusleung/st-annotator/core/backend/sta/cli/serve.py                                     91     50     12      0    40%   34-40, 53-60, 64-75, 84-85, 158-219
[TEST backend:pcd] /home/cyrusleung/st-annotator/core/backend/sta/common/__init__.py                                0      0      0      0   100%
[TEST backend:pcd] /home/cyrusleung/st-annotator/core/backend/sta/common/database/__init__.py                       2      0      0      0   100%
[TEST backend:pcd] /home/cyrusleung/st-annotator/core/backend/sta/common/database/config.py                       159     48     18      5    66%   82-85, 98-101, 108-109, 114-116, 121, 124, 135, 147-148, 152-153, 170, 173-183, 188, 192, 196, 199, 206, 218-226, 229, 279->282, 283-284, 295, 365->368, 375-379, 396->399, 435-436
[TEST backend:pcd] /home/cyrusleung/st-annotator/core/backend/sta/common/database/execution.py                     17      0      2      1    95%   46->49
[TEST backend:pcd] /home/cyrusleung/st-annotator/core/backend/sta/common/database/types.py                        113     28     32      8    68%   45-46, 60-61, 69-70, 94, 97, 100-101, 107, 116, 133, 157, 160-168, 171-177, 198-199
[TEST backend:pcd] /home/cyrusleung/st-annotator/core/backend/sta/common/filesystem/__init__.py                     4      0      0      0   100%
[TEST backend:pcd] /home/cyrusleung/st-annotator/core/backend/sta/common/filesystem/base.py                        34      9      8      4    69%   19-21, 42-43, 46-47, 52-54, 62
[TEST backend:pcd] /home/cyrusleung/st-annotator/core/backend/sta/common/filesystem/config.py                      33      5      6      2    77%   24->27, 28-29, 47-49
[TEST backend:pcd] /home/cyrusleung/st-annotator/core/backend/sta/common/filesystem/io/__init__.py                  6      0      0      0   100%
[TEST backend:pcd] /home/cyrusleung/st-annotator/core/backend/sta/common/filesystem/io/base.py                     47      0      6      0   100%
[TEST backend:pcd] /home/cyrusleung/st-annotator/core/backend/sta/common/filesystem/io/csv.py                      22      8      2      0    58%   17, 27-32, 37-38
[TEST backend:pcd] /home/cyrusleung/st-annotator/core/backend/sta/common/filesystem/io/json.py                     18      5      0      0    72%   15, 19-20, 24-25
[TEST backend:pcd] /home/cyrusleung/st-annotator/core/backend/sta/common/filesystem/io/numpy.py                    23      2      2      1    88%   24-25
[TEST backend:pcd] /home/cyrusleung/st-annotator/core/backend/sta/common/filesystem/io/yaml.py                     18      5      0      0    72%   15, 19-20, 24-25
[TEST backend:pcd] /home/cyrusleung/st-annotator/core/backend/sta/common/filesystem/path.py                       110     35     14      2    64%   40, 44, 48, 52, 56, 64, 68, 71, 74-78, 81, 84, 87, 90, 93-97, 103, 111, 123-124, 127-128, 137-138, 143, 157-161, 166
[TEST backend:pcd] /home/cyrusleung/st-annotator/core/backend/sta/common/logging/__init__.py                        1      0      0      0   100%
[TEST backend:pcd] /home/cyrusleung/st-annotator/core/backend/sta/common/logging/logger.py                         15      0      2      0   100%
[TEST backend:pcd] /home/cyrusleung/st-annotator/core/backend/sta/common/perf.py                                   27     15      4      0    39%   15-17, 21, 24-28, 55-60
[TEST backend:pcd] /home/cyrusleung/st-annotator/core/backend/sta/common/spatial/__init__.py                        4      0      0      0   100%
[TEST backend:pcd] /home/cyrusleung/st-annotator/core/backend/sta/common/spatial/boundaries.py                    105     62     38      1    34%   33-34, 66-72, 79-95, 107, 114, 127-132, 136-141, 148-172, 179-203
[TEST backend:pcd] /home/cyrusleung/st-annotator/core/backend/sta/common/spatial/transform.py                      61      8     10      0    83%   94-100, 103-106
[TEST backend:pcd] /home/cyrusleung/st-annotator/core/backend/sta/common/spatial/units.py                          21      6      2      1    70%   15-16, 19, 23-25
[TEST backend:pcd] /home/cyrusleung/st-annotator/core/backend/sta/common/spatial/vectors.py                       244    112     42      1    48%   30-40, 44-50, 69, 81-84, 102, 105, 113, 133, 137-145, 157, 164-167, 170-171, 174-175, 178-179, 182-183, 186-187, 190-191, 194-195, 198-199, 202-203, 206-207, 210-213, 216-219, 226, 229, 243, 246, 250-251, 254, 263, 267, 292-293, 305, 325-328, 333-334, 339-340, 345-346, 351-352, 357-358, 363-364, 369-370, 375-376, 381-382, 387-388, 391-397, 400-403, 410, 413, 423, 437, 465, 478, 491
[TEST backend:pcd] /home/cyrusleung/st-annotator/core/backend/sta/common/testing/__init__.py                        2      2      0      0     0%   3-4
[TEST backend:pcd] /home/cyrusleung/st-annotator/core/backend/sta/common/testing/database/__init__.py               2      2      0      0     0%   1-2
[TEST backend:pcd] /home/cyrusleung/st-annotator/core/backend/sta/common/testing/database/strategies.py            71     71     32      0     0%   1-262
[TEST backend:pcd] /home/cyrusleung/st-annotator/core/backend/sta/common/testing/database/tests.py                  3      3      0      0     0%   1-5
[TEST backend:pcd] /home/cyrusleung/st-annotator/core/backend/sta/common/testing/strategies.py                    191    191     58      0     0%   1-515
[TEST backend:pcd] /home/cyrusleung/st-annotator/core/backend/sta/common/testing/tests.py                          42     42      6      0     0%   1-86
[TEST backend:pcd] /home/cyrusleung/st-annotator/core/backend/sta/common/utils/__init__.py                          0      0      0      0   100%
[TEST backend:pcd] /home/cyrusleung/st-annotator/core/backend/sta/common/utils/collections.py                      34     34      6      0     0%   1-73
[TEST backend:pcd] /home/cyrusleung/st-annotator/core/backend/sta/common/utils/datetime.py                         13     13      2      0     0%   1-47
[TEST backend:pcd] /home/cyrusleung/st-annotator/core/backend/sta/common/utils/env_path.py                         14      2      6      2    80%   35, 41
[TEST backend:pcd] /home/cyrusleung/st-annotator/core/backend/sta/common/utils/func.py                             46     46     10      0     0%   1-93
[TEST backend:pcd] /home/cyrusleung/st-annotator/core/backend/sta/common/utils/json.py                             96     55     54      5    33%   34-46, 58-65, 106-117, 121, 123, 128-132, 135-136, 139-143, 146-157
[TEST backend:pcd] /home/cyrusleung/st-annotator/core/backend/sta/common/utils/registry.py                         40      5      4      2    84%   28-29, 36-37, 42
[TEST backend:pcd] /home/cyrusleung/st-annotator/core/backend/sta/config.py                                        70     30     12      3    52%   40-61, 72-78, 81, 106-107, 122-123, 135-136
[TEST backend:pcd] /home/cyrusleung/st-annotator/core/backend/sta/domain/__init__.py                                0      0      0      0   100%
[TEST backend:pcd] /home/cyrusleung/st-annotator/core/backend/sta/domain/accounts.py                               79     59     22      0    20%   26-29, 33-36, 45-57, 68-81, 90-96, 105-111, 120-126, 136-168, 177-184, 194-203
[TEST backend:pcd] /home/cyrusleung/st-annotator/core/backend/sta/domain/auth.py                                  135     32     28     12    72%   64, 77, 83, 88-90, 106-110, 115-116, 138, 142-144, 160-168, 217->220, 238-239, 244, 248-249, 262, 271-272, 276, 295, 307, 316-317, 320
[TEST backend:pcd] /home/cyrusleung/st-annotator/core/backend/sta/domain/editor/__init__.py                         0      0      0      0   100%
[TEST backend:pcd] /home/cyrusleung/st-annotator/core/backend/sta/domain/editor/loader.py                          25      4      4      1    83%   26-29
[TEST backend:pcd] /home/cyrusleung/st-annotator/core/backend/sta/domain/frames.py                                203    130     62      8    32%   45-48, 56-59, 73-83, 95, 102, 116->128, 123, 129-135, 165, 173, 178, 197-199, 241, 276-317, 344-368, 391-412, 435-455, 478-506, 532-554, 576-594, 603-611, 621-642, 651-658, 667-685, 695-715, 724-729
[TEST backend:pcd] /home/cyrusleung/st-annotator/core/backend/sta/domain/jobs/__init__.py                           1      0      0      0   100%
[TEST backend:pcd] /home/cyrusleung/st-annotator/core/backend/sta/domain/jobs/base.py                             133     22     32     11    80%   72, 101, 105-106, 130-131, 153->164, 215, 241, 247-253, 257-259, 265-269, 298->307, 335, 338, 408, 412-415
[TEST backend:pcd] /home/cyrusleung/st-annotator/core/backend/sta/domain/jobs/worker.py                            60     35      8      1    38%   48-62, 72-73, 77-87, 102-125
[TEST backend:pcd] /home/cyrusleung/st-annotator/core/backend/sta/domain/label/__init__.py                          0      0      0      0   100%
[TEST backend:pcd] /home/cyrusleung/st-annotator/core/backend/sta/domain/label/data/__init__.py                     1      0      0      0   100%
[TEST backend:pcd] /home/cyrusleung/st-annotator/core/backend/sta/domain/label/data/base.py                       354    258    104      0    21%   47-51, 69, 96-99, 102-105, 116-134, 137, 154-191, 203-204, 217-226, 236-250, 260-264, 286-289, 309-323, 343-368, 381-398, 408-426, 441-454, 466-478, 491-514, 527-546, 559-566, 580-615, 628-659, 673-690, 707-742, 754-787, 798-821, 869-883, 891-912, 934-972, 996-1018, 1039-1060, 1077, 1107-1117, 1133-1136, 1159-1181, 1204-1231
[TEST backend:pcd] /home/cyrusleung/st-annotator/core/backend/sta/domain/label/groups.py                           91     59     26      0    27%   31-34, 38-41, 49-60, 94-109, 127-143, 157-170, 179-187, 197-211, 220-227, 237-244
[TEST backend:pcd] /home/cyrusleung/st-annotator/core/backend/sta/domain/label/repo/__init__.py                     0      0      0      0   100%
[TEST backend:pcd] /home/cyrusleung/st-annotator/core/backend/sta/domain/label/repo/branches.py                   126     84     46      3    26%   44-53, 61-73, 96-118, 131-137, 153, 162-170, 218-238, 257-275, 285-295, 305-335, 344-359
[TEST backend:pcd] /home/cyrusleung/st-annotator/core/backend/sta/domain/label/repo/commits.py                     70     40     20      1    34%   26-29, 37-40, 59, 67-79, 108-116, 127-147, 156-164, 174-184, 205-231
[TEST backend:pcd] /home/cyrusleung/st-annotator/core/backend/sta/domain/label/repo/graph.py                      181    119     52      3    29%   35-53, 62-98, 119, 145-162, 184-185, 208, 271-334, 381-455, 467-481, 491-505, 529, 559-569, 594-615
[TEST backend:pcd] /home/cyrusleung/st-annotator/core/backend/sta/domain/label/repo/ops/__init__.py                 7      0      0      0   100%
[TEST backend:pcd] /home/cyrusleung/st-annotator/core/backend/sta/domain/label/repo/ops/base/__init__.py            4      0      0      0   100%
[TEST backend:pcd] /home/cyrusleung/st-annotator/core/backend/sta/domain/label/repo/ops/base/create.py             16      2      0      0    88%   38-44
[TEST backend:pcd] /home/cyrusleung/st-annotator/core/backend/sta/domain/label/repo/ops/base/delete.py             15      2      0      0    87%   36-44
[TEST backend:pcd] /home/cyrusleung/st-annotator/core/backend/sta/domain/label/repo/ops/base/operation.py          26      0      0      0   100%
[TEST backend:pcd] /home/cyrusleung/st-annotator/core/backend/sta/domain/label/repo/ops/base/update.py             18      3      0      0    83%   44-55
[TEST backend:pcd] /home/cyrusleung/st-annotator/core/backend/sta/domain/label/repo/ops/registry.py                54     13      4      2    74%   19, 24, 41, 50, 53, 56, 61-62, 65->71, 68-69, 73-74, 86
[TEST backend:pcd] /home/cyrusleung/st-annotator/core/backend/sta/domain/label/repo/ops/special/__init__.py        15      0      0      0   100%
[TEST backend:pcd] /home/cyrusleung/st-annotator/core/backend/sta/domain/label/repo/ops/special/checkpoint.py      15      2      2      0    76%   29-30
[TEST backend:pcd] /home/cyrusleung/st-annotator/core/backend/sta/domain/label/repo/ops/special/import_.py         21      2      0      0    90%   29, 41
[TEST backend:pcd] /home/cyrusleung/st-annotator/core/backend/sta/domain/label/repo/ops/special/init_.py           13      0      0      0   100%
[TEST backend:pcd] /home/cyrusleung/st-annotator/core/backend/sta/domain/label/repo/placeholder.py                 81     49     16      0    33%   31-38, 47, 51, 56-59, 63, 66-69, 72-75, 88-90, 94, 98, 102, 105-109, 112-113, 116-153, 156-160, 163
[TEST backend:pcd] /home/cyrusleung/st-annotator/core/backend/sta/domain/label/spec/__init__.py                     1      0      0      0   100%
[TEST backend:pcd] /home/cyrusleung/st-annotator/core/backend/sta/domain/label/spec/base.py                       174    129     52      0    20%   52-56, 59-66, 69-76, 83-84, 98, 106-116, 130-142, 152-161, 170-185, 188-190, 211-228, 246-265, 279-292, 301-313, 322-342, 352-376, 385-398, 408-425
[TEST backend:pcd] /home/cyrusleung/st-annotator/core/backend/sta/domain/label/spec/objclass/__init__.py            3      0      0      0   100%
[TEST backend:pcd] /home/cyrusleung/st-annotator/core/backend/sta/domain/label/spec/objclass/definitions.py        78     58     20      0    20%   26, 30, 39-46, 63-77, 94-109, 122-134, 143-154, 167-184, 193-201, 213-223
[TEST backend:pcd] /home/cyrusleung/st-annotator/core/backend/sta/domain/label/spec/objclass/selections.py        114     89     30      0    17%   34, 45-49, 61-71, 78-87, 96-112, 122-160, 169-183, 195-223, 226, 237-239, 248-256, 265-273
[TEST backend:pcd] /home/cyrusleung/st-annotator/core/backend/sta/domain/ops.py                                    18      7      6      2    54%   14, 34-48
[TEST backend:pcd] /home/cyrusleung/st-annotator/core/backend/sta/domain/projects.py                              123     84     34      1    25%   37-43, 47-50, 70, 79-88, 130-148, 165-187, 202-214, 223-232, 242-265, 274-302, 312-327
[TEST backend:pcd] /home/cyrusleung/st-annotator/core/backend/sta/domain/querying.py                               54     19     16      1    54%   57-61, 71, 76-79, 99-106, 124-131
[TEST backend:pcd] /home/cyrusleung/st-annotator/core/backend/sta/domain/source/__init__.py                         0      0      0      0   100%
[TEST backend:pcd] /home/cyrusleung/st-annotator/core/backend/sta/domain/source/data/__init__.py                    1      0      0      0   100%
[TEST backend:pcd] /home/cyrusleung/st-annotator/core/backend/sta/domain/source/data/base.py                      234     39     72     23    78%   150, 153-156, 225, 227, 229, 230->232, 236-237, 239-240, 242-243, 245-246, 248-249, 251-252, 254-255, 277-294, 312-327, 340, 368, 386, 425, 446, 500->515, 509->515, 566, 597, 632-637, 654, 697, 749
[TEST backend:pcd] /home/cyrusleung/st-annotator/core/backend/sta/domain/source/groups.py                          92     61     28      0    26%   30-33, 37-40, 48-59, 94-110, 129-147, 162-176, 185-193, 203-217, 226-233, 243-250
[TEST backend:pcd] /home/cyrusleung/st-annotator/core/backend/sta/domain/source/spec/__init__.py                    1      0      0      0   100%
[TEST backend:pcd] /home/cyrusleung/st-annotator/core/backend/sta/domain/source/spec/base.py                      174     28     50     15    77%   51-55, 61-65, 71-75, 130, 140, 227, 231, 235, 269, 287-288, 300, 324, 334, 363, 397-403, 406->410
[TEST backend:pcd] /home/cyrusleung/st-annotator/core/backend/sta/domain/tasks.py                                 304    208    126     10    25%   31-48, 75-115, 119-122, 127, 142-166, 171-188, 204-217, 224-227, 236-243, 254-289, 306-307, 314, 322-327, 344-345, 352, 360-363, 371-414, 418-420, 427-430, 437-440, 450, 497, 504-513, 529, 538-542, 582-593, 603-612, 621-633, 643-679, 688-708, 718-760
[TEST backend:pcd] /home/cyrusleung/st-annotator/core/backend/sta/domain/users.py                                 194    131     62      5    27%   57, 63-66, 70, 93, 102-111, 120-142, 165-187, 205-221, 242-263, 282-298, 307-313, 323-386, 395-411, 421-442, 452-453, 479, 483, 506-525
[TEST backend:pcd] /home/cyrusleung/st-annotator/core/backend/sta/entrypoints.py                                   43      7      6      3    80%   17-18, 23-27, 46->55, 48, 87->92
[TEST backend:pcd] /home/cyrusleung/st-annotator/core/backend/sta/envs.py                                          36      0      0      0   100%
[TEST backend:pcd] /home/cyrusleung/st-annotator/core/backend/sta/filesystem.py                                     7      0      0      0   100%
[TEST backend:pcd] /home/cyrusleung/st-annotator/core/backend/sta/models/__init__.py                                0      0      0      0   100%
[TEST backend:pcd] /home/cyrusleung/st-annotator/core/backend/sta/models/account.py                                32      2      0      0    94%   46, 62
[TEST backend:pcd] /home/cyrusleung/st-annotator/core/backend/sta/models/base.py                                  214     15     12      2    92%   61, 81, 374, 385, 393, 406-410, 613-615, 618-620, 623-625
[TEST backend:pcd] /home/cyrusleung/st-annotator/core/backend/sta/models/configs/__init__.py                        1      0      0      0   100%
[TEST backend:pcd] /home/cyrusleung/st-annotator/core/backend/sta/models/configs/project.py                        15      0      0      0   100%
[TEST backend:pcd] /home/cyrusleung/st-annotator/core/backend/sta/models/frame.py                                  59      2      0      0    97%   31, 74
[TEST backend:pcd] /home/cyrusleung/st-annotator/core/backend/sta/models/job.py                                    65      3      0      0    95%   93, 97, 146
[TEST backend:pcd] /home/cyrusleung/st-annotator/core/backend/sta/models/label/__init__.py                          0      0      0      0   100%
[TEST backend:pcd] /home/cyrusleung/st-annotator/core/backend/sta/models/label/data/__init__.py                     1      0      0      0   100%
[TEST backend:pcd] /home/cyrusleung/st-annotator/core/backend/sta/models/label/data/base.py                        54      3      0      0    94%   112-119, 128
[TEST backend:pcd] /home/cyrusleung/st-annotator/core/backend/sta/models/label/group.py                            25      1      0      0    96%   41
[TEST backend:pcd] /home/cyrusleung/st-annotator/core/backend/sta/models/label/repo.py                            145      5      0      0    97%   112, 116, 120, 131, 295
[TEST backend:pcd] /home/cyrusleung/st-annotator/core/backend/sta/models/label/spec/__init__.py                     2      0      0      0   100%
[TEST backend:pcd] /home/cyrusleung/st-annotator/core/backend/sta/models/label/spec/base.py                        58     13      0      0    78%   114-143, 159
[TEST backend:pcd] /home/cyrusleung/st-annotator/core/backend/sta/models/label/spec/objclass.py                   100      7      0      0    93%   59, 62-65, 163, 167, 174
[TEST backend:pcd] /home/cyrusleung/st-annotator/core/backend/sta/models/project.py                                44      1      0      0    98%   79
[TEST backend:pcd] /home/cyrusleung/st-annotator/core/backend/sta/models/source/__init__.py                         0      0      0      0   100%
[TEST backend:pcd] /home/cyrusleung/st-annotator/core/backend/sta/models/source/data/__init__.py                    1      0      0      0   100%
[TEST backend:pcd] /home/cyrusleung/st-annotator/core/backend/sta/models/source/data/base.py                       64      1      0      0    98%   143
[TEST backend:pcd] /home/cyrusleung/st-annotator/core/backend/sta/models/source/group.py                           25      1      0      0    96%   41
[TEST backend:pcd] /home/cyrusleung/st-annotator/core/backend/sta/models/source/spec/__init__.py                    1      0      0      0   100%
[TEST backend:pcd] /home/cyrusleung/st-annotator/core/backend/sta/models/source/spec/base.py                       58      1      0      0    98%   158
[TEST backend:pcd] /home/cyrusleung/st-annotator/core/backend/sta/models/task.py                                   92      3      0      0    97%   118, 127, 147
[TEST backend:pcd] /home/cyrusleung/st-annotator/core/backend/sta/models/types/__init__.py                         15      2      0      0    87%   30-31
[TEST backend:pcd] /home/cyrusleung/st-annotator/core/backend/sta/models/types/name.py                             20      5      6      3    69%   18-19, 22, 25-26
[TEST backend:pcd] /home/cyrusleung/st-annotator/core/backend/sta/models/types/quality.py                           4      0      0      0   100%
[TEST backend:pcd] /home/cyrusleung/st-annotator/core/backend/sta/models/types/uri.py                              25      7      6      3    68%   19-20, 23, 26-27, 35-36
[TEST backend:pcd] /home/cyrusleung/st-annotator/core/backend/sta/models/user.py                                   96     10      8      2    85%   37-38, 41, 67-74, 163
[TEST backend:pcd] /home/cyrusleung/st-annotator/core/backend/sta/plugin.py                                        13      0      4      0   100%
[TEST backend:pcd] /home/cyrusleung/st-annotator/core/backend/sta/porter/__init__.py                                0      0      0      0   100%
[TEST backend:pcd] /home/cyrusleung/st-annotator/core/backend/sta/porter/st_metadata.py                            97     29     20      7    64%   59-60, 63-64, 80-82, 89-99, 104-108, 117-118, 127, 136-140, 181-182
[TEST backend:pcd] /home/cyrusleung/st-annotator/core/backend/sta/session.py                                       52      3      8      3    90%   20, 30, 89->exit, 102
[TEST backend:pcd] /home/cyrusleung/st-annotator/core/backend/sta/testing/__init__.py                               0      0      0      0   100%
[TEST backend:pcd] /home/cyrusleung/st-annotator/core/backend/sta/testing/config.py                                26      1      2      1    93%   29
[TEST backend:pcd] /home/cyrusleung/st-annotator/core/backend/sta/testing/domain/__init__.py                        0      0      0      0   100%
[TEST backend:pcd] /home/cyrusleung/st-annotator/core/backend/sta/testing/domain/frames.py                         23      5      0      0    78%   48-64
[TEST backend:pcd] /home/cyrusleung/st-annotator/core/backend/sta/testing/domain/label/__init__.py                  0      0      0      0   100%
[TEST backend:pcd] /home/cyrusleung/st-annotator/core/backend/sta/testing/domain/label/groups.py                   13      0      0      0   100%
[TEST backend:pcd] /home/cyrusleung/st-annotator/core/backend/sta/testing/domain/label/repo/__init__.py             0      0      0      0   100%
[TEST backend:pcd] /home/cyrusleung/st-annotator/core/backend/sta/testing/domain/label/repo/branches.py            21      0      0      0   100%
[TEST backend:pcd] /home/cyrusleung/st-annotator/core/backend/sta/testing/domain/label/spec/__init__.py             0      0      0      0   100%
[TEST backend:pcd] /home/cyrusleung/st-annotator/core/backend/sta/testing/domain/label/spec/objclass.py            16      7      0      0    56%   25-46
[TEST backend:pcd] /home/cyrusleung/st-annotator/core/backend/sta/testing/domain/projects.py                       20      5      0      0    75%   12-22
[TEST backend:pcd] /home/cyrusleung/st-annotator/core/backend/sta/testing/domain/source/__init__.py                 0      0      0      0   100%
[TEST backend:pcd] /home/cyrusleung/st-annotator/core/backend/sta/testing/domain/source/groups.py                  13      0      0      0   100%
[TEST backend:pcd] /home/cyrusleung/st-annotator/core/backend/sta/testing/domain/tasks.py                          28     10      0      0    64%   17-30, 39-53
[TEST backend:pcd] /home/cyrusleung/st-annotator/core/backend/sta/testing/domain/users.py                           6      0      0      0   100%
[TEST backend:pcd] /home/cyrusleung/st-annotator/core/backend/sta/testing/keys.py                                  13      2      0      0    85%   41-43
[TEST backend:pcd] /home/cyrusleung/st-annotator/core/backend/sta/testing/plugin_import.py                         56      8      2      1    84%   55, 96-104
[TEST backend:pcd] /home/cyrusleung/st-annotator/core/backend/sta/testing/pytest_fixtures.py                       13      0      0      0   100%
[TEST backend:pcd] /home/cyrusleung/st-annotator/core/backend/sta/testing/pytest_plugin.py                          3      3      0      0     0%   1-5
[TEST backend:pcd] /home/cyrusleung/st-annotator/core/backend/sta/testing/session.py                                7      0      0      0   100%
[TEST backend:pcd] sta_pcd/__init__.py                                                                              0      0      0      0   100%
[TEST backend:pcd] sta_pcd/api/__init__.py                                                                          0      0      0      0   100%
[TEST backend:pcd] sta_pcd/api/source/__init__.py                                                                   0      0      0      0   100%
[TEST backend:pcd] sta_pcd/api/source/data/__init__.py                                                              4      0      0      0   100%
[TEST backend:pcd] sta_pcd/api/source/data/metadata.py                                                             51      0      0      0   100%
[TEST backend:pcd] sta_pcd/api/source/spec/__init__.py                                                              4      0      0      0   100%
[TEST backend:pcd] sta_pcd/api/source/spec/specs.py                                                                49      0      0      0   100%
[TEST backend:pcd] sta_pcd/domain/__init__.py                                                                       0      0      0      0   100%
[TEST backend:pcd] sta_pcd/domain/editor/__init__.py                                                                0      0      0      0   100%
[TEST backend:pcd] sta_pcd/domain/editor/loader.py                                                                 57      2     16      1    96%   97-98
[TEST backend:pcd] sta_pcd/domain/source/__init__.py                                                                0      0      0      0   100%
[TEST backend:pcd] sta_pcd/domain/source/data/__init__.py                                                           2      0      0      0   100%
[TEST backend:pcd] sta_pcd/domain/source/data/base.py                                                              67      1     14      1    98%   216
[TEST backend:pcd] sta_pcd/domain/source/data/data.py                                                              80      1     24      1    98%   181
[TEST backend:pcd] sta_pcd/domain/source/spec/__init__.py                                                           2      0      0      0   100%
[TEST backend:pcd] sta_pcd/domain/source/spec/base.py                                                              53      0      8      0   100%
[TEST backend:pcd] sta_pcd/filesystem/__init__.py                                                                   2      0      0      0   100%
[TEST backend:pcd] sta_pcd/filesystem/data/__init__.py                                                              2      0      0      0   100%
[TEST backend:pcd] sta_pcd/filesystem/data/pcd.py                                                                  95      1     12      0    99%   85
[TEST backend:pcd] sta_pcd/filesystem/data/polygon.py                                                              24      3      0      0    88%   18, 31, 44
[TEST backend:pcd] sta_pcd/filesystem/io/__init__.py                                                                2      0      0      0   100%
[TEST backend:pcd] sta_pcd/filesystem/io/pcd.py                                                                   106      6     32      3    93%   63-64, 102-103, 107-108
[TEST backend:pcd] sta_pcd/filesystem/io/polygon.py                                                                23      0      0      0   100%
[TEST backend:pcd] sta_pcd/models/__init__.py                                                                       0      0      0      0   100%
[TEST backend:pcd] sta_pcd/models/configs/__init__.py                                                               1      0      0      0   100%
[TEST backend:pcd] sta_pcd/models/configs/pcd.py                                                                   34      0      0      0   100%
[TEST backend:pcd] sta_pcd/models/source/__init__.py                                                                0      0      0      0   100%
[TEST backend:pcd] sta_pcd/models/source/data.py                                                                   21      0      0      0   100%
[TEST backend:pcd] sta_pcd/models/source/spec.py                                                                   22      0      0      0   100%
[TEST backend:pcd] sta_pcd/ops/__init__.py                                                                          3      0      0      0   100%
[TEST backend:pcd] sta_pcd/ops/models.py                                                                           11      0      2      0   100%
[TEST backend:pcd] sta_pcd/ops/operation.py                                                                        28      0      0      0   100%
[TEST backend:pcd] sta_pcd/ops/points_in_polygon.py                                                                10      0      2      0   100%
[TEST backend:pcd] sta_pcd/ops/preprocessing/__init__.py                                                           29      0      4      0   100%
[TEST backend:pcd] sta_pcd/ops/preprocessing/crop.py                                                               67      0      2      0   100%
[TEST backend:pcd] sta_pcd/ops/preprocessing/denoise.py                                                            18      0      0      0   100%
[TEST backend:pcd] sta_pcd/ops/preprocessing/downsample.py                                                         16      0      0      0   100%
[TEST backend:pcd] sta_pcd/ops/preprocessing/remove_bg.py                                                          52      2      8      0    97%   33, 36
[TEST backend:pcd] sta_pcd/ops/preprocessing/transform.py                                                          34      0      0      0   100%
[TEST backend:pcd] sta_pcd/ops/registry.py                                                                         51      0      2      0   100%
[TEST backend:pcd] sta_pcd/plugin.py                                                                               77      5      8      2    92%   47-48, 81, 178-179
[TEST backend:pcd] ----------------------------------------------------------------------------------------------------------------------------------------
[TEST backend:pcd] TOTAL                                                                                        10263   4069   1828    187    55%
[TEST backend:pcd] Coverage HTML written to dir coverage
[TEST backend:pcd] ================= 116 passed, 62 warnings in 165.64s (0:02:45) =================
=== [TEST] Backend integration ===
============================= test session starts ==============================
platform linux -- Python 3.11.4, pytest-9.1.1, pluggy-1.6.0
rootdir: /home/cyrusleung/st-annotator/tests/backend
configfile: pyproject.toml
testpaths: .
plugins: xdist-3.8.0, anyio-4.14.2, cov-7.1.0, hypothesis-6.165.10, dash-4.4.1
created: 8/8 workers
8 workers [87 items]

........................................................................ [ 82%]
...............                                                          [100%]
=============================== warnings summary ===============================
../../.venv/lib/python3.11/site-packages/passlib/utils/__init__.py:854
../../.venv/lib/python3.11/site-packages/passlib/utils/__init__.py:854
../../.venv/lib/python3.11/site-packages/passlib/utils/__init__.py:854
../../.venv/lib/python3.11/site-packages/passlib/utils/__init__.py:854
../../.venv/lib/python3.11/site-packages/passlib/utils/__init__.py:854
../../.venv/lib/python3.11/site-packages/passlib/utils/__init__.py:854
../../.venv/lib/python3.11/site-packages/passlib/utils/__init__.py:854
../../.venv/lib/python3.11/site-packages/passlib/utils/__init__.py:854
../../.venv/lib/python3.11/site-packages/passlib/utils/__init__.py:854
  /home/cyrusleung/st-annotator/.venv/lib/python3.11/site-packages/passlib/utils/__init__.py:854: DeprecationWarning: 'crypt' is deprecated and slated for removal in Python 3.13
    from crypt import crypt as _crypt

../../.venv/lib/python3.11/site-packages/passlib/handlers/argon2.py:716
../../.venv/lib/python3.11/site-packages/passlib/handlers/argon2.py:716
../../.venv/lib/python3.11/site-packages/passlib/handlers/argon2.py:716
../../.venv/lib/python3.11/site-packages/passlib/handlers/argon2.py:716
../../.venv/lib/python3.11/site-packages/passlib/handlers/argon2.py:716
../../.venv/lib/python3.11/site-packages/passlib/handlers/argon2.py:716
../../.venv/lib/python3.11/site-packages/passlib/handlers/argon2.py:716
../../.venv/lib/python3.11/site-packages/passlib/handlers/argon2.py:716
../../.venv/lib/python3.11/site-packages/passlib/handlers/argon2.py:716
  /home/cyrusleung/st-annotator/.venv/lib/python3.11/site-packages/passlib/handlers/argon2.py:716: DeprecationWarning: Accessing argon2.__version__ is deprecated and will be removed in a future release. Use importlib.metadata directly to query for argon2-cffi's packaging metadata.
    _argon2_cffi.__version__, max_version)

../../.venv/lib/python3.11/site-packages/sqlmodel/main.py:582: 32 warnings
  /home/cyrusleung/st-annotator/.venv/lib/python3.11/site-packages/sqlmodel/main.py:582: PydanticDeprecatedSince211: Annotation 'srid' is marked as final and has a default value. Pydantic treats 'srid' as a class variable, but it will be considered as a normal field in V3 to be aligned with dataclasses. If you still want 'srid' to be considered as a class variable, annotate it as: `ClassVar[<type>] = <default>.`. Deprecated in Pydantic V2.11 to be removed in V3.0.
    "SQLModel", super().__new__(cls, name, bases, dict_used, **config_kwargs)

../../.venv/lib/python3.11/site-packages/sqlmodel/main.py:582: 32 warnings
  /home/cyrusleung/st-annotator/.venv/lib/python3.11/site-packages/sqlmodel/main.py:582: PydanticDeprecatedSince211: Annotation 'output_dimension' is marked as final and has a default value. Pydantic treats 'output_dimension' as a class variable, but it will be considered as a normal field in V3 to be aligned with dataclasses. If you still want 'output_dimension' to be considered as a class variable, annotate it as: `ClassVar[<type>] = <default>.`. Deprecated in Pydantic V2.11 to be removed in V3.0.
    "SQLModel", super().__new__(cls, name, bases, dict_used, **config_kwargs)

../../.venv/lib/python3.11/site-packages/sqlmodel/main.py:582: 32 warnings
  /home/cyrusleung/st-annotator/.venv/lib/python3.11/site-packages/sqlmodel/main.py:582: PydanticDeprecatedSince211: Annotation 'include_z' is marked as final and has a default value. Pydantic treats 'include_z' as a class variable, but it will be considered as a normal field in V3 to be aligned with dataclasses. If you still want 'include_z' to be considered as a class variable, annotate it as: `ClassVar[<type>] = <default>.`. Deprecated in Pydantic V2.11 to be removed in V3.0.
    "SQLModel", super().__new__(cls, name, bases, dict_used, **config_kwargs)

-- Docs: https://docs.pytest.org/en/stable/how-to/capture-warnings.html
====================== 87 passed, 114 warnings in 16.01s =======================
=== [TEST] Frontend integration ===

> test:e2e
> playwright test

[WebServer] Development mode: dropping and recreating database 'cyrus_db_test' before serving.
[WebServer] INFO:     Started server process [1507081]
[WebServer] INFO:     Waiting for application startup.
[WebServer] INFO:     Application startup complete.
[WebServer] INFO:     Uvicorn running on http://localhost:8000 (Press CTRL+C to quit)
[WebServer] The CJS build of Vite's Node API is deprecated. See https://vite.dev/guide/troubleshooting.html#vite-cjs-node-api-deprecated for more details.

Running 13 tests using 1 worker

  ✓   1 [chromium] › handbook-account.spec.ts:79:3 › handbook account workflows › opens profile and settings routes (10.0s)
  ✓   2 [chromium] › handbook-account.spec.ts:127:3 › handbook account workflows › admin creates and updates accounts (13.3s)
  ✓   3 [chromium] › handbook-account.spec.ts:181:3 › handbook account workflows › a user updates their own account credentials (19.8s)
  ✓   4 [chromium] › handbook-account.spec.ts:231:3 › handbook account workflows › admin removes the temporary account (14.4s)
[WebServer] Each child in a list should have a unique "key" prop.
[WebServer] 
[WebServer] Check the render method of `Nav`. It was passed a child from Dashboard. See https://react.dev/link/warning-keys for more information.
[WebServer] Each child in a list should have a unique "key" prop.
[WebServer] 
[WebServer] Check the render method of `Nav`. It was passed a child from Dashboard. See https://react.dev/link/warning-keys for more information.
[WebServer] Each child in a list should have a unique "key" prop.
[WebServer] 
[WebServer] Check the render method of `Nav`. It was passed a child from Dashboard. See https://react.dev/link/warning-keys for more information.
[WebServer] Each child in a list should have a unique "key" prop.
[WebServer] 
[WebServer] Check the render method of `Nav`. It was passed a child from Dashboard. See https://react.dev/link/warning-keys for more information.
[WebServer] Each child in a list should have a unique "key" prop.
[WebServer] 
[WebServer] Check the render method of `Nav`. It was passed a child from Dashboard. See https://react.dev/link/warning-keys for more information.
[WebServer] Each child in a list should have a unique "key" prop.
[WebServer] 
[WebServer] Check the render method of `Nav`. It was passed a child from Dashboard. See https://react.dev/link/warning-keys for more information.
  ✓   5 [chromium] › handbook-data.spec.ts:402:3 › handbook data workflows › creates source, label, repository, and branch data (1.4m)
[WebServer] Each child in a list should have a unique "key" prop.
[WebServer] 
[WebServer] Check the render method of `Nav`. It was passed a child from Dashboard. See https://react.dev/link/warning-keys for more information.
[WebServer] Each child in a list should have a unique "key" prop.
[WebServer] 
[WebServer] Check the render method of `Nav`. It was passed a child from Dashboard. See https://react.dev/link/warning-keys for more information.
[WebServer] Each child in a list should have a unique "key" prop.
[WebServer] 
[WebServer] Check the render method of `Nav`. It was passed a child from Dashboard. See https://react.dev/link/warning-keys for more information.
[WebServer] Each child in a list should have a unique "key" prop.
[WebServer] 
[WebServer] Check the render method of `Nav`. It was passed a child from Dashboard. See https://react.dev/link/warning-keys for more information.
  ✓   6 [chromium] › handbook-data.spec.ts:665:3 › handbook data workflows › enforces data and branch permissions (55.1s)
  ✓   7 [chromium] › handbook-data.spec.ts:704:3 › handbook data workflows › cleans up data workflow fixtures (30.0s)
  ✓   8 [chromium] › handbook-projects.spec.ts:1003:3 › handbook project workflows › creates and edits the project and task workflow (33.7s)
  ✓   9 [chromium] › handbook-projects.spec.ts:1124:3 › handbook project workflows › updates projects and tasks when assignments are not visible (9.1s)
  ✓  10 [chromium] › handbook-projects.spec.ts:1172:3 › handbook project workflows › manages annotate and review frames and their recent-frame routes (59.7s)
  ✓  11 [chromium] › handbook-projects.spec.ts:1308:3 › handbook project workflows › enforces manager, annotator, and supervisor frame permissions (1.7m)
  ✓  12 [chromium] › handbook-projects.spec.ts:1430:3 › handbook project workflows › warns when a task assignee loses branch write access (6.0s)
  ✓  13 [chromium] › handbook-projects.spec.ts:1512:3 › handbook project workflows › cleans up the project workflow fixtures (1.3m)

  13 passed (8.9m)

> test:e2e:auth
> playwright test -c playwright.auth.config.ts

[WebServer] Development mode: dropping and recreating database 'cyrus_db_test' before serving.
[WebServer] INFO:     Started server process [1510578]
[WebServer] INFO:     Waiting for application startup.
[WebServer] INFO:     Application startup complete.
[WebServer] INFO:     Uvicorn running on http://localhost:8000 (Press CTRL+C to quit)
[WebServer] The CJS build of Vite's Node API is deprecated. See https://vite.dev/guide/troubleshooting.html#vite-cjs-node-api-deprecated for more details.

Running 1 test using 1 worker

  ✓  1 [chromium] › auth-refresh.spec.ts:13:1 › expired access tokens rotate transparently through the refresh loop (13.5s)

  1 passed (30.7s)

> test:e2e:with-data
> playwright test -c playwright.with-data.config.ts

[WebServer] INFO:     Started server process [1511098]
[WebServer] INFO:     Waiting for application startup.
[WebServer] INFO:     Application startup complete.
[WebServer] INFO:     Uvicorn running on http://localhost:8000 (Press CTRL+C to quit)
[WebServer] The CJS build of Vite's Node API is deprecated. See https://vite.dev/guide/troubleshooting.html#vite-cjs-node-api-deprecated for more details.

Running 86 tests using 1 worker

  ✓   1 [chromium] › with-data/assistant-labeling.spec.ts:189:1 › the editor encodes the displayed point cloud for the labeling assistant (9.2s)
  ✓   2 [chromium] › with-data/assistant-labeling.spec.ts:211:1 › point prompts predict a mask and create a segmentation selection (11.1s)
  ✓   3 [chromium] › with-data/assistant-labeling.spec.ts:253:1 › a failed mask prediction keeps the editor state intact (9.8s)
  ✓   4 [chromium] › with-data/assistant-labeling.spec.ts:285:1 › assistant Background mode sends background labels (10.5s)
  ✓   5 [chromium] › with-data/assistant-labeling.spec.ts:295:1 › a right-click assistant prompt sends a background label (10.3s)
  ✓   6 [chromium] › with-data/assistant-labeling.spec.ts:308:1 › assistant predictions retain all foreground and background prompts (12.3s)
  ✓   7 [chromium] › with-data/assistant-labeling.spec.ts:336:1 › assistant Number of Prompts delays prediction until the configured count (11.7s)
  ✓   8 [chromium] › with-data/assistant-labeling.spec.ts:351:1 › assistant Mask Threshold rejects logits below the configured threshold (10.1s)
  ✓   9 [chromium] › with-data/editor-bbox-pointer-routing.spec.ts:470:3 › bbox pointer routing › real pointer gestures reach bbox gizmo handles, continuation hovers, and the ground-relative translate path (33.2s)
  ✓  10 [chromium] › with-data/editor-frame-status.spec.ts:48:1 › Incomplete/Complete frame status persists across page reloads (15.4s)
  ✓  11 [chromium] › with-data/editor-frame-status.spec.ts:81:1 › Frame Progress content updates when the current frame status changes (7.7s)
  ✓  12 [chromium] › with-data/editor-frame-status.spec.ts:103:1 › Shift+C and Shift+Z cycle status while navigating and preserve the changes (14.9s)
  ✓  13 [chromium] › with-data/editor-hotkeys.spec.ts:44:3 › annotation editor hotkeys › general navigation and camera hotkeys change real editor state (10.8s)
  ✓  14 [chromium] › with-data/editor-hotkeys.spec.ts:89:3 › annotation editor hotkeys › point-cloud hotkeys reload filtered data and deactivate cleanly (11.7s)
  ✓  15 [chromium] › with-data/editor-hotkeys.spec.ts:138:3 › annotation editor hotkeys › Space starts and pauses real frame playback (8.5s)
  ✓  16 [chromium] › with-data/editor-hotkeys.spec.ts:163:3 › annotation editor hotkeys › bbox hotkeys drive actions, drawing origin, transforms, preferences, and deactivate cleanly (10.9s)
  ✓  17 [chromium] › with-data/editor-hotkeys.spec.ts:234:3 › annotation editor hotkeys › bbox T toggles tooltips while the bbox layer is active (8.1s)
  ✓  18 [chromium] › with-data/editor-hotkeys.spec.ts:250:3 › annotation editor hotkeys › bbox Shift constrains drawing while held (10.5s)
  ✓  19 [chromium] › with-data/editor-hotkeys.spec.ts:307:3 › annotation editor hotkeys › bbox G creates a box when its class has no default size (9.0s)
  ✓  20 [chromium] › with-data/editor-hotkeys.spec.ts:346:3 › annotation editor hotkeys › bbox G applies the selected class default size (9.0s)
  ✓  21 [chromium] › with-data/editor-hotkeys.spec.ts:383:3 › annotation editor hotkeys › bbox copy, paste, and delete hotkeys update the inspected labels (8.6s)
  ✓  22 [chromium] › with-data/editor-hotkeys.spec.ts:415:3 › annotation editor hotkeys › vector and segmentation mode hotkeys are routed only to the active layer (10.8s)
  ✓  23 [chromium] › with-data/editor-hotkeys.spec.ts:489:3 › annotation editor hotkeys › segmentation R selects rectangle and leaves the global O orbit shortcut intact (8.3s)
  ✓  24 [chromium] › with-data/editor-hotkeys.spec.ts:511:3 › annotation editor hotkeys › Ctrl+Z and Ctrl+Y route to the labelset undo and redo actions (8.7s)
  ✓  25 [chromium] › with-data/editor-hotkeys.spec.ts:536:3 › annotation editor hotkeys › editor hotkeys stay inert while an input has focus and fire once blurred (12.3s)
  ✓  26 [chromium] › with-data/editor-load.spec.ts:18:1 › deep-link hydration selects the requested project, task, branch, frame, and labels (8.3s)
  ✓  27 [chromium] › with-data/editor-load.spec.ts:69:1 › annotation editor redirects when its project does not exist (6.1s)
  ✓  28 [chromium] › with-data/editor-load.spec.ts:82:1 › label inspector overlays mount without resizing the editor (8.3s)
  ✓  29 [chromium] › with-data/editor-load.spec.ts:101:1 › activating a label layer shows its default interaction hint (7.9s)
  ✓  30 [chromium] › with-data/editor-load.spec.ts:119:1 › editor panels collapse, expand, and drag (7.8s)
  ✓  31 [chromium] › with-data/editor-load.spec.ts:146:1 › a label inspector overlay collapses, expands, and drags independently (8.6s)
  ✓  32 [chromium] › with-data/editor-load.spec.ts:181:1 › minimap can be repositioned by dragging (7.8s)
  ✓  33 [chromium] › with-data/editor-load.spec.ts:214:1 › minimap can be resized from its bottom-right border (9.2s)
  ✓  34 [chromium] › with-data/editor-pointer-gestures.spec.ts:71:1 › main-camera wheel zoom changes the rendered scene in 2D and 3D (10.5s)
  ✓  35 [chromium] › with-data/editor-pointer-gestures.spec.ts:90:1 › main-camera orbit and pan gestures change the 3D scene (10.9s)
  ✓  36 [chromium] › with-data/editor-pointer-gestures.spec.ts:112:1 › right-dragging the minimap pans the synchronized camera (10.8s)
  ✓  37 [chromium] › with-data/editor-pointer-gestures.spec.ts:152:1 › minimap hover displays a coordinate tooltip (7.3s)
  ✓  38 [chromium] › with-data/editor-pointer-gestures.spec.ts:217:3 › label draw gesture lifecycle › a bbox draw completes through pointer capture and commits exactly one box (9.8s)
  ✓  39 [chromium] › with-data/editor-pointer-gestures.spec.ts:253:3 › label draw gesture lifecycle › navigating before pointer-up cancels the bbox draft without committing (10.7s)
  ✓  40 [chromium] › with-data/editor-pointer-gestures.spec.ts:300:3 › label draw gesture lifecycle › switching the active layer mid-gesture cancels the draw and reroutes input (9.4s)
  ✓  41 [chromium] › with-data/editor-pointer-gestures.spec.ts:354:3 › label draw gesture lifecycle › Escape cancels an active draw while Delete stays inert until the gesture settles (11.1s)
  ✓  42 [chromium] › with-data/editor-pointer-gestures.spec.ts:665:1 › label hover routing changes and restores rendered label pixels (36.9s)
  ✓  43 [chromium] › with-data/editor-project-navigation.spec.ts:21:1 › leaving the editor route disposes the runtime and browser history restores it (10.8s)
  ✓  44 [chromium] › with-data/editor-project-navigation.spec.ts:50:3 › project scene navigation controls › frame ID and path-index inputs navigate the real editor (9.7s)
  ✓  45 [chromium] › with-data/editor-project-navigation.spec.ts:110:3 › project scene navigation controls › sort, stride, and show-all controls rebuild the visible frame path (9.0s)
  ✓  46 [chromium] › with-data/editor-project-navigation.spec.ts:156:3 › project scene navigation controls › playback controls start and stop frame traversal (11.4s)
  ✓  47 [chromium] › with-data/editor-project-navigation.spec.ts:178:3 › project scene navigation controls › step buttons navigate in both directions and playback status reports the transition (14.1s)
  ✓  48 [chromium] › with-data/editor-project-navigation.spec.ts:215:3 › project scene navigation controls › Frame-bound content follows navigation and remains read-only (9.0s)
  ✓  49 [chromium] › with-data/editor-project-navigation.spec.ts:253:3 › project scene navigation controls › clicking a frame-path row navigates the real editor (8.1s)
  ✓  50 [chromium] › with-data/editor-project-navigation.spec.ts:287:5 › project scene navigation controls › persisted frame status mutation › right-clicking a frame-path row cycles its persisted completion status (7.5s)
  ✓  51 [chromium] › with-data/editor-project-navigation.spec.ts:356:3 › browser history with dirty and in-flight work › browser back with unsaved changes disposes the runtime; forward restores server state (14.7s)
  ✓  52 [chromium] › with-data/editor-project-navigation.spec.ts:389:3 › browser history with dirty and in-flight work › a dirty editor warns before unloading; a clean editor does not (18.6s)
  ✓  53 [chromium] › with-data/editor-project-navigation.spec.ts:429:3 › browser history with dirty and in-flight work › leaving mid-save aborts the in-flight push; the restored editor stays clean (16.6s)
  ✓  54 [chromium] › with-data/editor-rendering-and-label-workflows.spec.ts:102:3 › editor rendering and label workflows › demand rendering coalesces wake-ups and remains idle after painting (7.2s)
  ✓  55 [chromium] › with-data/editor-rendering-and-label-workflows.spec.ts:124:3 › editor rendering and label workflows › point-cloud preferences change the pixels actually rendered by WebGL (22.3s)
  ✓  56 [chromium] › with-data/editor-rendering-and-label-workflows.spec.ts:261:3 › editor rendering and label workflows › ground-mesh preferences change rendered mesh state (13.6s)
  ✓  57 [chromium] › with-data/editor-rendering-and-label-workflows.spec.ts:352:3 › editor rendering and label workflows › a user can draw, inspect, select, and geometrically edit a bounding box (18.1s)
  ✓  58 [chromium] › with-data/editor-rendering-and-label-workflows.spec.ts:483:5 › editor rendering and label workflows › labelset persistence › Ctrl+S saves a label edit, clears dirty state, and survives reload (14.0s)
  ✓  59 [chromium] › with-data/editor-rendering-and-label-workflows.spec.ts:569:3 › editor rendering and label workflows › bbox center, size, and angle edits update inspector, history, and scene (9.6s)
  ✓  60 [chromium] › with-data/editor-rendering-and-label-workflows.spec.ts:606:3 › editor rendering and label workflows › bbox box-class relationship edits update history and scene (9.0s)
  ✓  61 [chromium] › with-data/editor-rendering-and-label-workflows.spec.ts:642:3 › editor rendering and label workflows › a user can draw point, polyline, and polygon vectors and change their rendered preferences (13.5s)
  ✓  62 [chromium] › with-data/editor-rendering-and-label-workflows.spec.ts:741:3 › editor rendering and label workflows › a locally created vector can be reselected and inspected from the dropdown (8.7s)
  ✓  63 [chromium] › with-data/editor-rendering-and-label-workflows.spec.ts:770:3 › editor rendering and label workflows › vector class relationship edits update history and rendered class styling (9.6s)
  ✓  64 [chromium] › with-data/editor-rendering-and-label-workflows.spec.ts:813:3 › editor rendering and label workflows › vector Delete removes the vector currently being edited (9.4s)
  ✓  65 [chromium] › with-data/editor-rendering-and-label-workflows.spec.ts:852:3 › editor rendering and label workflows › undo and redo remove and restore a newly created vector in the scene (10.5s)
  ✓  66 [chromium] › with-data/editor-rendering-and-label-workflows.spec.ts:885:3 › editor rendering and label workflows › clicking history rows rebases the labelset and rendered scene (10.2s)
  ✓  67 [chromium] › with-data/editor-rendering-and-label-workflows.spec.ts:922:3 › editor rendering and label workflows › vector copy, paste, delete, undo, and redo hotkeys update label state (9.3s)
  ✓  68 [chromium] › with-data/editor-rendering-and-label-workflows.spec.ts:980:3 › editor rendering and label workflows › a user can create segmentation selections with brush, rectangle, lasso, and polygon queries (24.7s)
  ✓  69 [chromium] › with-data/editor-rendering-and-label-workflows.spec.ts:1168:3 › editor rendering and label workflows › segmentation Add and Erase edit modes change an existing selection (13.6s)
  ✓  70 [chromium] › with-data/editor-state-regression.spec.ts:49:1 › label creation stays gated while label data is still loading (11.5s)
  ✓  71 [chromium] › with-data/editor-state-regression.spec.ts:133:1 › Task selector navigates to another task and back with real data reloads (9.2s)
  ✓  72 [chromium] › with-data/editor-state-regression.spec.ts:178:1 › editor mirrors active layer, enabled state, and layer preference state (10.8s)
  ✓  73 [chromium] › with-data/editor-state-regression.spec.ts:221:1 › Enable All and Disable All update every layer in the selected layer tab and the rendered scene (8.7s)
  ✓  74 [chromium] › with-data/editor-vector-pointer-routing.spec.ts:241:3 › vector pointer routing › vertex and whole-vector handle drags route real pointer gestures to the seeded polyline (15.5s)
  ✓  75 [chromium] › with-data/files-browser.spec.ts:142:3 › file explorer › lists directories before files and navigates through parent-derived paths (6.2s)
  ✓  76 [chromium] › with-data/files-browser.spec.ts:191:3 › file explorer › announces a pending directory load over the stale listing (5.9s)
  ✓  77 [chromium] › with-data/files-browser.spec.ts:230:3 › file explorer › downloads a single file under its own name (5.4s)
  ✓  78 [chromium] › with-data/files-browser.spec.ts:248:3 › file explorer › downloads a zip archive for multi-selection (5.5s)
  ✓  79 [chromium] › with-data/grid-filtering.spec.ts:56:3 › server-side grid filtering and sorting › frames grid filters by id and reflects the state in the URL (7.0s)
  ✓  80 [chromium] › with-data/grid-filtering.spec.ts:86:3 › server-side grid filtering and sorting › frames grid sorts by timestamp through the server (7.2s)
  ✓  81 [chromium] › with-data/grid-filtering.spec.ts:132:3 › server-side grid filtering and sorting › frames grid applies filter presets from the URL (10.3s)
  ✓  82 [chromium] › with-data/grid-filtering.spec.ts:185:3 › server-side grid filtering and sorting › projects grid filters by name server-side (6.1s)
  ✓  83 [chromium] › with-data/grid-filtering.spec.ts:204:3 › server-side grid filtering and sorting › source and label group grids filter by name server-side (8.8s)
  ✓  84 [chromium] › with-data/handbook-editor.spec.ts:33:1 › handbook editor page: point cloud layer and preferences controls (14.0s)
  ✓  85 [chromium] › with-data/handbook-editor.spec.ts:80:1 › handbook editor page: bounding box actions, tools, preferences, and clipboard controls (12.1s)
  ✓  86 [chromium] › with-data/interaction-cursors.spec.ts:11:1 › label layers apply their interaction cursors without fighting over them (7.8s)
[WebServer] INFO:     Shutting down
[WebServer] INFO:     Waiting for application shutdown.
[WebServer] INFO:     Application shutdown complete.
[WebServer] INFO:     Finished server process [1511098]

  86 passed (16.2m)
=== RESULT ===
Tests passed (all).
